--------- beginning of crash
F/libc    ( 2484): Fatal signal 11 (SIGSEGV), code 2, fault addr 0x4cd00025 in tid 2484 (.android.dialer)
I/DEBUG   (  236): *** *** *** *** *** *** *** *** *** *** *** *** *** *** *** ***
I/DEBUG   (  236): Build fingerprint: 'oneplus/bacon/A0001:4.4.2/KVT49L/XNPH25R:user/release-keys'
I/DEBUG   (  236): Revision: '0'
I/DEBUG   (  236): ABI: 'arm'
I/DEBUG   (  236): pid: 2484, tid: 2484, name: .android.dialer  >>> com.android.dialer <<<
I/DEBUG   (  236): signal 11 (SIGSEGV), code 2 (SEGV_ACCERR), fault addr 0x4cd00025
I/DEBUG   (  236):     r0 bed85ecc  r1 00000055  r2 00000050  r3 a323f210
I/DEBUG   (  236):     r4 b50fc4e8  r5 00000000  r6 b5107800  r7 72d94f89
I/DEBUG   (  236):     r8 b50fc4e0  r9 4cd00019  sl 0006cb2c  fp 00000000
I/DEBUG   (  236):     ip b5e43de8  sp bed85de8  lr b6f9263f  pc b508f8fc  cpsr 800d0030
I/DEBUG   (  236): 
I/DEBUG   (  236): backtrace:
I/DEBUG   (  236):     #00 pc 0027e8fc  /system/lib/libart.so (artQuickResolutionTrampoline+699)
I/DEBUG   (  236):     #01 pc 000a22bb  /system/lib/libart.so (art_quick_resolution_trampoline+10)
I/DEBUG   (  236):     #02 pc 00000000  <unknown>
--------- beginning of system
D/StrictMode( 1094): Wrote violation #0 of 1: 21540 bytes
F/StrictMode(  764): Stack is too large: numViolations=1 policy=#387 front=3)
F/StrictMode(  764): 	at java.io.File.exists(File.java:363)
F/StrictMode(  764): 	at com.android.server.wallpaper.WallpaperManagerService.getKeyguardWallpaper(WallpaperManagerService.java:917)
F/StrictMode(  764): 	at android.app.IWallpaperManager$Stub.onTransact(IWallpaperManager.java:124)
F/StrictMode(  764): 	at android.os.Binder.transact(Binder.java:380)
F/StrictMode(  764): 	at com.qihoo360.mobilesafe.loadedmgr.b.n.a(SourceFile:276)
F/StrictMode(  764): 	at com.qihoo360.mobilesafe.loaded.SystemServerJar$FilterInstance.filterExecTransact(SourceFile:428)
F/StrictMode(  764): 	at com.qihoo360.mobilesafe.loadednative.NativeManager.execTransact(SourceFile:291)
F/StrictMode(  764): # via Binder call with stack:
F/StrictMode(  764): android.os.StrictMode$LogStackTrace
F/StrictMode(  764): 	at android.os.StrictMode.readAndHandleBinderCallViolations(StrictMode.java:1717)
F/StrictMode(  764): 	at android.os.Parcel.readExceptionCode(Parcel.java:1521)
F/StrictMode(  764): 	at android.os.Parcel.readException(Parcel.java:1490)
F/StrictMode(  764): 	at android.app.IWallpaperManager$Stub$Proxy.getKeyguardWallpaper(IWallpaperManager.java:373)
F/StrictMode(  764): 	at android.app.WallpaperManager$Globals.getCurrentKeyguardWallpaperLocked(WallpaperManager.java:340)
F/StrictMode(  764): 	at android.app.WallpaperManager$Globals.peekKeyguardWallpaperBitmap(WallpaperManager.java:292)
F/StrictMode(  764): 	at android.app.WallpaperManager.getKeyguardBitmap(WallpaperManager.java:689)
F/StrictMode(  764): 	at com.android.systemui.statusbar.phone.PhoneStatusBar.updateMediaMetaData(PhoneStatusBar.java:2153)
F/StrictMode(  764): 	at com.android.systemui.statusbar.phone.PhoneStatusBar.updateKeyguardState(PhoneStatusBar.java:4089)
F/StrictMode(  764): 	at com.android.systemui.statusbar.phone.PhoneStatusBar.hideKeyguard(PhoneStatusBar.java:4027)
F/StrictMode(  764): 	at com.android.systemui.statusbar.phone.StatusBarKeyguardViewManager.hide(StatusBarKeyguardViewManager.java:263)
F/StrictMode(  764): 	at com.android.systemui.keyguard.KeyguardViewMediator.handleStartKeyguardExitAnimation(KeyguardViewMediator.java:1361)
F/StrictMode(  764): 	at com.android.systemui.keyguard.KeyguardViewMediator.access$2600(KeyguardViewMediator.java:116)
F/StrictMode(  764): 	at com.android.systemui.keyguard.KeyguardViewMediator$4.handleMessage(KeyguardViewMediator.java:1151)
F/StrictMode(  764): 	at android.os.Handler.dispatchMessage(Handler.java:102)
F/StrictMode(  764): 	at android.os.Looper.loop(Looper.java:135)
F/StrictMode(  764): 	at android.app.ActivityThread.main(ActivityThread.java:5223)
F/StrictMode(  764): 	at java.lang.reflect.Method.invoke(Native Method)
F/StrictMode(  764): 	at java.lang.reflect.Method.invoke(Method.java:372)
F/StrictMode(  764): 	at com.android.internal.os.ZygoteInit$MethodAndArgsCaller.run(ZygoteInit.java:898)
F/StrictMode(  764): 	at com.android.internal.os.ZygoteInit.main(ZygoteInit.java:693)
F/StrictMode(  764): # via Binder call with stack:
F/StrictMode(  764): android.os.StrictMode$LogStackTrace
F/StrictMode(  764): 	at android.os.StrictMode.readAndHandleBinderCallViolations(StrictMode.java:1717)
F/StrictMode(  764): 	at android.os.Parcel.readExceptionCode(Parcel.java:1521)
F/StrictMode(  764): 	at android.os.Parcel.readException(Parcel.java:1490)
F/StrictMode(  764): 	at com.android.internal.policy.IKeyguardService$Stub$Proxy.isSecure(IKeyguardService.java:272)
F/StrictMode(  764): 	at com.android.internal.policy.impl.keyguard.KeyguardServiceWrapper.isSecure(KeyguardServiceWrapper.java:54)
F/StrictMode(  764): 	at com.android.internal.policy.impl.keyguard.KeyguardServiceDelegate.isSecure(KeyguardServiceDelegate.java:197)
F/StrictMode(  764): 	at com.android.internal.policy.impl.PhoneWindowManager.isKeyguardSecure(PhoneWindowManager.java:5727)
F/StrictMode(  764): 	at com.android.internal.policy.impl.PhoneWindowManager.applyPostLayoutPolicyLw(PhoneWindowManager.java:4406)
F/StrictMode(  764): 	at com.android.server.wm.WindowManagerService.performLayoutAndPlaceSurfacesLockedInner(WindowManagerService.java:9643)
F/StrictMode(  764): 	at com.android.server.wm.WindowManagerService.performLayoutAndPlaceSurfacesLockedLoop(WindowManagerService.java:8714)
F/StrictMode(  764): 	at com.android.server.wm.WindowManagerService.performLayoutAndPlaceSurfacesLocked(WindowManagerService.java:8656)
F/StrictMode(  764): 	at com.android.server.wm.WindowManagerService.relayoutWindow(WindowManagerService.java:3240)
F/StrictMode(  764): 	at com.android.server.wm.Session.relayout(Session.java:196)
F/StrictMode(  764): 	at android.view.IWindowSession$Stub.onTransact(IWindowSession.java:237)
F/StrictMode(  764): 	at com.android.server.wm.Session.onTransact(Session.java:130)
F/StrictMode(  764): 	at android.os.Binder.transact(Binder.java:380)
F/StrictMode(  764): 	at com.qihoo360.mobilesafe.loadedmgr.b.n.a(SourceFile:276)
F/StrictMode(  764): 	at com.qihoo360.mobilesafe.loaded.SystemServerJar$FilterInstance.filterExecTransact(SourceFile:428)
F/StrictMode(  764): 	at com.qihoo360.mobilesafe.loadednative.NativeManager.exe
I/ActivityManager(  764): Start proc com.eico.weico.weicoservice for service com.eico.weico/.service.WeicoNewMsgPullService: pid=2728 uid=10101 gids={50101, 9997, 3003, 1028, 1015} abi=armeabi-v7a
D/MccTable( 1693): getLocaleForLanguageCountry: skipping already persisted
D/MccTable( 1693): setSystemLocale: no locale
W/ActivityManager(  764): Unable to start service Intent { act=com.google.android.googlequicksearchbox.HOTWORD_SERVICE pkg=com.google.android.googlequicksearchbox } U=0: not found
--------- beginning of main
D/QC-time-services(  254): Daemon:Value read from RTC seconds = 623086000
D/QC-time-services(  254): Daemon:new time 1421308090227 
D/QC-time-services(  254): Daemon: delta 1420685004227 genoff 1420685004227 
D/QC-time-services(  254): Daemon:genoff_persistent_update: Writing genoff = 1420685004227 to memory
D/QC-time-services(  254): Daemon:Opening File: /data/time/ats_2
D/QC-time-services(  254): Daemon:time_persistent_memory_opr:Genoff write operation 
V/SlidingMenu( 1774): setting padding!
D/PhoneStatusBarPolicy( 1094): updateSimState for subId :-1
D/PhoneStatusBarPolicy( 1094): updateSimState for phoneId :0
D/QC-time-services(  254): Updating the TOD offset
D/QC-time-services(  254): Daemon:genoff_persistent_update: Writing genoff = 1420685004227 to memory
D/QC-time-services(  254): Daemon:Opening File: /data/time/ats_1
D/QC-time-services(  254): Daemon:time_persistent_memory_opr:Genoff write operation 
E/QC-time-services(  254): Daemon:Update to modem bit set
D/QC-time-services(  254): Daemon:genoff_send_modem: Sending data to MODEM !
D/QC-time-services(  254): Daemon: Base = 2, Value being sent to MODEM = 1104720204227
E/QC-time-services( 2458): Receive Passed == base = 2, unit = 1, operation = 0, result = 0
E/QC-time-services(  254): Daemon:tod_update_ind_cb: Got Update from modem msg_id 40
E/QC-time-services(  254): Daemon: Time-services: Waiting to acceptconnection
D/PhoneApp( 1693): getPhone phoneId:0
D/PhoneStatusBarPolicy( 1094): updateSimState for Slot :-1
V/CustomViewBehind( 1774): behind INVISIBLE
D/StrictMode( 1693): Wrote violation #0 of 5: 17676 bytes
D/StrictMode( 1693): Wrote violation #1 of 5: 17628 bytes
D/StrictMode( 1693): Wrote violation #2 of 5: 17628 bytes
D/StrictMode( 1693): Wrote violation #3 of 5: 18252 bytes
D/StrictMode( 1693): Wrote violation #4 of 5: 18252 bytes
D/GpsLocationProvider(  764): SIM MCC/MNC is available: 46002
D/GpsLocationProvider(  764): Reset GPS properties, previous size = 17
D/GpsLocationProvider(  764): GpsParamsResource: SUPL_HOST=supl.google.com
D/GpsLocationProvider(  764): GpsParamsResource: SUPL_PORT=7275
D/GpsLocationProvider(  764): GpsParamsResource: NTP_SERVER=north-america.pool.ntp.org
D/GpsLocationProvider(  764): GpsParamsResource: SUPL_VER=0x20000
D/GpsLocationProvider(  764): GpsParamsResource: SUPL_MODE=1
W/ResourceType( 1774): No known package when getting name for resource number 0x9b000000
D/GpsLocationProvider(  764): GPS properties reloaded, size = 17
E/LocSvc_eng(  764): W/set_server called before init. save the address, type: 3, hostname: supl.google.com, port: 7275
W/View    ( 1774): requestLayout() improperly called by com.kk.launcher.BubbleTextView{ddf5075 VFED..CL ......ID 0,0-201,216 #9b000000} during layout: running second layout pass
W/ResourceType( 1774): No known package when getting name for resource number 0x9b010100
W/View    ( 1774): requestLayout() improperly called by com.kk.launcher.BubbleTextView{2ee4787b VFED..CL ......ID 201,0-402,216 #9b010100} during layout: running second layout pass
W/ResourceType( 1774): No known package when getting name for resource number 0x9b020200
W/View    ( 1774): requestLayout() improperly called by com.kk.launcher.BubbleTextView{3e1ef698 VFED..CL ......ID 402,0-603,216 #9b020200} during layout: running second layout pass
W/ResourceType( 1774): No known package when getting name for resource number 0x9b030300
W/View    ( 1774): requestLayout() improperly called by com.kk.launcher.BubbleTextView{33e17ef1 VFED..CL ......ID 603,0-804,216 #9b030300} during layout: running second layout pass
W/ResourceType( 1774): No known package when getting name for resource number 0x9b040400
W/View    ( 1774): requestLayout() improperly called by com.kk.launcher.BubbleTextView{2b16aad6 VFED..CL ......ID 804,0-1005,216 #9b040400} during layout: running second layout pass
D/GpsLocationProvider(  764): GPS configuration:
D/GpsLocationProvider(  764):  #Thu Jan 15 15:48:10 GMT+08:00 2015
D/GpsLocationProvider(  764): SUPL_HOST=supl.google.com
D/GpsLocationProvider(  764): XTRA_SERVER_3=http\://xtrapath3.izatcloud.net/xtra2.bin
D/GpsLocationProvider(  764): XTRA_SERVER_1=http\://xtrapath1.izatcloud.net/xtra2.bin
D/GpsLocationProvider(  764): SUPL_PORT=7275
D/GpsLocationProvider(  764): DEBUG_LEVEL=2
D/GpsLocationProvider(  764): XTRA_SERVER_2=http\://xtrapath2.izatcloud.net/xtra2.bin
D/GpsLocationProvider(  764): SUPL_ES=1
D/GpsLocationProvider(  764): NMEA_PROVIDER=0
D/GpsLocationProvider(  764): CAPABILITIES=0x31
D/GpsLocationProvider(  764): SUPL_VER=0x10000
D/GpsLocationProvider(  764): ERR_ESTIMATE=0
D/GpsLocationProvider(  764): A_GLONASS_POS_PROTOCOL_SELECT=0
D/GpsLocationProvider(  764): INTERMEDIATE_POS=0
D/GpsLocationProvider(  764): SGLTE_TARGET=0
D/GpsLocationProvider(  764): LPP_PROFILE=0
D/GpsLocationProvider(  764): NTP_SERVER=time.izatcloud.net
D/GpsLocationProvider(  764): SUPL_MODE=1
D/GpsLocationProvider(  764): final config = #Thu Jan 15 15:48:10 GMT+08:00 2015
D/GpsLocationProvider(  764): SUPL_HOST=supl.google.com
D/GpsLocationProvider(  764): XTRA_SERVER_3=http\://xtrapath3.izatcloud.net/xtra2.bin
D/GpsLocationProvider(  764): XTRA_SERVER_1=http\://xtrapath1.izatcloud.net/xtra2.bin
D/GpsLocationProvider(  764): SUPL_PORT=7275
D/GpsLocationProvider(  764): DEBUG_LEVEL=2
D/GpsLocationProvider(  764): XTRA_SERVER_2=http\://xtrapath2.izatcloud.net/xtra2.bin
D/GpsLocationProvider(  764): SUPL_ES=1
D/GpsLocationProvider(  764): NMEA_PROVIDER=0
D/GpsLocationProvider(  764): CAPABILITIES=0x31
D/GpsLocationProvider(  764): SUPL_VER=0x10000
D/GpsLocationProvider(  764): ERR_ESTIMATE=0
D/GpsLocationProvider(  764): A_GLONASS_POS_PROTOCOL_SELECT=0
D/GpsLocationProvider(  764): INTERMEDIATE_POS=0
D/GpsLocationProvider(  764): SGLTE_TARGET=0
D/GpsLocationProvider(  764): LPP_PROFILE=0
D/GpsLocationProvider(  764): NTP_SERVER=time.izatcloud.net
D/GpsLocationProvider(  764): SUPL_MODE=1
D/GpsLocationProvider(  764): received SIM realted action: android.intent.action.SIM_STATE_CHANGED
E/QC-time-services(  254): Daemon:tod_update_ind_cb: Got Update from modem msg_id 39
D/GpsLocationProvider(  764): SIM MCC/MNC is available: 46002
D/GpsLocationProvider(  764): Reset GPS properties, previous size = 17
D/GpsLocationProvider(  764): GpsParamsResource: SUPL_HOST=supl.google.com
D/GpsLocationProvider(  764): GpsParamsResource: SUPL_PORT=7275
D/GpsLocationProvider(  764): GpsParamsResource: NTP_SERVER=north-america.pool.ntp.org
D/GpsLocationProvider(  764): GpsParamsResource: SUPL_VER=0x20000
D/GpsLocationProvider(  764): GpsParamsResource: SUPL_MODE=1
D/QC-time-services(  237): Lib:time_genoff_operation: pargs->base = 13
D/QC-time-services(  237): Lib:time_genoff_operation: pargs->operation = 0
D/QC-time-services(  237): Lib:time_genoff_operation: pargs->ts_val = 1421308090000
D/QC-time-services(  237): Lib:time_genoff_operation: Send to server  passed!!
D/QC-time-services(  254): Daemon: Connection accepted:time_genoff
D/StrictMode(  764): Wrote violation #0 of 5: 19508 bytes
D/StrictMode(  764): Wrote violation #1 of 5: 19456 bytes
D/StrictMode(  764): Wrote violation #2 of 5: 19460 bytes
D/StrictMode(  764): Wrote violation #3 of 5: 20080 bytes
D/StrictMode(  764): Wrote violation #4 of 5: 20080 bytes
D/QC-time-services(  254): Daemon:Received base = 13, unit = 1, operation = 0,value = 1421308090000
D/QC-time-services(  254): Daemon:genoff_opr: Base = 13, val = 1421308090000, operation = 0
D/QC-time-services(  254): Daemon:rtc_get: Time read from RTC -- MM/DD/YY HH:MM:SS0/8/70 5:4:46
D/QC-time-services(  254): Daemon:Value read from RTC seconds = 623086000
D/QC-time-services(  254): Daemon:new time 1421308090000 
D/QC-time-services(  254): Daemon: delta 1420685004000 genoff 1420685004000 
D/QC-time-services(  254): Daemon:genoff_persistent_update: Writing genoff = 1420685004000 to memory
D/QC-time-services(  254): Daemon:Opening File: /data/time/ats_13
D/QC-time-services(  254): Daemon:time_persistent_memory_opr:Genoff write operation 
D/MccTable( 1693): updateMccMncConfiguration mccmnc='46002' fromServiceState=false
D/MccTable( 1693): updateMccMncConfiguration defaultMccMnc=46002
D/MccTable( 1693): updateMccMncConfiguration: mcc=460, mnc=2
D/MccTable( 1693): getLocaleFromMcc to zh_cn mcc=460
D/MccTable( 1693): getLocaleForLanguageCountry: skipping already persisted
D/MccTable( 1693): updateMccMncConfiguration updateConfig config={1.0 460mcc2mnc ?locale ?layoutDir ?swdp ?wdp ?hdp ?density ?lsize ?long ?orien ?uimode ?night ?touch ?keyb/?/? ?nav/?}
E/QC-time-services(  254): Daemon: Time-services: Waiting to acceptconnection
E/QC-time-services(  237): Receive Passed == base = 13, unit = 1, operation = 0, result = 0
D/PhoneApp( 1693): getPhone phoneId:0
E/ActivityThread( 1774): Activity com.kk.launcher.Launcher has leaked ServiceConnection com.google.android.hotword.client.HotwordServiceClient$HotwordServiceConnection@1b6cad16 that was originally bound here
E/ActivityThread( 1774): android.app.ServiceConnectionLeaked: Activity com.kk.launcher.Launcher has leaked ServiceConnection com.google.android.hotword.client.HotwordServiceClient$HotwordServiceConnection@1b6cad16 that was originally bound here
E/ActivityThread( 1774): 	at android.app.LoadedApk$ServiceDispatcher.<init>(LoadedApk.java:1072)
E/ActivityThread( 1774): 	at android.app.LoadedApk.getServiceDispatcher(LoadedApk.java:966)
E/ActivityThread( 1774): 	at android.app.ContextImpl.bindServiceCommon(ContextImpl.java:1775)
E/ActivityThread( 1774): 	at android.app.ContextImpl.bindService(ContextImpl.java:1758)
E/ActivityThread( 1774): 	at android.content.ContextWrapper.bindService(ContextWrapper.java:538)
E/ActivityThread( 1774): 	at com.google.android.hotword.client.HotwordServiceClient.internalBind(HotwordServiceClient.java)
E/ActivityThread( 1774): 	at com.google.android.hotword.client.HotwordServiceClient.onAttachedToWindow(HotwordServiceClient.java)
E/ActivityThread( 1774): 	at com.kk.launcher.Launcher.onAttachedToWindow(Launcher.java)
E/ActivityThread( 1774): 	at com.android.internal.policy.impl.PhoneWindow$DecorView.onAttachedToWindow(PhoneWindow.java:3082)
E/ActivityThread( 1774): 	at android.view.View.dispatchAttachedToWindow(View.java:13406)
E/ActivityThread( 1774): 	at android.view.ViewGroup.dispatchAttachedToWindow(ViewGroup.java:2707)
E/ActivityThread( 1774): 	at android.view.ViewRootImpl.performTraversals(ViewRootImpl.java:1292)
E/ActivityThread( 1774): 	at android.view.ViewRootImpl.doTraversal(ViewRootImpl.java:1054)
E/ActivityThread( 1774): 	at android.view.ViewRootImpl$TraversalRunnable.run(ViewRootImpl.java:5786)
E/ActivityThread( 1774): 	at android.view.Choreographer$CallbackRecord.run(Choreographer.java:767)
E/ActivityThread( 1774): 	at android.view.Choreographer.doCallbacks(Choreographer.java:580)
E/ActivityThread( 1774): 	at android.view.Choreographer.doFrame(Choreographer.java:550)
E/ActivityThread( 1774): 	at android.view.Choreographer$FrameDisplayEventReceiver.run(Choreographer.java:753)
E/ActivityThread( 1774): 	at android.os.Handler.handleCallback(Handler.java:739)
E/ActivityThread( 1774): 	at android.os.Handler.dispatchMessage(Handler.java:95)
E/ActivityThread( 1774): 	at android.os.Looper.loop(Looper.java:135)
E/ActivityThread( 1774): 	at android.app.ActivityThread.main(ActivityThread.java:5223)
E/ActivityThread( 1774): 	at java.lang.reflect.Method.invoke(Native Method)
E/ActivityThread( 1774): 	at java.lang.reflect.Method.invoke(Method.java:372)
E/ActivityThread( 1774): 	at com.android.internal.os.ZygoteInit$MethodAndArgsCaller.run(ZygoteInit.java:898)
E/ActivityThread( 1774): 	at com.android.internal.os.ZygoteInit.main(ZygoteInit.java:693)
D/GpsLocationProvider(  764): GPS properties reloaded, size = 17
E/LocSvc_eng(  764): W/set_server called before init. save the address, type: 3, hostname: supl.google.com, port: 7275
W/ActivityManager(  764): Unbind failed: could not find connection for android.os.BinderProxy@215110dc
D/PhoneApp( 1693): getPhone phoneId:0
D/GpsLocationProvider(  764): GPS configuration:
D/GpsLocationProvider(  764):  #Thu Jan 15 15:48:10 GMT+08:00 2015
D/GpsLocationProvider(  764): SUPL_HOST=supl.google.com
D/GpsLocationProvider(  764): XTRA_SERVER_3=http\://xtrapath3.izatcloud.net/xtra2.bin
D/GpsLocationProvider(  764): XTRA_SERVER_1=http\://xtrapath1.izatcloud.net/xtra2.bin
D/GpsLocationProvider(  764): SUPL_PORT=7275
D/GpsLocationProvider(  764): DEBUG_LEVEL=2
D/GpsLocationProvider(  764): XTRA_SERVER_2=http\://xtrapath2.izatcloud.net/xtra2.bin
D/GpsLocationProvider(  764): SUPL_ES=1
D/GpsLocationProvider(  764): NMEA_PROVIDER=0
D/GpsLocationProvider(  764): CAPABILITIES=0x31
D/GpsLocationProvider(  764): SUPL_VER=0x10000
D/GpsLocationProvider(  764): ERR_ESTIMATE=0
D/GpsLocationProvider(  764): A_GLONASS_POS_PROTOCOL_SELECT=0
D/GpsLocationProvider(  764): INTERMEDIATE_POS=0
D/GpsLocationProvider(  764): SGLTE_TARGET=0
D/GpsLocationProvider(  764): LPP_PROFILE=0
D/GpsLocationProvider(  764): NTP_SERVER=time.izatcloud.net
D/GpsLocationProvider(  764): SUPL_MODE=1
D/GpsLocationProvider(  764): final config = #Thu Jan 15 15:48:10 GMT+08:00 2015
D/GpsLocationProvider(  764): SUPL_HOST=supl.google.com
D/GpsLocationProvider(  764): XTRA_SERVER_3=http\://xtrapath3.izatcloud.net/xtra2.bin
D/GpsLocationProvider(  764): XTRA_SERVER_1=http\://xtrapath1.izatcloud.net/xtra2.bin
D/GpsLocationProvider(  764): SUPL_PORT=7275
D/GpsLocationProvider(  764): DEBUG_LEVEL=2
D/GpsLocationProvider(  764): XTRA_SERVER_2=http\://xtrapath2.izatcloud.net/xtra2.bin
D/GpsLocationProvider(  764): SUPL_ES=1
D/GpsLocationProvider(  764): NMEA_PROVIDER=0
D/GpsLocationProvider(  764): CAPABILITIES=0x31
D/GpsLocationProvider(  764): SUPL_VER=0x10000
D/GpsLocationProvider(  764): ERR_ESTIMATE=0
D/GpsLocationProvider(  764): A_GLONASS_POS_PROTOCOL_SELECT=0
D/GpsLocationProvider(  764): INTERMEDIATE_POS=0
D/GpsLocationProvider(  764): SGLTE_TARGET=0
D/GpsLocationProvider(  764): LPP_PROFILE=0
D/GpsLocationProvider(  764): NTP_SERVER=time.izatcloud.net
D/GpsLocationProvider(  764): SUPL_MODE=1
D/PhoneApp( 1693): getPhone phoneId:0
D/PhoneApp( 1693): getPhone phoneId:0
D/PhoneApp( 1693): getPhone phoneId:0
D/PhoneApp( 1693): getPhone phoneId:0
D/PhoneApp( 1693): getPhone phoneId:0
D/PhoneApp( 1693): getPhone phoneId:0
D/MSF.C.NetConnTag( 2042): [E]netRecv ssoSeq:73749 uin:*6422 cmd:-334358601 73940
I/Timeline( 1774): Timeline: Activity_idle id: android.os.BinderProxy@26757af2 time:40921
D/PhoneApp( 1693): getPhone phoneId:0
D/Error   ( 1693): ERR: exClass=android.os.StrictMode$StrictModeDiskReadViolation
D/Error   ( 1693): ERR: exMsg=policy=903 violation=2
D/Error   ( 1693): ERR: file=StrictMode.java
D/Error   ( 1693): ERR: class=android.os.StrictMode$AndroidBlockGuardPolicy
D/Error   ( 1693): ERR: method=onReadFromDisk line=1137
D/Error   ( 1693): ERR: stack=android.os.StrictMode$StrictModeDiskReadViolation: policy=903 violation=2
D/Error   ( 1693): 	at android.os.StrictMode$AndroidBlockGuardPolicy.onReadFromDisk(StrictMode.java:1137)
D/Error   ( 1693): 	at libcore.io.BlockGuardOs.open(BlockGuardOs.java:182)
D/Error   ( 1693): 	at libcore.io.IoBridge.open(IoBridge.java:442)
D/Error   ( 1693): 	at java.io.FileInputStream.<init>(FileInputStream.java:76)
D/Error   ( 1693): 	at java.io.FileReader.<init>(FileReader.java:42)
D/Error   ( 1693): 	at com.android.internal.telephony.uicc.VoiceMailConstants.loadVoiceMail(VoiceMailConstants.java:80)
D/Error   ( 1693): 	at com.android.internal.telephony.uicc.VoiceMailConstants.<init>(VoiceMailConstants.java:51)
D/Error   ( 1693): 	at com.android.internal.telephony.uicc.SIMRecords.<init>(SIMRecords.java:203)
D/Error   ( 1693): 	at com.android.internal.telephony.uicc.UiccCardApplication.createIccRecords(UiccCardApplication.java:178)
D/Error   ( 1693): 	at com.android.internal.telephony.uicc.UiccCardApplication.<init>(UiccCardApplication.java:109)
D/Error   ( 1693): 	at com.android.internal.telephony.uicc.UiccCard.update(UiccCard.java:150)
D/Error   ( 1693): 	at com.android.internal.telephony.uicc.UiccCard.<init>(UiccCard.java:106)
D/Error   ( 1693): 	at com.android.internal.telephony.uicc.UiccController.onGetIccCardStatusDone(UiccController.java:435)
D/Error   ( 1693): 	at com.android.internal.telephony.uicc.UiccController.handleMessage(UiccController.java:300)
D/Error   ( 1693): 	at android.os.Handler.dispatchMessage(Handler.java:102)
D/Error   ( 1693): 	at android.os.Looper.loop(Looper.java:135)
D/Error   ( 1693): 	at android.app.ActivityThread.main(ActivityThread.java:5223)
D/Error   ( 1693): 	at java.lang.reflect.Method.invoke(Native Method)
D/Error   ( 1693): 	at java.lang.reflect.Method.invoke(Method.java:372)
D/Error   ( 1693): 	at com.android.internal.os.ZygoteInit$MethodAndArgsCaller.run(ZygoteInit.java:898)
D/Error   ( 1693): 	at com.android.internal.os.ZygoteInit.main(ZygoteInit.java:693)
D/Error   ( 1693): # via Binder call with stack:
D/Error   ( 1693): android.os.StrictMode$LogStackTrace
D/Error   ( 1693): 	at android.os.StrictMode.readAndHandleBinderCallViolations(StrictMode.java:1717)
D/Error   ( 1693): 	at android.os.Parcel.readExceptionCode(Parcel.java:1521)
D/Error   ( 1693): 	at android.os.Parcel.readException(Parcel.java:1490)
D/Error   ( 1693): 	at com.android.internal.telephony.ISub$Stub$Proxy.getPhoneId(ISub.java:825)
D/Error   ( 1693): 	at android.telephony.SubscriptionManager.getPhoneId(SubscriptionManager.java:711)
D/Error   ( 1693): 	at com.android.server.TelephonyRegistry.notifySignalStrengthForSubscriber(TelephonyRegistry.java:599)
D/Error   ( 1693): 	at com.android.internal.telephony.ITelephonyRegistry$Stub.onTransact(ITelephonyRegistry.java:145)
D/Error   ( 1693): 	at android.os.Binder.transact(Binder.java:380)
D/Error   ( 1693): 	at com.qihoo360.mobilesafe.loadedmgr.b.n.a(SourceFile:276)
D/Error   ( 1693): 	at com.qihoo360.mobilesafe.loaded.SystemServerJar$FilterInstance.filterExecTransact(SourceFile:428)
D/Error   ( 1693): 	at com.qihoo360.mobilesafe.loadednative.NativeManager.execTransact(SourceFile:291)
D/Error   ( 1693): # via Binder call with stack:
D/Error   ( 1693): android.os.StrictMode$LogStackTrace
D/Error   ( 1693): 	at android.os.StrictMode.readAndHandleBinderCallViolations(StrictMode.java:1717)
D/Error   ( 1693): 	at android.os.Parcel.readExceptionCode(Parcel.java:1521)
D/Error   ( 1693): 	at android.os.Parcel.readException(Parcel.java:1490)
D/Error   ( 1693): 	at com.android.internal.telephony.ITelephonyRegistry$Stub$Proxy.notifySignalStrengthForSubscriber(ITelephonyRegistry.java:582)
D/Error   ( 1693): 	at com.android.internal.telephony.DefaultPhoneNotifier.notifySignalStrength(DefaultPhoneNotifier.java:103)
D/Error   ( 1693): 	at com.android.internal.telephony.PhoneBase.notifySignalStrength(PhoneBase.java:1446)
D/Error   ( 1693): 	at com.android.internal.telephony.ServiceStateTracker.notifySignalStrength(ServiceStateTracker.java:260)
D/Error   ( 1693): 	at com.android.internal.telephony.ServiceStateTracker.onSignalStrengthResult(ServiceStateTracker.java:689)
D/Error   ( 1693): 	at com.android.internal.telephony.gsm.GsmServiceStateTracker.handleMessage(GsmServiceStateTracker.java:408)
D/Error   ( 1693): 	at android.os.Handler.dispatchMessage(Handler.java:102)
D/Error   ( 1693): 	at android.os.Looper.loop(Looper.java:135)
D/Error   ( 1693): 	at android.app.ActivityThread.main(ActivityThread.java:5223)
D/Error   ( 1693): 	at java.lang.reflect.Method.invoke(Native Method)
D/Error   ( 1693): 	at java.lang.reflect.Method.invoke(Method.java:372)
D/Error   ( 1693): 	at com.android.internal.os.ZygoteInit$MethodAndArgsCaller.run(ZygoteInit.java:898)
D/Error   ( 1693): 	at com.android.internal.os.ZygoteInit.main(ZygoteInit.java:693)
D/Error   ( 1693): # via Binder call with stack:
D/Error   ( 1693): android.os.StrictMode$LogStackTrace
D/Error   ( 1693): 	at android.os.StrictMode.readAndHandleBinderCallViolations(StrictMode.java:1717)
D/Error   ( 1693): 	at android.os.Parcel.readExceptionCode(Parcel.java:1521
D/Error   ( 1693): ERR: TOTAL BYTES WRITTEN: 22508
D/StrictMode( 1693): Wrote violation #0 of 5: 22548 bytes
D/Error   ( 1693): ERR: exClass=android.os.StrictMode$StrictModeDiskReadViolation
D/Error   ( 1693): ERR: exMsg=policy=903 violation=2
D/Error   ( 1693): ERR: file=StrictMode.java
D/Error   ( 1693): ERR: class=android.os.StrictMode$AndroidBlockGuardPolicy
D/Error   ( 1693): ERR: method=onReadFromDisk line=1137
D/Error   ( 1693): ERR: stack=android.os.StrictMode$StrictModeDiskReadViolation: policy=903 violation=2
D/Error   ( 1693): 	at android.os.StrictMode$AndroidBlockGuardPolicy.onReadFromDisk(StrictMode.java:1137)
D/Error   ( 1693): 	at libcore.io.BlockGuardOs.open(BlockGuardOs.java:182)
D/Error   ( 1693): 	at libcore.io.IoBridge.open(IoBridge.java:442)
D/Error   ( 1693): 	at java.io.FileInputStream.<init>(FileInputStream.java:76)
D/Error   ( 1693): 	at java.io.FileReader.<init>(FileReader.java:42)
D/Error   ( 1693): 	at com.android.internal.telephony.uicc.SpnOverride.loadSpnOverrides(SpnOverride.java:61)
D/Error   ( 1693): 	at com.android.internal.telephony.uicc.SpnOverride.<init>(SpnOverride.java:43)
D/Error   ( 1693): 	at com.android.internal.telephony.uicc.SIMRecords.<init>(SIMRecords.java:204)
D/Error   ( 1693): 	at com.android.internal.telephony.uicc.UiccCardApplication.createIccRecords(UiccCardApplication.java:178)
D/Error   ( 1693): 	at com.android.internal.telephony.uicc.UiccCardApplication.<init>(UiccCardApplication.java:109)
D/Error   ( 1693): 	at com.android.internal.telephony.uicc.UiccCard.update(UiccCard.java:150)
D/Error   ( 1693): 	at com.android.internal.telephony.uicc.UiccCard.<init>(UiccCard.java:106)
D/Error   ( 1693): 	at com.android.internal.telephony.uicc.UiccController.onGetIccCardStatusDone(UiccController.java:435)
D/Error   ( 1693): 	at com.android.internal.telephony.uicc.UiccController.handleMessage(UiccController.java:300)
D/Error   ( 1693): 	at android.os.Handler.dispatchMessage(Handler.java:102)
D/Error   ( 1693): 	at android.os.Looper.loop(Looper.java:135)
D/Error   ( 1693): 	at android.app.ActivityThread.main(ActivityThread.java:5223)
D/Error   ( 1693): 	at java.lang.reflect.Method.invoke(Native Method)
D/Error   ( 1693): 	at java.lang.reflect.Method.invoke(Method.java:372)
D/Error   ( 1693): 	at com.android.internal.os.ZygoteInit$MethodAndArgsCaller.run(ZygoteInit.java:898)
D/Error   ( 1693): 	at com.android.internal.os.ZygoteInit.main(ZygoteInit.java:693)
D/Error   ( 1693): # via Binder call with stack:
D/Error   ( 1693): android.os.StrictMode$LogStackTrace
D/Error   ( 1693): 	at android.os.StrictMode.readAndHandleBinderCallViolations(StrictMode.java:1717)
D/Error   ( 1693): 	at android.os.Parcel.readExceptionCode(Parcel.java:1521)
D/Error   ( 1693): 	at android.os.Parcel.readException(Parcel.java:1490)
D/Error   ( 1693): 	at com.android.internal.telephony.ISub$Stub$Proxy.getPhoneId(ISub.java:825)
D/Error   ( 1693): 	at android.telephony.SubscriptionManager.getPhoneId(SubscriptionManager.java:711)
D/Error   ( 1693): 	at com.android.server.TelephonyRegistry.notifySignalStrengthForSubscriber(TelephonyRegistry.java:599)
D/Error   ( 1693): 	at com.android.internal.telephony.ITelephonyRegistry$Stub.onTransact(ITelephonyRegistry.java:145)
D/Error   ( 1693): 	at android.os.Binder.transact(Binder.java:380)
D/Error   ( 1693): 	at com.qihoo360.mobilesafe.loadedmgr.b.n.a(SourceFile:276)
D/Error   ( 1693): 	at com.qihoo360.mobilesafe.loaded.SystemServerJar$FilterInstance.filterExecTransact(SourceFile:428)
D/Error   ( 1693): 	at com.qihoo360.mobilesafe.loadednative.NativeManager.execTransact(SourceFile:291)
D/Error   ( 1693): # via Binder call with stack:
D/Error   ( 1693): android.os.StrictMode$LogStackTrace
D/Error   ( 1693): 	at android.os.StrictMode.readAndHandleBinderCallViolations(StrictMode.java:1717)
D/Error   ( 1693): 	at android.os.Parcel.readExceptionCode(Parcel.java:1521)
D/Error   ( 1693): 	at android.os.Parcel.readException(Parcel.java:1490)
D/Error   ( 1693): 	at com.android.internal.telephony.ITelephonyRegistry$Stub$Proxy.notifySignalStrengthForSubscriber(ITelephonyRegistry.java:582)
D/Error   ( 1693): 	at com.android.internal.telephony.DefaultPhoneNotifier.notifySignalStrength(DefaultPhoneNotifier.java:103)
D/Error   ( 1693): 	at com.android.internal.telephony.PhoneBase.notifySignalStrength(PhoneBase.java:1446)
D/Error   ( 1693): 	at com.android.internal.telephony.ServiceStateTracker.notifySignalStrength(ServiceStateTracker.java:260)
D/Error   ( 1693): 	at com.android.internal.telephony.ServiceStateTracker.onSignalStrengthResult(ServiceStateTracker.java:689)
D/Error   ( 1693): 	at com.android.internal.telephony.gsm.GsmServiceStateTracker.handleMessage(GsmServiceStateTracker.java:408)
D/Error   ( 1693): 	at android.os.Handler.dispatchMessage(Handler.java:102)
D/Error   ( 1693): 	at android.os.Looper.loop(Looper.java:135)
D/Error   ( 1693): 	at android.app.ActivityThread.main(ActivityThread.java:5223)
D/Error   ( 1693): 	at java.lang.reflect.Method.invoke(Native Method)
D/Error   ( 1693): 	at java.lang.reflect.Method.invoke(Method.java:372)
D/Error   ( 1693): 	at com.android.internal.os.ZygoteInit$MethodAndArgsCaller.run(ZygoteInit.java:898)
D/Error   ( 1693): 	at com.android.internal.os.ZygoteInit.main(ZygoteInit.java:693)
D/Error   ( 1693): # via Binder call with stack:
D/Error   ( 1693): android.os.StrictMode$LogStackTrace
D/Error   ( 1693): 	at android.os.StrictMode.readAndHandleBinderCallViolations(StrictMode.java:1717)
D/Error   ( 1693): 	at android.os.Parcel.readExceptionCode(Parcel.java:1521)
D/Error   ( 1693): 	at android.os.Parcel.r
D/Error   ( 1693): ERR: TOTAL BYTES WRITTEN: 22460
D/StrictMode( 1693): Wrote violation #1 of 5: 22500 bytes
D/Error   ( 1693): ERR: exClass=android.os.StrictMode$StrictModeDiskReadViolation
D/Error   ( 1693): ERR: exMsg=policy=903 violation=2
D/Error   ( 1693): ERR: file=StrictMode.java
D/Error   ( 1693): ERR: class=android.os.StrictMode$AndroidBlockGuardPolicy
D/Error   ( 1693): ERR: method=onReadFromDisk line=1137
D/Error   ( 1693): ERR: stack=android.os.StrictMode$StrictModeDiskReadViolation: policy=903 violation=2
D/Error   ( 1693): 	at android.os.StrictMode$AndroidBlockGuardPolicy.onReadFromDisk(StrictMode.java:1137)
D/Error   ( 1693): 	at libcore.io.BlockGuardOs.fstat(BlockGuardOs.java:132)
D/Error   ( 1693): 	at libcore.io.IoBridge.open(IoBridge.java:445)
D/Error   ( 1693): 	at java.io.FileInputStream.<init>(FileInputStream.java:76)
D/Error   ( 1693): 	at java.io.FileReader.<init>(FileReader.java:42)
D/Error   ( 1693): 	at com.android.internal.telephony.uicc.SpnOverride.loadSpnOverrides(SpnOverride.java:61)
D/Error   ( 1693): 	at com.android.internal.telephony.uicc.SpnOverride.<init>(SpnOverride.java:43)
D/Error   ( 1693): 	at com.android.internal.telephony.uicc.SIMRecords.<init>(SIMRecords.java:204)
D/Error   ( 1693): 	at com.android.internal.telephony.uicc.UiccCardApplication.createIccRecords(UiccCardApplication.java:178)
D/Error   ( 1693): 	at com.android.internal.telephony.uicc.UiccCardApplication.<init>(UiccCardApplication.java:109)
D/Error   ( 1693): 	at com.android.internal.telephony.uicc.UiccCard.update(UiccCard.java:150)
D/Error   ( 1693): 	at com.android.internal.telephony.uicc.UiccCard.<init>(UiccCard.java:106)
D/Error   ( 1693): 	at com.android.internal.telephony.uicc.UiccController.onGetIccCardStatusDone(UiccController.java:435)
D/Error   ( 1693): 	at com.android.internal.telephony.uicc.UiccController.handleMessage(UiccController.java:300)
D/Error   ( 1693): 	at android.os.Handler.dispatchMessage(Handler.java:102)
D/Error   ( 1693): 	at android.os.Looper.loop(Looper.java:135)
D/Error   ( 1693): 	at android.app.ActivityThread.main(ActivityThread.java:5223)
D/Error   ( 1693): 	at java.lang.reflect.Method.invoke(Native Method)
D/Error   ( 1693): 	at java.lang.reflect.Method.invoke(Method.java:372)
D/Error   ( 1693): 	at com.android.internal.os.ZygoteInit$MethodAndArgsCaller.run(ZygoteInit.java:898)
D/Error   ( 1693): 	at com.android.internal.os.ZygoteInit.main(ZygoteInit.java:693)
D/Error   ( 1693): # via Binder call with stack:
D/Error   ( 1693): android.os.StrictMode$LogStackTrace
D/Error   ( 1693): 	at android.os.StrictMode.readAndHandleBinderCallViolations(StrictMode.java:1717)
D/Error   ( 1693): 	at android.os.Parcel.readExceptionCode(Parcel.java:1521)
D/Error   ( 1693): 	at android.os.Parcel.readException(Parcel.java:1490)
D/Error   ( 1693): 	at com.android.internal.telephony.ISub$Stub$Proxy.getPhoneId(ISub.java:825)
D/Error   ( 1693): 	at android.telephony.SubscriptionManager.getPhoneId(SubscriptionManager.java:711)
D/Error   ( 1693): 	at com.android.server.TelephonyRegistry.notifySignalStrengthForSubscriber(TelephonyRegistry.java:599)
D/Error   ( 1693): 	at com.android.internal.telephony.ITelephonyRegistry$Stub.onTransact(ITelephonyRegistry.java:145)
D/Error   ( 1693): 	at android.os.Binder.transact(Binder.java:380)
D/Error   ( 1693): 	at com.qihoo360.mobilesafe.loadedmgr.b.n.a(SourceFile:276)
D/Error   ( 1693): 	at com.qihoo360.mobilesafe.loaded.SystemServerJar$FilterInstance.filterExecTransact(SourceFile:428)
D/Error   ( 1693): 	at com.qihoo360.mobilesafe.loadednative.NativeManager.execTransact(SourceFile:291)
D/Error   ( 1693): # via Binder call with stack:
D/Error   ( 1693): android.os.StrictMode$LogStackTrace
D/Error   ( 1693): 	at android.os.StrictMode.readAndHandleBinderCallViolations(StrictMode.java:1717)
D/Error   ( 1693): 	at android.os.Parcel.readExceptionCode(Parcel.java:1521)
D/Error   ( 1693): 	at android.os.Parcel.readException(Parcel.java:1490)
D/Error   ( 1693): 	at com.android.internal.telephony.ITelephonyRegistry$Stub$Proxy.notifySignalStrengthForSubscriber(ITelephonyRegistry.java:582)
D/Error   ( 1693): 	at com.android.internal.telephony.DefaultPhoneNotifier.notifySignalStrength(DefaultPhoneNotifier.java:103)
D/Error   ( 1693): 	at com.android.internal.telephony.PhoneBase.notifySignalStrength(PhoneBase.java:1446)
D/Error   ( 1693): 	at com.android.internal.telephony.ServiceStateTracker.notifySignalStrength(ServiceStateTracker.java:260)
D/Error   ( 1693): 	at com.android.internal.telephony.ServiceStateTracker.onSignalStrengthResult(ServiceStateTracker.java:689)
D/Error   ( 1693): 	at com.android.internal.telephony.gsm.GsmServiceStateTracker.handleMessage(GsmServiceStateTracker.java:408)
D/Error   ( 1693): 	at android.os.Handler.dispatchMessage(Handler.java:102)
D/Error   ( 1693): 	at android.os.Looper.loop(Looper.java:135)
D/Error   ( 1693): 	at android.app.ActivityThread.main(ActivityThread.java:5223)
D/Error   ( 1693): 	at java.lang.reflect.Method.invoke(Native Method)
D/Error   ( 1693): 	at java.lang.reflect.Method.invoke(Method.java:372)
D/Error   ( 1693): 	at com.android.internal.os.ZygoteInit$MethodAndArgsCaller.run(ZygoteInit.java:898)
D/Error   ( 1693): 	at com.android.internal.os.ZygoteInit.main(ZygoteInit.java:693)
D/Error   ( 1693): # via Binder call with stack:
D/Error   ( 1693): android.os.StrictMode$LogStackTrace
D/Error   ( 1693): 	at android.os.StrictMode.readAndHandleBinderCallViolations(StrictMode.java:1717)
D/Error   ( 1693): 	at android.os.Parcel.readExceptionCode(Parcel.java:1521)
D/Error   ( 1693): 	at android.os.Parcel.
D/Error   ( 1693): ERR: TOTAL BYTES WRITTEN: 22460
D/StrictMode( 1693): Wrote violation #2 of 5: 22500 bytes
D/Error   ( 1693): ERR: exClass=android.os.StrictMode$StrictModeDiskReadViolation
D/Error   ( 1693): ERR: exMsg=policy=903 violation=2
D/Error   ( 1693): ERR: file=StrictMode.java
D/Error   ( 1693): ERR: class=android.os.StrictMode$AndroidBlockGuardPolicy
D/Error   ( 1693): ERR: method=onReadFromDisk line=1137
D/Error   ( 1693): ERR: stack=android.os.StrictMode$StrictModeDiskReadViolation: policy=903 violation=2
D/Error   ( 1693): 	at android.os.StrictMode$AndroidBlockGuardPolicy.onReadFromDisk(StrictMode.java:1137)
D/Error   ( 1693): 	at libcore.io.BlockGuardOs.read(BlockGuardOs.java:229)
D/Error   ( 1693): 	at libcore.io.IoBridge.read(IoBridge.java:472)
D/Error   ( 1693): 	at java.io.FileInputStream.read(FileInputStream.java:177)
D/Error   ( 1693): 	at java.io.InputStreamReader.read(InputStreamReader.java:231)
D/Error   ( 1693): 	at org.kxml2.io.KXmlParser.fillBuffer(KXmlParser.java:1515)
D/Error   ( 1693): 	at org.kxml2.io.KXmlParser.peekType(KXmlParser.java:992)
D/Error   ( 1693): 	at org.kxml2.io.KXmlParser.next(KXmlParser.java:349)
D/Error   ( 1693): 	at org.kxml2.io.KXmlParser.next(KXmlParser.java:313)
D/Error   ( 1693): 	at com.android.internal.util.XmlUtils.beginDocument(XmlUtils.java:1340)
D/Error   ( 1693): 	at com.android.internal.telephony.uicc.SpnOverride.loadSpnOverrides(SpnOverride.java:72)
D/Error   ( 1693): 	at com.android.internal.telephony.uicc.SpnOverride.<init>(SpnOverride.java:43)
D/Error   ( 1693): 	at com.android.internal.telephony.uicc.SIMRecords.<init>(SIMRecords.java:204)
D/Error   ( 1693): 	at com.android.internal.telephony.uicc.UiccCardApplication.createIccRecords(UiccCardApplication.java:178)
D/Error   ( 1693): 	at com.android.internal.telephony.uicc.UiccCardApplication.<init>(UiccCardApplication.java:109)
D/Error   ( 1693): 	at com.android.internal.telephony.uicc.UiccCard.update(UiccCard.java:150)
D/Error   ( 1693): 	at com.android.internal.telephony.uicc.UiccCard.<init>(UiccCard.java:106)
D/Error   ( 1693): 	at com.android.internal.telephony.uicc.UiccController.onGetIccCardStatusDone(UiccController.java:435)
D/Error   ( 1693): 	at com.android.internal.telephony.uicc.UiccController.handleMessage(UiccController.java:300)
D/Error   ( 1693): 	at android.os.Handler.dispatchMessage(Handler.java:102)
D/Error   ( 1693): 	at android.os.Looper.loop(Looper.java:135)
D/Error   ( 1693): 	at android.app.ActivityThread.main(ActivityThread.java:5223)
D/Error   ( 1693): 	at java.lang.reflect.Method.invoke(Native Method)
D/Error   ( 1693): 	at java.lang.reflect.Method.invoke(Method.java:372)
D/Error   ( 1693): 	at com.android.internal.os.ZygoteInit$MethodAndArgsCaller.run(ZygoteInit.java:898)
D/Error   ( 1693): 	at com.android.internal.os.ZygoteInit.main(ZygoteInit.java:693)
D/Error   ( 1693): # via Binder call with stack:
D/Error   ( 1693): android.os.StrictMode$LogStackTrace
D/Error   ( 1693): 	at android.os.StrictMode.readAndHandleBinderCallViolations(StrictMode.java:1717)
D/Error   ( 1693): 	at android.os.Parcel.readExceptionCode(Parcel.java:1521)
D/Error   ( 1693): 	at android.os.Parcel.readException(Parcel.java:1490)
D/Error   ( 1693): 	at com.android.internal.telephony.ISub$Stub$Proxy.getPhoneId(ISub.java:825)
D/Error   ( 1693): 	at android.telephony.SubscriptionManager.getPhoneId(SubscriptionManager.java:711)
D/Error   ( 1693): 	at com.android.server.TelephonyRegistry.notifySignalStrengthForSubscriber(TelephonyRegistry.java:599)
D/Error   ( 1693): 	at com.android.internal.telephony.ITelephonyRegistry$Stub.onTransact(ITelephonyRegistry.java:145)
D/Error   ( 1693): 	at android.os.Binder.transact(Binder.java:380)
D/Error   ( 1693): 	at com.qihoo360.mobilesafe.loadedmgr.b.n.a(SourceFile:276)
D/Error   ( 1693): 	at com.qihoo360.mobilesafe.loaded.SystemServerJar$FilterInstance.filterExecTransact(SourceFile:428)
D/Error   ( 1693): 	at com.qihoo360.mobilesafe.loadednative.NativeManager.execTransact(SourceFile:291)
D/Error   ( 1693): # via Binder call with stack:
D/Error   ( 1693): android.os.StrictMode$LogStackTrace
D/Error   ( 1693): 	at android.os.StrictMode.readAndHandleBinderCallViolations(StrictMode.java:1717)
D/Error   ( 1693): 	at android.os.Parcel.readExceptionCode(Parcel.java:1521)
D/Error   ( 1693): 	at android.os.Parcel.readException(Parcel.java:1490)
D/Error   ( 1693): 	at com.android.internal.telephony.ITelephonyRegistry$Stub$Proxy.notifySignalStrengthForSubscriber(ITelephonyRegistry.java:582)
D/Error   ( 1693): 	at com.android.internal.telephony.DefaultPhoneNotifier.notifySignalStrength(DefaultPhoneNotifier.java:103)
D/Error   ( 1693): 	at com.android.internal.telephony.PhoneBase.notifySignalStrength(PhoneBase.java:1446)
D/Error   ( 1693): 	at com.android.internal.telephony.ServiceStateTracker.notifySignalStrength(ServiceStateTracker.java:260)
D/Error   ( 1693): 	at com.android.internal.telephony.ServiceStateTracker.onSignalStrengthResult(ServiceStateTracker.java:689)
D/Error   ( 1693): 	at com.android.internal.telephony.gsm.GsmServiceStateTracker.handleMessage(GsmServiceStateTracker.java:408)
D/Error   ( 1693): 	at android.os.Handler.dispatchMessage(Handler.java:102)
D/Error   ( 1693): 	at android.os.Looper.loop(Looper.java:135)
D/Error   ( 1693): 	at android.app.ActivityThread.main(ActivityThread.java:5223)
D/Error   ( 1693): 	at java.lang.reflect.Method.invoke(Native Method)
D/Error   ( 1693): 	at java.lang.reflect.Method.invoke(Method.java:372)
D/Error   ( 1693): 	at com.android.internal.os.ZygoteInit$MethodAndArgsCaller.run(Zyg
D/Error   ( 1693): ERR: TOTAL BYTES WRITTEN: 23084
D/StrictMode( 1693): Wrote violation #3 of 5: 23124 bytes
D/MSF.C.NetConnInfoCenter( 2042): [E]send bootAction for QQ 510146422
W/ActivityManager(  764): Unable to start service Intent { act=com.sogou.androidtool.action.service flg=0x4 cmp=com.sogou.androidtool/.service.CoreService (has extras) } U=0: not found
D/Error   ( 1693): ERR: exClass=android.os.StrictMode$StrictModeDiskReadViolation
D/Error   ( 1693): ERR: exMsg=policy=903 violation=2
D/Error   ( 1693): ERR: file=StrictMode.java
D/Error   ( 1693): ERR: class=android.os.StrictMode$AndroidBlockGuardPolicy
D/Error   ( 1693): ERR: method=onReadFromDisk line=1137
D/Error   ( 1693): ERR: stack=android.os.StrictMode$StrictModeDiskReadViolation: policy=903 violation=2
D/Error   ( 1693): 	at android.os.StrictMode$AndroidBlockGuardPolicy.onReadFromDisk(StrictMode.java:1137)
D/Error   ( 1693): 	at libcore.io.BlockGuardOs.read(BlockGuardOs.java:229)
D/Error   ( 1693): 	at libcore.io.IoBridge.read(IoBridge.java:472)
D/Error   ( 1693): 	at java.io.FileInputStream.read(FileInputStream.java:177)
D/Error   ( 1693): 	at java.io.InputStreamReader.read(InputStreamReader.java:231)
D/Error   ( 1693): 	at org.kxml2.io.KXmlParser.fillBuffer(KXmlParser.java:1515)
D/Error   ( 1693): 	at org.kxml2.io.KXmlParser.readValue(KXmlParser.java:1356)
D/Error   ( 1693): 	at org.kxml2.io.KXmlParser.next(KXmlParser.java:393)
D/Error   ( 1693): 	at org.kxml2.io.KXmlParser.next(KXmlParser.java:313)
D/Error   ( 1693): 	at com.android.internal.util.XmlUtils.nextElement(XmlUtils.java:1358)
D/Error   ( 1693): 	at com.android.internal.telephony.uicc.SpnOverride.loadSpnOverrides(SpnOverride.java:75)
D/Error   ( 1693): 	at com.android.internal.telephony.uicc.SpnOverride.<init>(SpnOverride.java:43)
D/Error   ( 1693): 	at com.android.internal.telephony.uicc.SIMRecords.<init>(SIMRecords.java:204)
D/Error   ( 1693): 	at com.android.internal.telephony.uicc.UiccCardApplication.createIccRecords(UiccCardApplication.java:178)
D/Error   ( 1693): 	at com.android.internal.telephony.uicc.UiccCardApplication.<init>(UiccCardApplication.java:109)
D/Error   ( 1693): 	at com.android.internal.telephony.uicc.UiccCard.update(UiccCard.java:150)
D/Error   ( 1693): 	at com.android.internal.telephony.uicc.UiccCard.<init>(UiccCard.java:106)
D/Error   ( 1693): 	at com.android.internal.telephony.uicc.UiccController.onGetIccCardStatusDone(UiccController.java:435)
D/Error   ( 1693): 	at com.android.internal.telephony.uicc.UiccController.handleMessage(UiccController.java:300)
D/Error   ( 1693): 	at android.os.Handler.dispatchMessage(Handler.java:102)
D/Error   ( 1693): 	at android.os.Looper.loop(Looper.java:135)
D/Error   ( 1693): 	at android.app.ActivityThread.main(ActivityThread.java:5223)
D/Error   ( 1693): 	at java.lang.reflect.Method.invoke(Native Method)
D/Error   ( 1693): 	at java.lang.reflect.Method.invoke(Method.java:372)
D/Error   ( 1693): 	at com.android.internal.os.ZygoteInit$MethodAndArgsCaller.run(ZygoteInit.java:898)
D/Error   ( 1693): 	at com.android.internal.os.ZygoteInit.main(ZygoteInit.java:693)
D/Error   ( 1693): # via Binder call with stack:
D/Error   ( 1693): android.os.StrictMode$LogStackTrace
D/Error   ( 1693): 	at android.os.StrictMode.readAndHandleBinderCallViolations(StrictMode.java:1717)
D/Error   ( 1693): 	at android.os.Parcel.readExceptionCode(Parcel.java:1521)
D/Error   ( 1693): 	at android.os.Parcel.readException(Parcel.java:1490)
D/Error   ( 1693): 	at com.android.internal.telephony.ISub$Stub$Proxy.getPhoneId(ISub.java:825)
D/Error   ( 1693): 	at android.telephony.SubscriptionManager.getPhoneId(SubscriptionManager.java:711)
D/Error   ( 1693): 	at com.android.server.TelephonyRegistry.notifySignalStrengthForSubscriber(TelephonyRegistry.java:599)
D/Error   ( 1693): 	at com.android.internal.telephony.ITelephonyRegistry$Stub.onTransact(ITelephonyRegistry.java:145)
D/Error   ( 1693): 	at android.os.Binder.transact(Binder.java:380)
D/Error   ( 1693): 	at com.qihoo360.mobilesafe.loadedmgr.b.n.a(SourceFile:276)
D/Error   ( 1693): 	at com.qihoo360.mobilesafe.loaded.SystemServerJar$FilterInstance.filterExecTransact(SourceFile:428)
D/Error   ( 1693): 	at com.qihoo360.mobilesafe.loadednative.NativeManager.execTransact(SourceFile:291)
D/Error   ( 1693): # via Binder call with stack:
D/Error   ( 1693): android.os.StrictMode$LogStackTrace
D/Error   ( 1693): 	at android.os.StrictMode.readAndHandleBinderCallViolations(StrictMode.java:1717)
D/Error   ( 1693): 	at android.os.Parcel.readExceptionCode(Parcel.java:1521)
D/Error   ( 1693): 	at android.os.Parcel.readException(Parcel.java:1490)
D/Error   ( 1693): 	at com.android.internal.telephony.ITelephonyRegistry$Stub$Proxy.notifySignalStrengthForSubscriber(ITelephonyRegistry.java:582)
D/Error   ( 1693): 	at com.android.internal.telephony.DefaultPhoneNotifier.notifySignalStrength(DefaultPhoneNotifier.java:103)
D/Error   ( 1693): 	at com.android.internal.telephony.PhoneBase.notifySignalStrength(PhoneBase.java:1446)
D/Error   ( 1693): 	at com.android.internal.telephony.ServiceStateTracker.notifySignalStrength(ServiceStateTracker.java:260)
D/Error   ( 1693): 	at com.android.internal.telephony.ServiceStateTracker.onSignalStrengthResult(ServiceStateTracker.java:689)
D/Error   ( 1693): 	at com.android.internal.telephony.gsm.GsmServiceStateTracker.handleMessage(GsmServiceStateTracker.java:408)
D/Error   ( 1693): 	at android.os.Handler.dispatchMessage(Handler.java:102)
D/Error   ( 1693): 	at android.os.Looper.loop(Looper.java:135)
D/Error   ( 1693): 	at android.app.ActivityThread.main(ActivityThread.java:5223)
D/Error   ( 1693): 	at java.lang.reflect.Method.invoke(Native Method)
D/Error   ( 1693): 	at java.lang.reflect.Method.invoke(Method.java:372)
D/Error   ( 1693): 	at com.android.internal.os.ZygoteInit$MethodAndArgsCaller.run(Zyg
D/Error   ( 1693): ERR: TOTAL BYTES WRITTEN: 23084
D/StrictMode( 1693): Wrote violation #4 of 5: 23124 bytes
F/StrictMode(  764): Stack is too large: numViolations=5 policy=#387 front=ava:442)
F/StrictMode(  764): 	at java.io.FileInputStream.<init>(FileInputStream.java:76)
F/StrictMode(  764): 	at java.io.FileReader.<init>(FileReader.java:42)
F/StrictMode(  764): 	at com.android.internal.telephony.uicc.VoiceMailConstants.loadVoiceMail(VoiceMailConstants.java:80)
