D/MSF.C.NetConnTag( 2042): [E]pa ok: 73858
D/MSF.C.NetConnTag( 2042): [E]netSend ssoSeq:73858 uin:*6422 cmd:-1108313138 74317
I/MQClient(  764): unable to connect to [/data/misc/location/mq/location-mq-s]:[No such file or directory]
W/XTWiFiOS(  764): connection failure. count 9
D/MSF.C.NetConnTag( 2042): [E]netRecv ssoSeq:156358714 uin:*6422 cmd:-316037937 156359001
D/Q.msg.TroopMsgProxy( 4043): [E]insertToList MessageRecord=friendUin:2143senderuin:3056,istroop:1,msgType:-1000,time:1421308123,shmsgseq:171781
W/ActivityManager(  764): getTasks: caller 10096 does not hold GET_TASKS; limiting output
W/ActivityManager(  764): getTasks: caller 10096 does not hold GET_TASKS; limiting output
D/MSF.C.NetConnTag( 2042): [E]netRecv Delay FromServiceMsg ssoSeq:-1317600044 scmd: SSO.LoginMerge len: 1828 uncompressed len: 1932
D/MSF.C.NetConnTag( 2042): [E]netRecv ssoSeq:73828 uin:*6422 cmd:-1591668360 74025
D/MSF.C.NetConnTag( 2042): [E]netRecv ssoSeq:73857 uin:*6422 cmd:400346002 73905
D/MSF.C.NetConnTag( 2042): [E]netRecv ssoSeq:73850 uin:*6422 cmd:-916380147 74075
D/MSF.C.NetConnTag( 2042): [E]netRecv ssoSeq:73851 uin:*6422 cmd:1719344619 75157
W/ActivityManager(  764): getTasks: caller 10096 does not hold GET_TASKS; limiting output
W/ActivityManager(  764): getTasks: caller 10096 does not hold GET_TASKS; limiting output
D/SyncTake( 3734): OemSync is false, login is true, background is false
I/ActivityManager(  764): Waited long enough for: ServiceRecord{17c4702e u0 com.wandoujia.phoenix2/com.wandoujia.p4.background.BackgroundService}
W/ActivityManager(  764): getTasks: caller 10084 does not hold GET_TASKS; limiting output
E/SQLiteLog( 3988): (284) automatic index on sqlite_sq_A2F7EC90(STAT_DATA_ID)
W/ActivityManager(  764): getTasks: caller 10071 does not hold GET_TASKS; limiting output
W/Settings( 2042): Setting airplane_mode_on has moved from android.provider.Settings.System to android.provider.Settings.Global, returning read-only value.
W/beacon  ( 2042): onUserAction return false, because eventName:[VipDownload] is not allowed in server strategy!
W/ActivityManager(  764): getTasks: caller 10071 does not hold GET_TASKS; limiting output
W/Settings( 2042): Setting airplane_mode_on has moved from android.provider.Settings.System to android.provider.Settings.Global, returning read-only value.
W/beacon  ( 2042): onUserAction return false, because eventName:[VipDownload] is not allowed in server strategy!
W/ActivityManager(  764): getTasks: caller 10071 does not hold GET_TASKS; limiting output
W/Settings( 2042): Setting airplane_mode_on has moved from android.provider.Settings.System to android.provider.Settings.Global, returning read-only value.
W/beacon  ( 2042): onUserAction return false, because eventName:[VipDownload] is not allowed in server strategy!
W/ActivityManager(  764): getTasks: caller 10071 does not hold GET_TASKS; limiting output
W/Settings( 2042): Setting airplane_mode_on has moved from android.provider.Settings.System to android.provider.Settings.Global, returning read-only value.
W/beacon  ( 2042): onUserAction return false, because eventName:[VipDownload] is not allowed in server strategy!
W/ActivityManager(  764): getTasks: caller 10071 does not hold GET_TASKS; limiting output
W/Settings( 2042): Setting airplane_mode_on has moved from android.provider.Settings.System to android.provider.Settings.Global, returning read-only value.
W/beacon  ( 2042): onUserAction return false, because eventName:[actQzoneUnread] is not allowed in server strategy!
W/ActivityManager(  764): getTasks: caller 10071 does not hold GET_TASKS; limiting output
W/Settings( 2042): Setting airplane_mode_on has moved from android.provider.Settings.System to android.provider.Settings.Global, returning read-only value.
W/beacon  ( 2042): onUserAction return false, because eventName:[VipDownload] is not allowed in server strategy!
W/ActivityManager(  764): getTasks: caller 10071 does not hold GET_TASKS; limiting output
W/Settings( 2042): Setting airplane_mode_on has moved from android.provider.Settings.System to android.provider.Settings.Global, returning read-only value.
W/ActivityManager(  764): getTasks: caller 10071 does not hold GET_TASKS; limiting output
W/Settings( 2042): Setting airplane_mode_on has moved from android.provider.Settings.System to android.provider.Settings.Global, returning read-only value.
W/beacon  ( 2042): onUserAction return false, because eventName:[actQQInit] is not allowed in server strategy!
D/SyncTake( 3734): OemSync is false, login is true, background is false
E/WifiStateMachine(  764): WifiStateMachine CMD_START_SCAN source -2 txSuccessRate=59.82 rxSuccessRate=75.95 targetRoamBSSID=any RSSI=-69
D/MSF.C.NetConnTag( 2042): [E]netRecv ssoSeq:156361409 uin:*6422 cmd:-316037937 156361720
D/Q.msg.TroopMsgProxy( 4043): [E]insertToList MessageRecord=friendUin:5624senderuin:6085,istroop:1,msgType:-1000,time:1421308125,shmsgseq:43783
W/ActivityManager(  764): getTasks: caller 10096 does not hold GET_TASKS; limiting output
W/ActivityManager(  764): getTasks: caller 10096 does not hold GET_TASKS; limiting output
W/ActivityManager(  764): getTasks: caller 10096 does not hold GET_TASKS; limiting output
W/ActivityManager(  764): getTasks: caller 10096 does not hold GET_TASKS; limiting output
D/MSF.C.NetConnTag( 2042): [E]netRecv ssoSeq:156364879 uin:*6422 cmd:-316037937 156365190
D/Q.msg.TroopMsgProxy( 4043): [E]insertToList MessageRecord=friendUin:9745senderuin:5872,istroop:1,msgType:-1000,time:1421308126,shmsgseq:69059
W/ActivityManager(  764): getTasks: caller 10096 does not hold GET_TASKS; limiting output
W/ActivityManager(  764): getTasks: caller 10096 does not hold GET_TASKS; limiting output
W/ActivityManager(  764): getTasks: caller 10096 does not hold GET_TASKS; limiting output
W/ActivityManager(  764): getTasks: caller 10096 does not hold GET_TASKS; limiting output
V/xiaomi  ( 3657): [Thread:297] JOB: check the ping-pong.
D/MSF.C.NetConnTag( 2042): [E]add 73862 scmd: 1292818900 uin: *6422 len: 35 msg to -1108313138 delayWaitSendList
W/ActivityManager(  764): getRecentTasks: caller 10088 does not hold GET_TASKS; limiting output
W/ActivityManager(  764): getTasks: caller 10088 does not hold GET_TASKS; limiting output
I/MQClient(  764): unable to connect to [/data/misc/location/mq/location-mq-s]:[No such file or directory]
W/XTWiFiOS(  764): connection failure. count 10
D/MSF.C.NetConnTag( 2042): [E]pa ok: 73862
D/MSF.C.NetConnTag( 2042): [E]netSend ssoSeq:73862 uin:*6422 cmd:1292818900 73985
D/MSF.C.NetConnTag( 2042): [E]netRecv Delay FromServiceMsg ssoSeq:-1317597740 scmd: SSO.LoginMerge len: 60 uncompressed len: 52
D/MSF.C.NetConnTag( 2042): [E]netRecv ssoSeq:73862 uin:*6422 cmd:1292818900 73871
W/ActivityManager(  764): getTasks: caller 10084 does not hold GET_TASKS; limiting output
W/ActivityManager(  764): getTasks: caller 10096 does not hold GET_TASKS; limiting output
W/ActivityManager(  764): getTasks: caller 10096 does not hold GET_TASKS; limiting output
D/MSF.C.NetConnTag( 2042): [E]netRecv ssoSeq:156371786 uin:*6422 cmd:-316037937 156372465
D/Q.msg.TroopMsgProxy( 4043): [E]insertToList MessageRecord=friendUin:2143senderuin:3056,istroop:1,msgType:-2000,time:1421308130,shmsgseq:171782
W/ActivityManager(  764): getTasks: caller 10096 does not hold GET_TASKS; limiting output
W/ActivityManager(  764): getTasks: caller 10096 does not hold GET_TASKS; limiting output
D/ProxyIpManagerImpl( 4043): [E]Load local proxy ip failed, uin:*6422 type: 3 reason: not mobile network!
D/MSF.C.NetConnTag( 2042): [E]pa ok: 73865
D/MSF.C.NetConnTag( 2042): [E]netSend ssoSeq:73865 uin:*6422 cmd:-607473955 74012
D/ProxyIpManagerImpl( 4043): [E]Load local proxy ip failed, uin:*6422 type: 3 reason: not mobile network!
D/MSF.C.NetConnTag( 2042): [E]pa ok: 73867
D/MSF.C.NetConnTag( 2042): [E]netSend ssoSeq:73867 uin:*6422 cmd:-607473955 74014
D/MSF.C.NetConnTag( 2042): [E]netRecv ssoSeq:73865 uin:*6422 cmd:-607473955 74160
D/MSF.C.NetConnTag( 2042): [E]netRecv ssoSeq:73867 uin:*6422 cmd:-607473955 74162
W/Settings( 1198): Setting android_id has moved from android.provider.Settings.System to android.provider.Settings.Secure, returning read-only value.
I/perf    ( 1198): SafeUtils.getNaclEncryptedData user time:  61 ms
W/ActivityManager(  764): getTasks: caller 10096 does not hold GET_TASKS; limiting output
W/ActivityManager(  764): getTasks: caller 10096 does not hold GET_TASKS; limiting output
I/MQClient(  764): unable to connect to [/data/misc/location/mq/location-mq-s]:[No such file or directory]
W/XTWiFiOS(  764): connection failure. count 11
W/ActivityManager(  764): getTasks: caller 10096 does not hold GET_TASKS; limiting output
W/ActivityManager(  764): getTasks: caller 10096 does not hold GET_TASKS; limiting output
W/ActivityManager(  764): getTasks: caller 10084 does not hold GET_TASKS; limiting output
W/ActivityManager(  764): getTasks: caller 10071 does not hold GET_TASKS; limiting output
W/Settings( 2042): Setting airplane_mode_on has moved from android.provider.Settings.System to android.provider.Settings.Global, returning read-only value.
W/beacon  ( 2042): onUserAction return false, because eventName:[actPicThumbDownload] is not allowed in server strategy!
W/ActivityManager(  764): getTasks: caller 10071 does not hold GET_TASKS; limiting output
W/Settings( 2042): Setting airplane_mode_on has moved from android.provider.Settings.System to android.provider.Settings.Global, returning read-only value.
D/MSF.C.NetConnTag( 2042): [E]netRecv ssoSeq:156379917 uin:*6422 cmd:-316037937 156380236
D/Q.msg.TroopMsgProxy( 4043): [E]insertToList MessageRecord=friendUin:5624senderuin:6085,istroop:1,msgType:-1000,time:1421308135,shmsgseq:43784
W/beacon  ( 2042): onUserAction return false, because eventName:[actPicBigDownload] is not allowed in server strategy!
W/ActivityManager(  764): getTasks: caller 10071 does not hold GET_TASKS; limiting output
W/Settings( 2042): Setting airplane_mode_on has moved from android.provider.Settings.System to android.provider.Settings.Global, returning read-only value.
W/beacon  ( 2042): onUserAction return false, because eventName:[actGroupPicSmallDownV1] is not allowed in server strategy!
W/ActivityManager(  764): getTasks: caller 10071 does not hold GET_TASKS; limiting output
W/Settings( 2042): Setting airplane_mode_on has moved from android.provider.Settings.System to android.provider.Settings.Global, returning read-only value.
W/beacon  ( 2042): onUserAction return false, because eventName:[actGroupPicDownloadV1] is not allowed in server strategy!
W/ActivityManager(  764): getTasks: caller 10096 does not hold GET_TASKS; limiting output
W/ActivityManager(  764): getTasks: caller 10096 does not hold GET_TASKS; limiting output
W/ActivityManager(  764): getTasks: caller 10096 does not hold GET_TASKS; limiting output
W/ActivityManager(  764): getTasks: caller 10096 does not hold GET_TASKS; limiting output
W/ActivityManager(  764): getTasks: caller 10096 does not hold GET_TASKS; limiting output
W/ActivityManager(  764): getTasks: caller 10096 does not hold GET_TASKS; limiting output
W/ActivityManager(  764): getRecentTasks: caller 10088 does not hold GET_TASKS; limiting output
W/ActivityManager(  764): getTasks: caller 10088 does not hold GET_TASKS; limiting output
I/MQClient(  764): unable to connect to [/data/misc/location/mq/location-mq-s]:[No such file or directory]
W/XTWiFiOS(  764): connection failure. count 12
W/ActivityManager(  764): getTasks: caller 10084 does not hold GET_TASKS; limiting output
W/ActivityManager(  764): getTasks: caller 10096 does not hold GET_TASKS; limiting output
W/ActivityManager(  764): getTasks: caller 10096 does not hold GET_TASKS; limiting output
W/ActivityManager(  764): getTasks: caller 10096 does not hold GET_TASKS; limiting output
W/ActivityManager(  764): getTasks: caller 10096 does not hold GET_TASKS; limiting output
E/Parcel  (  764): Reading a NULL string not supported here.
W/Parcel  (  764): **** enforceInterface() expected 'com.android.internal.telephony.ITelephonyRegistry' but read ''
E/Parcel  (  764): Reading a NULL string not supported here.
W/Parcel  (  764): **** enforceInterface() expected 'android.app.INotificationManager' but read ''
E/Parcel  (  764): Reading a NULL string not supported here.
W/Parcel  (  764): **** enforceInterface() expected 'android.net.IConnectivityManager' but read ''
E/Parcel  (  764): Reading a NULL string not supported here.
W/Parcel  (  764): **** enforceInterface() expected 'android.app.IActivityManager' but read ''
E/Parcel  (  764): Reading a NULL string not supported here.
W/Parcel  (  764): **** enforceInterface() expected 'android.bluetooth.IBluetooth' but read ''
E/Parcel  (  764): Reading a NULL string not supported here.
W/Parcel  (  764): **** enforceInterface() expected 'android.bluetooth.IBluetoothManager' but read ''
E/Parcel  (  764): Reading a NULL string not supported here.
W/Parcel  (  764): **** enforceInterface() expected 'android.location.ILocationManager' but read ''
E/Parcel  (  764): Reading a NULL string not supported here.
W/Parcel  (  764): **** enforceInterface() expected 'android.content.pm.IPackageManager' but read ''
E/Parcel  (  764): Reading a NULL string not supported here.
W/Parcel  (  764): **** enforceInterface() expected 'android.net.wifi.IWifiManager' but read ''
I/MQClient(  764): unable to connect to [/data/misc/location/mq/location-mq-s]:[No such file or directory]
W/XTWiFiOS(  764): connection failure. count 13
W/ActivityManager(  764): getTasks: caller 10096 does not hold GET_TASKS; limiting output
W/ActivityManager(  764): getTasks: caller 10096 does not hold GET_TASKS; limiting output
D/MSF.C.NetConnTag( 2042): [E]netRecv ssoSeq:156396950 uin:*6422 cmd:-316037937 156397253
D/Q.msg.TroopMsgProxy( 4043): [E]insertToList MessageRecord=friendUin:2143senderuin:5923,istroop:1,msgType:-1000,time:1421308144,shmsgseq:171783
W/ActivityManager(  764): getTasks: caller 10096 does not hold GET_TASKS; limiting output
W/ActivityManager(  764): getTasks: caller 10096 does not hold GET_TASKS; limiting output
W/ActivityManager(  764): getTasks: caller 10084 does not hold GET_TASKS; limiting output
E/WifiStateMachine(  764): WifiStateMachine CMD_START_SCAN source -2 txSuccessRate=5.19 rxSuccessRate=5.70 targetRoamBSSID=any RSSI=-67
I/wpa_supplicant( 1509): wlan0: CTRL-EVENT-SCAN-STARTED 
I/WifiHAL (  764): Poll result = 1
I/WifiHAL (  764): Found some events!!!
D/WifiHAL (  764): no_seq_check received
I/WifiHAL (  764): event received NL80211_CMD_TRIGGER_SCAN
I/WifiHAL (  764): event received NL80211_CMD_TRIGGER_SCAN, vendor_id = 0x0
I/WifiHAL (  764): event ignored!!
D/PhoneApp( 1693): getPhone phoneId:0
W/ActivityManager(  764): getTasks: caller 10096 does not hold GET_TASKS; limiting output
W/ActivityManager(  764): getTasks: caller 10096 does not hold GET_TASKS; limiting output
I/PowerManagerService(  764): Going to sleep due to screen timeout (uid 1000)...
I/Adreno-EGL(  764): <qeglDrvAPI_eglInitialize:410>: EGL 1.4 QUALCOMM build: Nondeterministic_AU_msm8974_LA.BF.1.1.1_RB1__release_AU ()
I/Adreno-EGL(  764): OpenGL ES Shader Compiler Version: E031.25.03.00
I/Adreno-EGL(  764): Build Date: 12/11/14 Thu
I/Adreno-EGL(  764): Local Branch: mybranch6275889
I/Adreno-EGL(  764): Remote Branch: quic/LA.BF.1.1_rb1.16
I/Adreno-EGL(  764): Local Patches: NONE
I/Adreno-EGL(  764): Reconstruct Branch: NOTHING
I/WifiHAL (  764): Poll result = 1
I/WifiHAL (  764): Found some events!!!
D/WifiHAL (  764): no_seq_check received
I/WifiHAL (  764): event received NL80211_CMD_NEW_SCAN_RESULTS
I/WifiHAL (  764): event received NL80211_CMD_NEW_SCAN_RESULTS, vendor_id = 0x0
I/WifiHAL (  764): event ignored!!
V/XTWiFiOS(  764): Wifi scan result receiver called
D/LBSSystemMonitorService(  764): handleMessage what - 4
D/Wiper_jni(  764): Send Network Location.
I/WifiMonitor( 1565): mWifiReceiver SCAN_RESULTS_AVAILABLE_ACTION
D/MSF.C.NetConnTag( 2042): [E]netRecv ssoSeq:156401364 uin:*6422 cmd:-316037937 156401667
W/ActivityManager(  764): getTasks: caller 10071 does not hold GET_TASKS; limiting output
W/ActivityManager(  764): getTasks: caller 10071 does not hold GET_TASKS; limiting output
D/Q.msg.TroopMsgProxy( 4043): [E]insertToList MessageRecord=friendUin:5624senderuin:8305,istroop:1,msgType:-1000,time:1421308146,shmsgseq:43785
W/ActivityManager(  764): getTasks: caller 10096 does not hold GET_TASKS; limiting output
W/ActivityManager(  764): getTasks: caller 10096 does not hold GET_TASKS; limiting output
E/qti_sensors_hal(  764): waitForResponse: pthread_cond_timedwait() rc=110 (cond: 0)
E/qti_sensors_hal(  764): timeServiceStop: ERROR: No response from request 0
I/Choreographer(  764): Skipped 64 frames!  The application may be doing too much work on its main thread.
I/DisplayManagerService(  764): Display device changed: DisplayDeviceInfo{"": 1080 x 1920, 63.0 fps, supportedRefreshRates [63.0], density 480, 403.411 x 403.041 dpi, appVsyncOff 7500000, presDeadline 11873016, touch INTERNAL, rotation 0, type BUILT_IN, state OFF, FLAG_DEFAULT_DISPLAY, FLAG_ROTATES_WITH_CONTENT, FLAG_SECURE, FLAG_SUPPORTS_PROTECTED_BUFFERS}
V/ActivityManager(  764): Display changed displayId=0
D/SurfaceFlinger(  209): Set power mode=0, type=0 flinger=0xb6962000
D/qdhwcomposer(  209): hwc_setPowerMode: Setting mode 0 on display: 0
I/qdhwcomposer(  209): handle_blank_event: dpy:0 panel power state: 0
D/qdhwcomposer(  209): hwc_setPowerMode: Done setting mode 0 on display 0
D/SurfaceControl(  764): Excessive delay in setPowerMode(): 234ms
E/QCOM PowerHAL(  764): Invalid hint ID.
I/QCOM PowerHAL(  764): Got set_interactive hint
I/PowerManagerService(  764): Sleeping (uid 1000)...
D/audio_hw_primary(  239): adev_set_parameters: enter: screen_state=on
E/audio_a2dp_hw(  239): adev_set_parameters: ERROR: set param called even when stream out is null
E/native  (  764): do suspend false
I/WifiHAL (  764): Poll result = 1
I/WifiHAL (  764): Found some events!!!
D/WifiHAL (  764): no_seq_check received
I/WifiHAL (  764): event received NL80211_CMD_SET_REKEY_OFFLOAD
I/WifiHAL (  764): event received NL80211_CMD_SET_REKEY_OFFLOAD, vendor_id = 0x0
I/WifiHAL (  764): event ignored!!
I/art     (  764): Explicit concurrent mark sweep GC freed 45704(2MB) AllocSpace objects, 13(745KB) LOS objects, 32% free, 33MB/49MB, paused 1.184ms total 88.081ms
W/ActivityManager(  764): getTasks: caller 10096 does not hold GET_TASKS; limiting output
W/ActivityManager(  764): getTasks: caller 10096 does not hold GET_TASKS; limiting output
W/ActivityManager(  764): getTasks: caller 10096 does not hold GET_TASKS; limiting output
W/ActivityManager(  764): getTasks: caller 10096 does not hold GET_TASKS; limiting output
D/Ulp_jni (  764): JNI:system_update. Event-0
E/LocSvc_libulp(  764): W/Loc HAL handshake did not happen yet...
W/ActivityManager(  764): getTasks: caller 10071 does not hold GET_TASKS; limiting output
W/ActivityManager(  764): getTasks: caller 10071 does not hold GET_TASKS; limiting output
W/ActivityManager(  764): getRecentTasks: caller 10088 does not hold GET_TASKS; limiting output
W/ActivityManager(  764): getTasks: caller 10088 does not hold GET_TASKS; limiting output
D/NfcService( 1684): Discovery configuration equal, not updating.
E/SQLiteLog( 1693): (1) no such column: type
E/MmsProvider( 1693): returning NULL cursor, query: content://mms/inbox
E/MmsProvider( 1693): android.database.sqlite.SQLiteException: no such column: type (code 1): , while compiling: SELECT * FROM pdu WHERE (msg_box=1) AND ((read=0 and type=1)) ORDER BY date DESC
E/MmsProvider( 1693): 	at android.database.sqlite.SQLiteConnection.nativePrepareStatement(Native Method)
E/MmsProvider( 1693): 	at android.database.sqlite.SQLiteConnection.acquirePreparedStatement(SQLiteConnection.java:891)
E/MmsProvider( 1693): 	at android.database.sqlite.SQLiteConnection.prepare(SQLiteConnection.java:502)
E/MmsProvider( 1693): 	at android.database.sqlite.SQLiteSession.prepare(SQLiteSession.java:588)
E/MmsProvider( 1693): 	at android.database.sqlite.SQLiteProgram.<init>(SQLiteProgram.java:58)
E/MmsProvider( 1693): 	at android.database.sqlite.SQLiteQuery.<init>(SQLiteQuery.java:37)
E/MmsProvider( 1693): 	at android.database.sqlite.SQLiteDirectCursorDriver.query(SQLiteDirectCursorDriver.java:44)
E/MmsProvider( 1693): 	at android.database.sqlite.SQLiteDatabase.rawQueryWithFactory(SQLiteDatabase.java:1316)
E/MmsProvider( 1693): 	at android.database.sqlite.SQLiteQueryBuilder.query(SQLiteQueryBuilder.java:400)
E/MmsProvider( 1693): 	at android.database.sqlite.SQLiteQueryBuilder.query(SQLiteQueryBuilder.java:294)
E/MmsProvider( 1693): 	at com.android.providers.telephony.MmsProvider.query(MmsProvider.java:212)
E/MmsProvider( 1693): 	at android.content.ContentProvider.query(ContentProvider.java:978)
E/MmsProvider( 1693): 	at android.content.ContentProvider$Transport.query(ContentProvider.java:213)
E/MmsProvider( 1693): 	at android.content.ContentProviderNative.onTransact(ContentProviderNative.java:112)
E/MmsProvider( 1693): 	at android.os.Binder.transact(Binder.java:380)
E/MmsProvider( 1693): 	at com.qihoo360.mobilesafe.loadedmgr.b.n.a(SourceFile:276)
E/MmsProvider( 1693): 	at com.qihoo360.mobilesafe.loaded.AppJar$FilterInstance.filterExecTransact(SourceFile:1397)
E/MmsProvider( 1693): 	at com.qihoo360.mobilesafe.loadednative.NativeManager.execTransact(SourceFile:291)
W/ActivityManager(  764): getTasks: caller 10071 does not hold GET_TASKS; limiting output
W/ActivityManager(  764): getTasks: caller 10071 does not hold GET_TASKS; limiting output
D/MSF.C.LogManager( 2042): [E]onReceive broadcastreceiver.action = android.intent.action.SCREEN_ON
D/PhoneApp( 1693): getPhone phoneId:0
E/native  (  764): do suspend true
D/audio_hw_primary(  239): adev_set_parameters: enter: screen_state=off
E/audio_a2dp_hw(  239): adev_set_parameters: ERROR: set param called even when stream out is null
W/ActivityManager(  764): getTasks: caller 10071 does not hold GET_TASKS; limiting output
E/NxpTml  ( 1684): _i2c_write() errno : 5
E/NxpTml  ( 1684): PN547 - Error in I2C Write.....
E/NxpHal  ( 1684): write error status = 0x1ff
E/NxpHal  ( 1684): write_unlocked failed - PN547 Maybe in Standby Mode - Retry
W/ActivityManager(  764): getTasks: caller 10071 does not hold GET_TASKS; limiting output
D/MSF.C.LogManager( 2042): [E]onReceive broadcastreceiver.action = android.intent.action.SCREEN_OFF
W/ResponseProcessCookies( 2333): Invalid cookie header: "Set-Cookie: BAIDUID=6F047ABCCE314C457C08E929EC14BA92:FG=1; max-age=31536000; expires=Fri, 15-Jan-16 07:49:07 GMT; domain=.baidu.com; path=/; version=1". Unable to parse expires attribute: Fri
W/ResponseProcessCookies( 2333): Invalid cookie header: "Set-Cookie: BAIDUID=6F047ABCCE314C4564CCA0363EF45E99:FG=1; expires=Fri, 15-Jan-16 07:49:07 GMT; max-age=31536000; path=/; domain=.baidu.com; version=1". Unable to parse expires attribute: Fri
W/ResponseProcessCookies( 2333): Invalid cookie header: "Set-Cookie: BAIDUID=31751A9E898BE65A1C62CB2B07E80868:FG=1; expires=Fri, 15-Jan-16 07:49:07 GMT; max-age=31536000; path=/; domain=.baidu.com; version=1". Unable to parse expires attribute: Fri
W/ActivityManager(  764): getRecentTasks: caller 10088 does not hold GET_TASKS; limiting output
W/ActivityManager(  764): getTasks: caller 10088 does not hold GET_TASKS; limiting output
I/MQClient(  764): unable to connect to [/data/misc/location/mq/location-mq-s]:[No such file or directory]
W/XTWiFiOS(  764): connection failure. count 14
W/ActivityManager(  764): getTasks: caller 10084 does not hold GET_TASKS; limiting output
W/ActivityManager(  764): getTasks: caller 10096 does not hold GET_TASKS; limiting output
E/Parcel  (  764): Reading a NULL string not supported here.
W/Parcel  (  764): **** enforceInterface() expected 'com.android.internal.telephony.ITelephonyRegistry' but read ''
E/Parcel  (  764): Reading a NULL string not supported here.
W/Parcel  (  764): **** enforceInterface() expected 'android.app.INotificationManager' but read ''
E/Parcel  (  764): Reading a NULL string not supported here.
W/Parcel  (  764): **** enforceInterface() expected 'android.net.IConnectivityManager' but read ''
E/Parcel  (  764): Reading a NULL string not supported here.
W/Parcel  (  764): **** enforceInterface() expected 'android.app.IActivityManager' but read ''
E/Parcel  (  764): Reading a NULL string not supported here.
W/Parcel  (  764): **** enforceInterface() expected 'android.bluetooth.IBluetooth' but read ''
E/Parcel  (  764): Reading a NULL string not supported here.
W/Parcel  (  764): **** enforceInterface() expected 'android.bluetooth.IBluetoothManager' but read ''
E/Parcel  (  764): Reading a NULL string not supported here.
W/Parcel  (  764): **** enforceInterface() expected 'android.location.ILocationManager' but read ''
E/Parcel  (  764): Reading a NULL string not supported here.
W/Parcel  (  764): **** enforceInterface() expected 'android.content.pm.IPackageManager' but read ''
E/Parcel  (  764): Reading a NULL string not supported here.
W/Parcel  (  764): **** enforceInterface() expected 'android.net.wifi.IWifiManager' but read ''
W/ResourceType( 1881): ResTable_typeSpec entry count inconsistent: given 1, previously 1426
E/Parcel  (  764): Reading a NULL string not supported here.
W/Parcel  (  764): **** enforceInterface() expected 'com.android.internal.telephony.ITelephonyRegistry' but read ''
E/Parcel  (  764): Reading a NULL string not supported here.
W/Parcel  (  764): **** enforceInterface() expected 'android.app.INotificationManager' but read ''
E/Parcel  (  764): Reading a NULL string not supported here.
W/Parcel  (  764): **** enforceInterface() expected 'android.net.IConnectivityManager' but read ''
E/Parcel  (  764): Reading a NULL string not supported here.
W/Parcel  (  764): **** enforceInterface() expected 'android.app.IActivityManager' but read ''
E/Parcel  (  764): Reading a NULL string not supported here.
W/Parcel  (  764): **** enforceInterface() expected 'android.bluetooth.IBluetooth' but read ''
E/Parcel  (  764): Reading a NULL string not supported here.
W/Parcel  (  764): **** enforceInterface() expected 'android.bluetooth.IBluetoothManager' but read ''
E/Parcel  (  764): Reading a NULL string not supported here.
W/Parcel  (  764): **** enforceInterface() expected 'android.location.ILocationManager' but read ''
E/Parcel  (  764): Reading a NULL string not supported here.
W/Parcel  (  764): **** enforceInterface() expected 'android.content.pm.IPackageManager' but read ''
E/Parcel  (  764): Reading a NULL string not supported here.
W/Parcel  (  764): **** enforceInterface() expected 'android.net.wifi.IWifiManager' but read ''
D/Event   ( 1881): No subscribers registered for event class com.sogou.androidtool.event.LoaderFinishEvent
D/Event   ( 1881): No subscribers registered for event class bto
W/ActivityManager(  764): getTasks: caller 10096 does not hold GET_TASKS; limiting output
D/MSF.C.NetConnTag( 2042): [E]netRecv ssoSeq:156411998 uin:*6422 cmd:-316037937 156412365
D/Q.msg.TroopMsgProxy( 4043): [E]insertToList MessageRecord=friendUin:9745senderuin:9422,istroop:1,msgType:-1000,time:1421308152,shmsgseq:69060
W/ActivityManager(  764): getTasks: caller 10096 does not hold GET_TASKS; limiting output
W/ActivityManager(  764): getTasks: caller 10096 does not hold GET_TASKS; limiting output
D/PhoneStatusBar( 1094): disable: < expand ICONS* alerts SYSTEM_INFO* back home recent clock search >
D/BluetoothAdapter( 1094): 522704479: getState() :  mService = null. Returning STATE_OFF
D/BluetoothAdapter( 1094): 522704479: getState() :  mService = null. Returning STATE_OFF
D/BluetoothAdapter( 1094): 522704479: getState() :  mService = null. Returning STATE_OFF
D/BluetoothAdapter( 1094): 522704479: getState() :  mService = null. Returning STATE_OFF
W/Settings( 1094): Setting airplane_mode_on has moved from android.provider.Settings.System to android.provider.Settings.Global, returning read-only value.
D/StrictMode( 1094): Wrote violation #1 of 5: 11020 bytes
D/StrictMode( 1094): Wrote violation #2 of 5: 10944 bytes
D/StrictMode( 1094): Wrote violation #3 of 5: 10936 bytes
D/StrictMode( 1094): Wrote violation #4 of 5: 10952 bytes
D/StrictMode(  764): Wrote violation #1 of 5: 14480 bytes
D/StrictMode(  764): Wrote violation #2 of 5: 14404 bytes
D/StrictMode(  764): Wrote violation #3 of 5: 14396 bytes
D/StrictMode(  764): Wrote violation #4 of 5: 14412 bytes
D/PhoneStatusBar( 1094): disable: < expand ICONS alerts SYSTEM_INFO back HOME* RECENT* clock SEARCH* >
I/MQClient(  764): unable to connect to [/data/misc/location/mq/location-mq-s]:[No such file or directory]
W/XTWiFiOS(  764): connection failure. count 15
W/ActivityManager(  764): getTasks: caller 10096 does not hold GET_TASKS; limiting output
D/MSF.C.NetConnTag( 2042): [E]netRecv ssoSeq:156416509 uin:*6422 cmd:-316037937 156416820
D/Q.msg.TroopMsgProxy( 4043): [E]insertToList MessageRecord=friendUin:2143senderuin:5923,istroop:1,msgType:-1000,time:1421308154,shmsgseq:171784
W/ActivityManager(  764): getTasks: caller 10096 does not hold GET_TASKS; limiting output
W/ActivityManager(  764): getTasks: caller 10096 does not hold GET_TASKS; limiting output
W/ActivityManager(  764): getTasks: caller 10084 does not hold GET_TASKS; limiting output
I/rmt_storage(  210): rmt_storage_connect_cb: clnt_h=0x7 conn_h=0xb6b010a0
I/rmt_storage(  210): rmt_storage_rw_iovec_cb: /boot/modem_fs2: clnt_h=0x2: req_h=0xf msg_id=3: R/W request received
I/rmt_storage(  210): wakelock acquired: 1, error no: 42
I/rmt_storage(  210): rmt_storage_client_thread: /boot/modem_fs2: clnt_h=0x2 Unblock worker thread (th_id: -1229454592)
I/rmt_storage(  210): rmt_storage_client_thread: /boot/modem_fs2: clnt_h=0x2: req_h=0xf msg_id=3: Bytes written = 1572864
I/rmt_storage(  210): rmt_storage_client_thread: /boot/modem_fs2: clnt_h=0x2: req_h=0xf msg_id=3: Send response: res=0 err=0
I/rmt_storage(  210): rmt_storage_client_thread: /boot/modem_fs2: clnt_h=0x2 About to block rmt_storage client thread (th_id: -1229454592) wakelock released: 1, error no: 0
I/rmt_storage(  210): 
I/rmt_storage(  210): rmt_storage_disconnect_cb: clnt_h=0x0x7 conn_h=0x0xb6b010a0
W/ActivityManager(  764): getTasks: caller 10096 does not hold GET_TASKS; limiting output
D/MSF.C.NetConnTag( 2042): [E]netRecv ssoSeq:156419064 uin:*6422 cmd:-316037937 156419343
D/Q.msg.TroopMsgProxy( 4043): [E]insertToList MessageRecord=friendUin:2143senderuin:3056,istroop:1,msgType:-1000,time:1421308155,shmsgseq:171785
W/ActivityManager(  764): getTasks: caller 10096 does not hold GET_TASKS; limiting output
W/ActivityManager(  764): getTasks: caller 10096 does not hold GET_TASKS; limiting output
I/NotifyService( 3240): re-schedule (news_article-13 2015-01-15 15:49:15) RTC_WAKEUP 2015-01-15 15:56:15
D/MSF.C.NetConnTag( 2042): [E]netRecv ssoSeq:156422119 uin:*6422 cmd:-316037937 156422398
D/Q.msg.TroopMsgProxy( 4043): [E]insertToList MessageRecord=friendUin:2143senderuin:5923,istroop:1,msgType:-1000,time:1421308157,shmsgseq:171786
W/ActivityManager(  764): getTasks: caller 10096 does not hold GET_TASKS; limiting output
W/ActivityManager(  764): getTasks: caller 10096 does not hold GET_TASKS; limiting output
W/ActivityManager(  764): getTasks: caller 10096 does not hold GET_TASKS; limiting output
I/MQClient(  764): unable to connect to [/data/misc/location/mq/location-mq-s]:[No such file or directory]
W/XTWiFiOS(  764): connection failure. count 16
W/ActivityManager(  764): getTasks: caller 10084 does not hold GET_TASKS; limiting output
W/ActivityManager(  764): getTasks: caller 10096 does not hold GET_TASKS; limiting output
W/ActivityManager(  764): getTasks: caller 10096 does not hold GET_TASKS; limiting output
I/MQClient(  764): unable to connect to [/data/misc/location/mq/location-mq-s]:[No such file or directory]
W/XTWiFiOS(  764): connection failure. count 17
W/ActivityManager(  764): getTasks: caller 10096 does not hold GET_TASKS; limiting output
W/ActivityManager(  764): getTasks: caller 10084 does not hold GET_TASKS; limiting output
D/AlarmService( 3734): on Create
D/AlarmService( 3734): on Start
D/AlarmService( 3734): start alarm service from action APPLICATION_START
D/PushPending( 3734): Start fetch pending push request
D/PushPending( 3734): Fetch pending push v3 started, did is a564afdc8666414da1223c14c0e100aa8dce2de7, auth is false
D/PushPending( 3734): Fetch pending push v3 finished, no content
W/ActivityManager(  764): getTasks: caller 10096 does not hold GET_TASKS; limiting output
D/MSF.C.NetConnTag( 2042): [E]netRecv ssoSeq:156440637 uin:*6422 cmd:-316037937 156440932
D/Q.msg.TroopMsgProxy( 4043): [E]insertToList MessageRecord=friendUin:9745senderuin:5872,istroop:1,msgType:-1000,time:1421308167,shmsgseq:69061
W/ActivityManager(  764): getTasks: caller 10096 does not hold GET_TASKS; limiting output
W/ActivityManager(  764): getTasks: caller 10096 does not hold GET_TASKS; limiting output
I/art     ( 1094): Explicit concurrent mark sweep GC freed 49897(4MB) AllocSpace objects, 27(971KB) LOS objects, 29% free, 38MB/54MB, paused 756us total 37.490ms
W/ActivityManager(  764): getTasks: caller 10096 does not hold GET_TASKS; limiting output
I/MQClient(  764): unable to connect to [/data/misc/location/mq/location-mq-s]:[No such file or directory]
W/XTWiFiOS(  764): connection failure. count 18
W/ActivityManager(  764): getTasks: caller 10084 does not hold GET_TASKS; limiting output
W/ActivityManager(  764): getTasks: caller 10096 does not hold GET_TASKS; limiting output
D/MSF.C.NetConnTag( 2042): [E]netRecv ssoSeq:156446197 uin:*6422 cmd:-316037937 156446484
D/Q.msg.TroopMsgProxy( 4043): [E]insertToList MessageRecord=friendUin:2143senderuin:5923,istroop:1,msgType:-1000,time:1421308170,shmsgseq:171787
W/ActivityManager(  764): getTasks: caller 10096 does not hold GET_TASKS; limiting output
W/ActivityManager(  764): getTasks: caller 10096 does not hold GET_TASKS; limiting output
W/ActivityManager(  764): getTasks: caller 10096 does not hold GET_TASKS; limiting output
I/MQClient(  764): unable to connect to [/data/misc/location/mq/location-mq-s]:[No such file or directory]
W/XTWiFiOS(  764): connection failure. count 19
W/ActivityManager(  764): getTasks: caller 10096 does not hold GET_TASKS; limiting output
W/ActivityManager(  764): getTasks: caller 10084 does not hold GET_TASKS; limiting output
W/ActivityManager(  764): getTasks: caller 10096 does not hold GET_TASKS; limiting output
W/ActivityManager(  764): getTasks: caller 10096 does not hold GET_TASKS; limiting output
I/MQClient(  764): unable to connect to [/data/misc/location/mq/location-mq-s]:[No such file or directory]
E/XTWiFiOS(  764): connection failure. abort
W/ActivityManager(  764): getTasks: caller 10084 does not hold GET_TASKS; limiting output
W/ActivityManager(  764): getTasks: caller 10096 does not hold GET_TASKS; limiting output
W/ActivityManager(  764): getTasks: caller 10071 does not hold GET_TASKS; limiting output
W/ActivityManager(  764): getTasks: caller 10096 does not hold GET_TASKS; limiting output
D/MSF.C.NetConnTag( 2042): [E]pa ok: 73893
D/MSF.C.NetConnTag( 2042): [E]netSend ssoSeq:73893 uin:*6422 cmd:-1077286677 74168
D/MSF.C.NetConnTag( 2042): [E]pa ok: 73894
D/MSF.C.NetConnTag( 2042): [E]netSend ssoSeq:73894 uin:*6422 cmd:-1077286677 74161
W/ActivityManager(  764): getTasks: caller 10096 does not hold GET_TASKS; limiting output
W/ActivityManager(  764): getTasks: caller 10084 does not hold GET_TASKS; limiting output
D/MSF.C.NetConnTag( 2042): [E]netRecv ssoSeq:156474909 uin:*6422 cmd:-316037937 156475212
D/Q.msg.TroopMsgProxy( 4043): [E]insertToList MessageRecord=friendUin:9745senderuin:5872,istroop:1,msgType:-1000,time:1421308185,shmsgseq:69062
W/ActivityManager(  764): getTasks: caller 10096 does not hold GET_TASKS; limiting output
W/ActivityManager(  764): getTasks: caller 10096 does not hold GET_TASKS; limiting output
W/ActivityManager(  764): getTasks: caller 10096 does not hold GET_TASKS; limiting output
W/ActivityManager(  764): getTasks: caller 10096 does not hold GET_TASKS; limiting output
D/MSF.C.NetConnTag( 2042): [E]netRecv ssoSeq:156479121 uin:*6422 cmd:-316037937 156479440
D/Q.msg.TroopMsgProxy( 4043): [E]insertToList MessageRecord=friendUin:9745senderuin:9422,istroop:1,msgType:-1000,time:1421308187,shmsgseq:69063
W/ActivityManager(  764): getTasks: caller 10096 does not hold GET_TASKS; limiting output
W/ActivityManager(  764): getTasks: caller 10096 does not hold GET_TASKS; limiting output
I/art     (  764): Explicit concurrent mark sweep GC freed 29997(2MB) AllocSpace objects, 17(777KB) LOS objects, 32% free, 33MB/49MB, paused 12.652ms total 95.269ms
W/ActivityManager(  764): getTasks: caller 10084 does not hold GET_TASKS; limiting output
W/ActivityManager(  764): getTasks: caller 10096 does not hold GET_TASKS; limiting output
W/ActivityManager(  764): getTasks: caller 10096 does not hold GET_TASKS; limiting output
W/ActivityManager(  764): getTasks: caller 10096 does not hold GET_TASKS; limiting output
W/ActivityManager(  764): getTasks: caller 10084 does not hold GET_TASKS; limiting output
W/ActivityManager(  764): getTasks: caller 10096 does not hold GET_TASKS; limiting output
W/ActivityManager(  764): getTasks: caller 10096 does not hold GET_TASKS; limiting output
D/MSF.C.NetConnTag( 2042): [E]netRecv ssoSeq:156498556 uin:*6422 cmd:-316037937 156498875
D/Q.msg.TroopMsgProxy( 4043): [E]insertToList MessageRecord=friendUin:9745senderuin:9422,istroop:1,msgType:-1000,time:1421308198,shmsgseq:69064
I/art     ( 1198): Explicit concurrent mark sweep GC freed 50070(3MB) AllocSpace objects, 8(128KB) LOS objects, 40% free, 19MB/32MB, paused 704us total 42.627ms
W/ActivityManager(  764): getTasks: caller 10096 does not hold GET_TASKS; limiting output
W/ActivityManager(  764): getTasks: caller 10096 does not hold GET_TASKS; limiting output
W/ActivityManager(  764): getTasks: caller 10096 does not hold GET_TASKS; limiting output
W/ActivityManager(  764): getTasks: caller 10084 does not hold GET_TASKS; limiting output
W/ActivityManager(  764): getTasks: caller 10096 does not hold GET_TASKS; limiting output
W/ActivityManager(  764): getTasks: caller 10096 does not hold GET_TASKS; limiting output
W/ActivityManager(  764): getTasks: caller 10084 does not hold GET_TASKS; limiting output
W/ActivityManager(  764): getTasks: caller 10096 does not hold GET_TASKS; limiting output
W/ActivityManager(  764): getTasks: caller 10071 does not hold GET_TASKS; limiting output
D/MSF.C.NetConnTag( 2042): [E]netRecv ssoSeq:156513964 uin:*6422 cmd:-316037937 156514283
D/Q.msg.TroopMsgProxy( 4043): [E]insertToList MessageRecord=friendUin:9745senderuin:5872,istroop:1,msgType:-1000,time:1421308206,shmsgseq:69065
W/ActivityManager(  764): getTasks: caller 10096 does not hold GET_TASKS; limiting output
W/ActivityManager(  764): getTasks: caller 10096 does not hold GET_TASKS; limiting output
W/ActivityManager(  764): getTasks: caller 10096 does not hold GET_TASKS; limiting output
W/ActivityManager(  764): getTasks: caller 10096 does not hold GET_TASKS; limiting output
W/ActivityManager(  764): getTasks: caller 10084 does not hold GET_TASKS; limiting output
I/ActivityManager(  764): Killing 3068:com.qihoo.antivirus:remote/u0a96 (adj 15): empty #17
W/libprocessgroup(  764): failed to open /acct/uid_10096/pid_3068/cgroup.procs: No such file or directory
W/IdleConnectionHandler( 4043): Removing a connection that never existed!
W/IdleConnectionHandler( 4043): Removing a connection that never existed!
W/IdleConnectionHandler( 4043): Removing a connection that never existed!
W/ActivityManager(  764): getTasks: caller 10096 does not hold GET_TASKS; limiting output
W/ActivityManager(  764): getTasks: caller 10096 does not hold GET_TASKS; limiting output
W/ActivityManager(  764): getTasks: caller 10084 does not hold GET_TASKS; limiting output
W/ActivityManager(  764): getTasks: caller 10096 does not hold GET_TASKS; limiting output
W/ActivityManager(  764): getTasks: caller 10096 does not hold GET_TASKS; limiting output
D/MSF.C.NetConnTag( 2042): [E]netRecv ssoSeq:156537340 uin:*6422 cmd:-316037937 156537675
D/Q.msg.TroopMsgProxy( 4043): [E]insertToList MessageRecord=friendUin:9745senderuin:9422,istroop:1,msgType:-1000,time:1421308218,shmsgseq:69066
W/ActivityManager(  764): getTasks: caller 10096 does not hold GET_TASKS; limiting output
W/ActivityManager(  764): getTasks: caller 10096 does not hold GET_TASKS; limiting output
W/ActivityManager(  764): getTasks: caller 10096 does not hold GET_TASKS; limiting output
W/ActivityManager(  764): getTasks: caller 10084 does not hold GET_TASKS; limiting output
W/ActivityManager(  764): getTasks: caller 10096 does not hold GET_TASKS; limiting output
W/ActivityManager(  764): getTasks: caller 10096 does not hold GET_TASKS; limiting output
W/ActivityManager(  764): getTasks: caller 10084 does not hold GET_TASKS; limiting output
W/ActivityManager(  764): getTasks: caller 10096 does not hold GET_TASKS; limiting output
W/ActivityManager(  764): getTasks: caller 10096 does not hold GET_TASKS; limiting output
W/ActivityManager(  764): getTasks: caller 10096 does not hold GET_TASKS; limiting output
W/ActivityManager(  764): getTasks: caller 10084 does not hold GET_TASKS; limiting output
W/ActivityManager(  764): getTasks: caller 10096 does not hold GET_TASKS; limiting output
W/ActivityManager(  764): getTasks: caller 10096 does not hold GET_TASKS; limiting output
W/ActivityManager(  764): getTasks: caller 10084 does not hold GET_TASKS; limiting output
W/ActivityManager(  764): getTasks: caller 10096 does not hold GET_TASKS; limiting output
W/ActivityManager(  764): getTasks: caller 10096 does not hold GET_TASKS; limiting output
W/ActivityManager(  764): getTasks: caller 10096 does not hold GET_TASKS; limiting output
W/ActivityManager(  764): getTasks: caller 10084 does not hold GET_TASKS; limiting output
W/ActivityManager(  764): getTasks: caller 10096 does not hold GET_TASKS; limiting output
D/MSF.C.NetConnTag( 2042): [E]netRecv ssoSeq:156582182 uin:*6422 cmd:-316037937 156582469
D/Q.msg.TroopMsgProxy( 4043): [E]insertToList MessageRecord=friendUin:9745senderuin:5872,istroop:1,msgType:-1000,time:1421308242,shmsgseq:69067
W/ActivityManager(  764): getTasks: caller 10096 does not hold GET_TASKS; limiting output
W/ActivityManager(  764): getTasks: caller 10096 does not hold GET_TASKS; limiting output
I/art     ( 4043): Background partial concurrent mark sweep GC freed 90813(4MB) AllocSpace objects, 59(2MB) LOS objects, 35% free, 28MB/44MB, paused 894us total 139.824ms
W/ActivityManager(  764): getTasks: caller 10096 does not hold GET_TASKS; limiting output
W/ActivityManager(  764): getTasks: caller 10084 does not hold GET_TASKS; limiting output
W/ActivityManager(  764): getTasks: caller 10096 does not hold GET_TASKS; limiting output
W/ActivityManager(  764): getTasks: caller 10096 does not hold GET_TASKS; limiting output
D/MSF.C.NetConnTag( 2042): [E]netRecv ssoSeq:156595512 uin:*6422 cmd:-316037937 156595887
D/Q.msg.TroopMsgProxy( 4043): [E]insertToList MessageRecord=friendUin:9745senderuin:9422,istroop:1,msgType:-1000,time:1421308249,shmsgseq:69068
W/ActivityManager(  764): getTasks: caller 10096 does not hold GET_TASKS; limiting output
W/ActivityManager(  764): getTasks: caller 10096 does not hold GET_TASKS; limiting output
W/ActivityManager(  764): getTasks: caller 10096 does not hold GET_TASKS; limiting output
W/ActivityManager(  764): getTasks: caller 10084 does not hold GET_TASKS; limiting output
W/ActivityManager(  764): getTasks: caller 10096 does not hold GET_TASKS; limiting output
W/ActivityManager(  764): getTasks: caller 10096 does not hold GET_TASKS; limiting output
W/ActivityManager(  764): getTasks: caller 10084 does not hold GET_TASKS; limiting output
W/ActivityManager(  764): getTasks: caller 10096 does not hold GET_TASKS; limiting output
W/ActivityManager(  764): getTasks: caller 10096 does not hold GET_TASKS; limiting output
W/ActivityManager(  764): getTasks: caller 10096 does not hold GET_TASKS; limiting output
W/ActivityManager(  764): getTasks: caller 10084 does not hold GET_TASKS; limiting output
W/ActivityManager(  764): getTasks: caller 10096 does not hold GET_TASKS; limiting output
W/ActivityManager(  764): getTasks: caller 10096 does not hold GET_TASKS; limiting output
W/ActivityManager(  764): getTasks: caller 10084 does not hold GET_TASKS; limiting output
D/MSF.C.NetConnTag( 2042): [E]netRecv ssoSeq:156626976 uin:*6422 cmd:-316037937 156627327
D/Q.msg.TroopMsgProxy( 4043): [E]insertToList MessageRecord=friendUin:0664senderuin:3653,istroop:1,msgType:-1000,time:1421308266,shmsgseq:493245
W/ActivityManager(  764): getTasks: caller 10096 does not hold GET_TASKS; limiting output
W/ActivityManager(  764): getTasks: caller 10096 does not hold GET_TASKS; limiting output
W/ActivityManager(  764): getTasks: caller 10096 does not hold GET_TASKS; limiting output
W/ActivityManager(  764): getTasks: caller 10096 does not hold GET_TASKS; limiting output
W/ActivityManager(  764): getTasks: caller 10096 does not hold GET_TASKS; limiting output
W/ActivityManager(  764): getTasks: caller 10084 does not hold GET_TASKS; limiting output
W/ActivityManager(  764): getTasks: caller 10096 does not hold GET_TASKS; limiting output
W/ActivityManager(  764): getTasks: caller 10096 does not hold GET_TASKS; limiting output
W/ActivityManager(  764): getTasks: caller 10084 does not hold GET_TASKS; limiting output
W/ActivityManager(  764): getTasks: caller 10096 does not hold GET_TASKS; limiting output
W/ActivityManager(  764): getTasks: caller 10096 does not hold GET_TASKS; limiting output
W/ActivityManager(  764): getTasks: caller 10096 does not hold GET_TASKS; limiting output
W/ActivityManager(  764): getTasks: caller 10084 does not hold GET_TASKS; limiting output
W/ActivityManager(  764): getTasks: caller 10096 does not hold GET_TASKS; limiting output
W/ActivityManager(  764): getTasks: caller 10096 does not hold GET_TASKS; limiting output
W/ActivityManager(  764): getTasks: caller 10084 does not hold GET_TASKS; limiting output
W/ActivityManager(  764): getTasks: caller 10096 does not hold GET_TASKS; limiting output
W/ActivityManager(  764): getTasks: caller 10096 does not hold GET_TASKS; limiting output
W/ActivityManager(  764): getTasks: caller 10096 does not hold GET_TASKS; limiting output
W/ActivityManager(  764): getTasks: caller 10084 does not hold GET_TASKS; limiting output
W/ActivityManager(  764): getTasks: caller 10096 does not hold GET_TASKS; limiting output
W/ActivityManager(  764): getTasks: caller 10096 does not hold GET_TASKS; limiting output
W/ActivityManager(  764): getTasks: caller 10084 does not hold GET_TASKS; limiting output
W/ActivityManager(  764): getTasks: caller 10096 does not hold GET_TASKS; limiting output
W/ActivityManager(  764): getTasks: caller 10096 does not hold GET_TASKS; limiting output
W/ActivityManager(  764): getTasks: caller 10096 does not hold GET_TASKS; limiting output
W/ActivityManager(  764): getTasks: caller 10084 does not hold GET_TASKS; limiting output
W/ActivityManager(  764): getTasks: caller 10096 does not hold GET_TASKS; limiting output
D/MSF.C.NetConnTag( 2042): [E]netRecv ssoSeq:156696268 uin:*6422 cmd:-316037937 156696643
W/ActivityManager(  764): getTasks: caller 10071 does not hold GET_TASKS; limiting output
D/Q.msg.TroopMsgProxy( 4043): [E]insertToList MessageRecord=friendUin:9745senderuin:9422,istroop:1,msgType:-1000,time:1421308302,shmsgseq:69069
W/ActivityManager(  764): getTasks: caller 10096 does not hold GET_TASKS; limiting output
W/ActivityManager(  764): getTasks: caller 10096 does not hold GET_TASKS; limiting output
W/ActivityManager(  764): getTasks: caller 10096 does not hold GET_TASKS; limiting output
W/ActivityManager(  764): getTasks: caller 10084 does not hold GET_TASKS; limiting output
D/MSF.C.NetConnTag( 2042): [E]netRecv ssoSeq:156701238 uin:*6422 cmd:-316037937 156701541
D/Q.msg.TroopMsgProxy( 4043): [E]insertToList MessageRecord=friendUin:9745senderuin:5872,istroop:1,msgType:-1000,time:1421308305,shmsgseq:69070
W/ActivityManager(  764): getTasks: caller 10096 does not hold GET_TASKS; limiting output
W/ActivityManager(  764): getTasks: caller 10096 does not hold GET_TASKS; limiting output
W/ActivityManager(  764): getTasks: caller 10096 does not hold GET_TASKS; limiting output
W/ActivityManager(  764): getTasks: caller 10096 does not hold GET_TASKS; limiting output
W/ActivityManager(  764): getTasks: caller 10096 does not hold GET_TASKS; limiting output
W/ActivityManager(  764): getTasks: caller 10084 does not hold GET_TASKS; limiting output
W/ActivityManager(  764): getTasks: caller 10096 does not hold GET_TASKS; limiting output
W/ActivityManager(  764): getTasks: caller 10096 does not hold GET_TASKS; limiting output
W/ActivityManager(  764): getTasks: caller 10084 does not hold GET_TASKS; limiting output
W/ActivityManager(  764): getTasks: caller 10096 does not hold GET_TASKS; limiting output
E/qti_sensors_hal(  764): waitForResponse: pthread_cond_timedwait() rc=110 (cond: 0)
E/qti_sensors_hal(  764): timeServiceStart: ERROR: No response from request 2
W/art     (  764): Long monitor contention event with owner method=int android.hardware.SystemSensorManager$BaseEventQueue.nativeEnableSensor(long, int, int, int, int) from SystemSensorManager.java:4294967294 waiters=0 for 604ms
E/qti_sensors_hal(  764): waitForResponse: pthread_cond_timedwait() rc=110 (cond: 0)
E/qti_sensors_hal(  764): timeServiceStop: ERROR: No response from request 0
I/PowerManagerService(  764): Waking up from sleep (uid 1000)...
V/KeyguardServiceDelegate(  764): onScreenTurnedOn(showListener = com.android.internal.policy.impl.PhoneWindowManager$2@2141bab8)
I/QCOM PowerHAL(  764): Got set_interactive hint
I/DisplayPowerController(  764): Blocking screen on until initial contents have been drawn.
V/KeyguardServiceDelegate(  764): **** SHOWN CALLED ****
