W/Utils   (  239): bool android::canOffloadStream(const android::sp<android::MetaData>&, bool, const android::sp<android::MetaData>&, bool, audio_stream_type_t) No sample bit depth info in meta data
E/AudioPolicyManager(  239): isOffloadSupported: stream_type != MUSIC, returning false
W/Utils   (  239): bool android::canOffloadStream(const android::sp<android::MetaData>&, bool, const android::sp<android::MetaData>&, bool, audio_stream_type_t) No sample bit depth info in meta data
E/AudioPolicyManager(  239): isOffloadSupported: stream_type != MUSIC, returning false
I/SoftAAC2(  239): Reconfiguring decoder: 0->44100 Hz, 0->2 channels
E/MMParserExtractor(  239): FileSource::FILE_SOURCE_DATA_END 
E/MMParserExtractor(  239): FileSource::FILE_SOURCE_DATA_END 
D/NuPlayerDriver(  239): reset(0xb14b7580)
D/NuPlayerDriver(  239): notifyResetComplete(0xb14b7580)
D/ExtendedUtils(  239): Try creating ExtendedExtractor
D/ExtendedUtils(  239): Discarding default extractor and using the extended one
I/FFmpegExtractor(  239): android-source:0xae012060
I/FFMPEG  (  239): Input #0, mov,mp4,m4a,3gp,3g2,mj2, from 'android-source:0xae012060':
I/FFMPEG  (  239):   Metadata:
I/FFMPEG  (  239):     major_brand     : isom
I/FFMPEG  (  239):     minor_version   : 512
I/FFMPEG  (  239):     compatible_brands: isomiso2mp41
I/FFMPEG  (  239):     encoder         : Lavf54.6.100
I/FFMPEG  (  239):   Duration: 00:00:08.32, start: 0.000000, bitrate: 42 kb/s
I/FFMPEG  (  239):     Stream #0:0(und): Audio: aac (LC) (mp4a / 0x6134706D), 24000 Hz, mono, fltp, 41 kb/s (default)
I/FFMPEG  (  239):     Metadata:
I/FFMPEG  (  239):       handler_name    : SoundHandler
D/FFmpegExtractor(  239): FFmpegExtrator, url: android-source:0xae012060, format_name: mov,mp4,m4a,3gp,3g2,mj2, format_long_name: QuickTime / MOV
I/FFmpegExtractor(  239): adjust mime(video/mp4 -> audio/mp4a-latm)
D/FFmpegExtractor(  239): suppoted codec(aac) by official Stagefright
D/FFmpegExtractor(  239): ffmpeg detected media content as 'audio/mp4a-latm' with confidence 0.08
D/ExtendedUtils(  239): Try creating ExtendedExtractor
D/ExtendedUtils(  239): Discarding default extractor and using the extended one
D/NuPlayerDriver(  239): start(0xb140d3a0)
I/GenericSource(  239): start
W/Utils   (  239): bool android::canOffloadStream(const android::sp<android::MetaData>&, bool, const android::sp<android::MetaData>&, bool, audio_stream_type_t) No sample bit depth info in meta data
E/AudioPolicyManager(  239): isOffloadSupported: stream_type != MUSIC, returning false
W/Utils   (  239): bool android::canOffloadStream(const android::sp<android::MetaData>&, bool, const android::sp<android::MetaData>&, bool, audio_stream_type_t) No sample bit depth info in meta data
E/AudioPolicyManager(  239): isOffloadSupported: stream_type != MUSIC, returning false
E/MMParserExtractor(  239): FileSource::FILE_SOURCE_DATA_END 
E/MMParserExtractor(  239): FileSource::FILE_SOURCE_DATA_END 
I/SoftAAC2(  239): Reconfiguring decoder: 0->24000 Hz, 0->1 channels
D/NuPlayerDriver(  239): reset(0xb180d040)
D/NuPlayerDriver(  239): notifyResetComplete(0xb180d040)
D/ExtendedUtils(  239): Try creating ExtendedExtractor
D/ExtendedUtils(  239): Discarding default extractor and using the extended one
I/FFmpegExtractor(  239): android-source:0xb210c060
I/FFMPEG  (  239): Input #0, mov,mp4,m4a,3gp,3g2,mj2, from 'android-source:0xb210c060':
I/FFMPEG  (  239):   Metadata:
I/FFMPEG  (  239):     major_brand     : mp42
I/FFMPEG  (  239):     minor_version   : 0
I/FFMPEG  (  239):     compatible_brands: mp41isom
I/FFMPEG  (  239):     title           : gw-meta-data
I/FFMPEG  (  239):   Duration: 00:00:03.11, start: 0.000000, bitrate: 104 kb/s
I/FFMPEG  (  239):     Stream #0:0(und): Audio: aac (LC) (mp4a / 0x6134706D), 44100 Hz, stereo, fltp, 101 kb/s (default)
I/FFMPEG  (  239):     Metadata:
I/FFMPEG  (  239):       handler_name    : SoundHandler
D/FFmpegExtractor(  239): FFmpegExtrator, url: android-source:0xb210c060, format_name: mov,mp4,m4a,3gp,3g2,mj2, format_long_name: QuickTime / MOV
I/FFmpegExtractor(  239): adjust mime(video/mp4 -> audio/mp4a-latm)
D/FFmpegExtractor(  239): suppoted codec(aac) by official Stagefright
D/FFmpegExtractor(  239): ffmpeg detected media content as 'audio/mp4a-latm' with confidence 0.08
D/ExtendedUtils(  239): Try creating ExtendedExtractor
D/ExtendedUtils(  239): Discarding default extractor and using the extended one
D/NuPlayerDriver(  239): start(0xb14b7580)
I/GenericSource(  239): start
W/Utils   (  239): bool android::canOffloadStream(const android::sp<android::MetaData>&, bool, const android::sp<android::MetaData>&, bool, audio_stream_type_t) No sample bit depth info in meta data
E/AudioPolicyManager(  239): isOffloadSupported: stream_type != MUSIC, returning false
W/Utils   (  239): bool android::canOffloadStream(const android::sp<android::MetaData>&, bool, const android::sp<android::MetaData>&, bool, audio_stream_type_t) No sample bit depth info in meta data
E/AudioPolicyManager(  239): isOffloadSupported: stream_type != MUSIC, returning false
I/SoftAAC2(  239): Reconfiguring decoder: 0->44100 Hz, 0->2 channels
W/ActivityManager(  764): getTasks: caller 10096 does not hold GET_TASKS; limiting output
W/ActivityManager(  764): getTasks: caller 10096 does not hold GET_TASKS; limiting output
E/MMParserExtractor(  239): FileSource::FILE_SOURCE_DATA_END 
E/MMParserExtractor(  239): FileSource::FILE_SOURCE_DATA_END 
E/MMParserExtractor(  239): FileSource::FILE_SOURCE_DATA_END 
E/MMParserExtractor(  239): FileSource::FILE_SOURCE_DATA_END 
D/NuPlayerDriver(  239): reset(0xb14b7580)
D/NuPlayerDriver(  239): reset(0xb140d3a0)
D/NuPlayerDriver(  239): notifyResetComplete(0xb14b7580)
D/NuPlayerDriver(  239): notifyResetComplete(0xb140d3a0)
D/ExtendedUtils(  239): extended extractor not needed, return default
D/NuPlayerDriver(  239): start(0xb14b7580)
I/GenericSource(  239): start
E/AudioPolicyManager(  239): isOffloadSupported: stream_type != MUSIC, returning false
E/AudioPolicyManager(  239): isOffloadSupported: stream_type != MUSIC, returning false
D/ExtendedUtils(  239): Try creating ExtendedExtractor
E/MM_OSAL (  239): FileSource::FileSource
E/MM_OSAL (  239): FileSource::FileSource m_bEveryThingOK 1
E/MM_OSAL (  239): MM_File_Create File Name /data/mmosal_logmask.cfg , Mode 0
E/MM_OSAL (  239): MM_File_Create failed .Efs Error No -1 , File Name /data/mmosal_logmask.cfg , Mode 0
D/ExtendedUtils(  239): Discarding default extractor and using the extended one
I/FFmpegExtractor(  239): android-source:0xb210c060
I/AudioPolicyManager(  239): PCM offload property is enabled
D/NuPlayerDriver(  239): reset(0xb14b7580)
I/FFMPEG  (  239): Input #0, mov,mp4,m4a,3gp,3g2,mj2, from 'android-source:0xb210c060':
I/FFMPEG  (  239):   Metadata:
I/FFMPEG  (  239):     major_brand     : isom
I/FFMPEG  (  239):     minor_version   : 512
I/FFMPEG  (  239):     compatible_brands: isomiso2mp41
I/FFMPEG  (  239):     encoder         : Lavf54.6.100
I/FFMPEG  (  239):   Duration: 00:00:09.22, start: 0.000000, bitrate: 42 kb/s
I/FFMPEG  (  239):     Stream #0:0(und): Audio: aac (LC) (mp4a / 0x6134706D), 24000 Hz, mono, fltp, 41 kb/s (default)
I/FFMPEG  (  239):     Metadata:
I/FFMPEG  (  239):       handler_name    : SoundHandler
D/FFmpegExtractor(  239): FFmpegExtrator, url: android-source:0xb210c060, format_name: mov,mp4,m4a,3gp,3g2,mj2, format_long_name: QuickTime / MOV
I/FFmpegExtractor(  239): adjust mime(video/mp4 -> audio/mp4a-latm)
D/FFmpegExtractor(  239): suppoted codec(aac) by official Stagefright
D/FFmpegExtractor(  239): ffmpeg detected media content as 'audio/mp4a-latm' with confidence 0.08
D/ExtendedUtils(  239): Try creating ExtendedExtractor
E/MM_OSAL (  239): FileSource::FileSource
E/MM_OSAL (  239): FileSource::FileSource m_bEveryThingOK 1
E/MM_OSAL (  239): MM_File_Create File Name /data/mmosal_logmask.cfg , Mode 0
E/MM_OSAL (  239): MM_File_Create failed .Efs Error No -1 , File Name /data/mmosal_logmask.cfg , Mode 0
D/NuPlayerDriver(  239): notifyResetComplete(0xb14b7580)
D/ExtendedUtils(  239): Discarding default extractor and using the extended one
D/NuPlayerDriver(  239): start(0xb180d040)
I/GenericSource(  239): start
W/Utils   (  239): bool android::canOffloadStream(const android::sp<android::MetaData>&, bool, const android::sp<android::MetaData>&, bool, audio_stream_type_t) No sample bit depth info in meta data
E/AudioPolicyManager(  239): isOffloadSupported: stream_type != MUSIC, returning false
W/Utils   (  239): bool android::canOffloadStream(const android::sp<android::MetaData>&, bool, const android::sp<android::MetaData>&, bool, audio_stream_type_t) No sample bit depth info in meta data
E/AudioPolicyManager(  239): isOffloadSupported: stream_type != MUSIC, returning false
I/SoftAAC2(  239): Reconfiguring decoder: 0->24000 Hz, 0->1 channels
D/ExtendedUtils(  239): extended extractor not needed, return default
D/NuPlayerDriver(  239): start(0xb140d3a0)
I/GenericSource(  239): start
E/AudioPolicyManager(  239): isOffloadSupported: stream_type != MUSIC, returning false
E/AudioPolicyManager(  239): isOffloadSupported: stream_type != MUSIC, returning false
I/AudioPolicyManager(  239): PCM offload property is enabled
D/NuPlayerDriver(  239): reset(0xb140d3a0)
D/NuPlayerDriver(  239): notifyResetComplete(0xb140d3a0)
D/ExtendedUtils(  239): extended extractor not needed, return default
D/NuPlayerDriver(  239): start(0xb14b7580)
I/GenericSource(  239): start
E/AudioPolicyManager(  239): isOffloadSupported: stream_type != MUSIC, returning false
E/AudioPolicyManager(  239): isOffloadSupported: stream_type != MUSIC, returning false
I/AudioPolicyManager(  239): PCM offload property is enabled
I/dex2oat ( 3400): dex2oat took 625.145ms (threads: 4)
D/NuPlayerDriver(  239): reset(0xb14b7580)
D/NuPlayerDriver(  239): notifyResetComplete(0xb14b7580)
D/ExtendedUtils(  239): extended extractor not needed, return default
D/NuPlayerDriver(  239): start(0xb140d3a0)
I/GenericSource(  239): start
E/AudioPolicyManager(  239): isOffloadSupported: stream_type != MUSIC, returning false
E/AudioPolicyManager(  239): isOffloadSupported: stream_type != MUSIC, returning false
I/AudioPolicyManager(  239): PCM offload property is enabled
D/NuPlayerDriver(  239): reset(0xb140d3a0)
D/NuPlayerDriver(  239): notifyResetComplete(0xb140d3a0)
D/ExtendedUtils(  239): extended extractor not needed, return default
E/MMParserExtractor(  239): FileSource::FILE_SOURCE_DATA_END 
D/MSF.C.NetConnTag( 2042): [E]netRecv ssoSeq:156317945 uin:*6422 cmd:-316037937 156318264
D/NuPlayerDriver(  239): start(0xb14b7580)
I/GenericSource(  239): start
E/AudioPolicyManager(  239): isOffloadSupported: stream_type != MUSIC, returning false
E/AudioPolicyManager(  239): isOffloadSupported: stream_type != MUSIC, returning false
I/AudioPolicyManager(  239): PCM offload property is enabled
D/NuPlayerDriver(  239): reset(0xb14b7580)
D/NuPlayerDriver(  239): notifyResetComplete(0xb14b7580)
D/ExtendedUtils(  239): Try creating ExtendedExtractor
D/ExtendedUtils(  239): Discarding default extractor and using the extended one
I/FFmpegExtractor(  239): android-source:0xae102060
I/FFMPEG  (  239): Input #0, mov,mp4,m4a,3gp,3g2,mj2, from 'android-source:0xae102060':
I/FFMPEG  (  239):   Metadata:
I/FFMPEG  (  239):     major_brand     : mp42
I/FFMPEG  (  239):     minor_version   : 0
I/FFMPEG  (  239):     compatible_brands: mp41isom
I/FFMPEG  (  239):     title           : gw-meta-data
I/FFMPEG  (  239):   Duration: 00:00:03.46, start: 0.000000, bitrate: 106 kb/s
I/FFMPEG  (  239):     Stream #0:0(und): Audio: aac (LC) (mp4a / 0x6134706D), 44100 Hz, stereo, fltp, 103 kb/s (default)
I/FFMPEG  (  239):     Metadata:
I/FFMPEG  (  239):       handler_name    : SoundHandler
D/FFmpegExtractor(  239): FFmpegExtrator, url: android-source:0xae102060, format_name: mov,mp4,m4a,3gp,3g2,mj2, format_long_name: QuickTime / MOV
I/FFmpegExtractor(  239): adjust mime(video/mp4 -> audio/mp4a-latm)
D/FFmpegExtractor(  239): suppoted codec(aac) by official Stagefright
D/FFmpegExtractor(  239): ffmpeg detected media content as 'audio/mp4a-latm' with confidence 0.08
D/ExtendedUtils(  239): Try creating ExtendedExtractor
D/ExtendedUtils(  239): Discarding default extractor and using the extended one
D/NuPlayerDriver(  239): start(0xb140d3a0)
I/GenericSource(  239): start
W/Utils   (  239): bool android::canOffloadStream(const android::sp<android::MetaData>&, bool, const android::sp<android::MetaData>&, bool, audio_stream_type_t) No sample bit depth info in meta data
E/AudioPolicyManager(  239): isOffloadSupported: stream_type != MUSIC, returning false
W/Utils   (  239): bool android::canOffloadStream(const android::sp<android::MetaData>&, bool, const android::sp<android::MetaData>&, bool, audio_stream_type_t) No sample bit depth info in meta data
E/AudioPolicyManager(  239): isOffloadSupported: stream_type != MUSIC, returning false
I/SoftAAC2(  239): Reconfiguring decoder: 0->44100 Hz, 0->2 channels
E/MMParserExtractor(  239): FileSource::FILE_SOURCE_DATA_END 
D/NuPlayerDriver(  239): reset(0xb180d040)
D/NuPlayerDriver(  239): notifyResetComplete(0xb180d040)
D/ExtendedUtils(  239): Try creating ExtendedExtractor
D/ExtendedUtils(  239): Discarding default extractor and using the extended one
I/FFmpegExtractor(  239): android-source:0xb210c060
I/FFMPEG  (  239): Input #0, mov,mp4,m4a,3gp,3g2,mj2, from 'android-source:0xb210c060':
I/FFMPEG  (  239):   Metadata:
I/FFMPEG  (  239):     major_brand     : isom
I/FFMPEG  (  239):     minor_version   : 512
I/FFMPEG  (  239):     compatible_brands: isomiso2mp41
I/FFMPEG  (  239):     encoder         : Lavf54.6.100
I/FFMPEG  (  239):   Duration: 00:00:08.32, start: 0.000000, bitrate: 42 kb/s
I/FFMPEG  (  239):     Stream #0:0(und): Audio: aac (LC) (mp4a / 0x6134706D), 24000 Hz, mono, fltp, 41 kb/s (default)
I/FFMPEG  (  239):     Metadata:
I/FFMPEG  (  239):       handler_name    : SoundHandler
D/FFmpegExtractor(  239): FFmpegExtrator, url: android-source:0xb210c060, format_name: mov,mp4,m4a,3gp,3g2,mj2, format_long_name: QuickTime / MOV
I/FFmpegExtractor(  239): adjust mime(video/mp4 -> audio/mp4a-latm)
D/FFmpegExtractor(  239): suppoted codec(aac) by official Stagefright
D/FFmpegExtractor(  239): ffmpeg detected media content as 'audio/mp4a-latm' with confidence 0.08
D/ExtendedUtils(  239): Try creating ExtendedExtractor
D/ExtendedUtils(  239): Discarding default extractor and using the extended one
D/NuPlayerDriver(  239): start(0xb14b7580)
I/GenericSource(  239): start
W/Utils   (  239): bool android::canOffloadStream(const android::sp<android::MetaData>&, bool, const android::sp<android::MetaData>&, bool, audio_stream_type_t) No sample bit depth info in meta data
E/AudioPolicyManager(  239): isOffloadSupported: stream_type != MUSIC, returning false
W/Utils   (  239): bool android::canOffloadStream(const android::sp<android::MetaData>&, bool, const android::sp<android::MetaData>&, bool, audio_stream_type_t) No sample bit depth info in meta data
E/AudioPolicyManager(  239): isOffloadSupported: stream_type != MUSIC, returning false
I/SoftAAC2(  239): Reconfiguring decoder: 0->24000 Hz, 0->1 channels
E/MMParserExtractor(  239): FileSource::FILE_SOURCE_DATA_END 
I/dex2oat ( 3504): /system/bin/dex2oat --runtime-arg -classpath --runtime-arg  --instruction-set=arm --instruction-set-features=div --runtime-arg -Xrelocate --boot-image=/system/framework/boot.art --dex-file=/storage/emulated/0/system/tmp/462e28f5835fc3926ec0b015845d0572/tdata_xYb036.jar --oat-fd=62 --oat-location=/data/data/com.sdu.didi.psnger/files/tdata_xYb036.dex --runtime-arg -Xms64m --runtime-arg -Xmx512m
E/MMParserExtractor(  239): FileSource::FILE_SOURCE_DATA_END 
D/NuPlayerDriver(  239): reset(0xb140d3a0)
D/NuPlayerDriver(  239): notifyResetComplete(0xb140d3a0)
D/ExtendedUtils(  239): Try creating ExtendedExtractor
D/ExtendedUtils(  239): Discarding default extractor and using the extended one
I/FFmpegExtractor(  239): android-source:0xb1c7b060
I/FFMPEG  (  239): Input #0, mov,mp4,m4a,3gp,3g2,mj2, from 'android-source:0xb1c7b060':
I/FFMPEG  (  239):   Metadata:
I/FFMPEG  (  239):     major_brand     : mp42
I/FFMPEG  (  239):     minor_version   : 0
I/FFMPEG  (  239):     compatible_brands: mp41isom
I/FFMPEG  (  239):     title           : gw-meta-data
I/FFMPEG  (  239):   Duration: 00:00:00.56, start: 0.000000, bitrate: 138 kb/s
I/FFMPEG  (  239):     Stream #0:0(und): Audio: aac (LC) (mp4a / 0x6134706D), 44100 Hz, stereo, fltp, 126 kb/s (default)
I/FFMPEG  (  239):     Metadata:
I/FFMPEG  (  239):       handler_name    : SoundHandler
D/FFmpegExtractor(  239): FFmpegExtrator, url: android-source:0xb1c7b060, format_name: mov,mp4,m4a,3gp,3g2,mj2, format_long_name: QuickTime / MOV
I/FFmpegExtractor(  239): adjust mime(video/mp4 -> audio/mp4a-latm)
D/FFmpegExtractor(  239): suppoted codec(aac) by official Stagefright
D/FFmpegExtractor(  239): ffmpeg detected media content as 'audio/mp4a-latm' with confidence 0.08
D/ExtendedUtils(  239): Try creating ExtendedExtractor
D/ExtendedUtils(  239): Discarding default extractor and using the extended one
D/NuPlayerDriver(  239): start(0xb180d040)
I/GenericSource(  239): start
E/MMParserExtractor(  239): FileSource::FILE_SOURCE_DATA_END 
E/MMParserExtractor(  239): FileSource::FILE_SOURCE_DATA_END 
W/Utils   (  239): bool android::canOffloadStream(const android::sp<android::MetaData>&, bool, const android::sp<android::MetaData>&, bool, audio_stream_type_t) No sample bit depth info in meta data
E/AudioPolicyManager(  239): isOffloadSupported: stream_type != MUSIC, returning false
W/Utils   (  239): bool android::canOffloadStream(const android::sp<android::MetaData>&, bool, const android::sp<android::MetaData>&, bool, audio_stream_type_t) No sample bit depth info in meta data
E/AudioPolicyManager(  239): isOffloadSupported: stream_type != MUSIC, returning false
E/MMParserExtractor(  239): FileSource::FILE_SOURCE_DATA_END 
I/SoftAAC2(  239): Reconfiguring decoder: 0->44100 Hz, 0->2 channels
D/NuPlayerDriver(  239): reset(0xb14b7580)
D/NuPlayerDriver(  239): notifyResetComplete(0xb14b7580)
E/MMParserExtractor(  239): FileSource::FILE_SOURCE_DATA_END 
D/ExtendedUtils(  239): extended extractor not needed, return default
D/NuPlayerDriver(  239): start(0xb140d3a0)
I/GenericSource(  239): start
E/AudioPolicyManager(  239): isOffloadSupported: stream_type != MUSIC, returning false
D/NuPlayerDriver(  239): reset(0xb180d040)
E/AudioPolicyManager(  239): isOffloadSupported: stream_type != MUSIC, returning false
D/NuPlayerDriver(  239): notifyResetComplete(0xb180d040)
I/AudioPolicyManager(  239): PCM offload property is enabled
D/NuPlayerDriver(  239): reset(0xb140d3a0)
D/NuPlayerDriver(  239): notifyResetComplete(0xb140d3a0)
D/ExtendedUtils(  239): extended extractor not needed, return default
D/NuPlayerDriver(  239): start(0xb14b7580)
I/GenericSource(  239): start
E/AudioPolicyManager(  239): isOffloadSupported: stream_type != MUSIC, returning false
E/AudioPolicyManager(  239): isOffloadSupported: stream_type != MUSIC, returning false
I/WifiHAL (  764): Poll result = 1
I/WifiHAL (  764): Found some events!!!
D/WifiHAL (  764): no_seq_check received
I/WifiHAL (  764): event received NL80211_CMD_VENDOR, vendor_id = 0x1374, subcmd = 0xa
I/wpa_supplicant( 1509): p2p0: CTRL-EVENT-AVOID-FREQ ranges=
I/WifiHAL (  764): event received NL80211_CMD_VENDOR, vendor_id = 0x1374
I/WifiHAL (  764): event ignored!!
I/AudioPolicyManager(  239): PCM offload property is enabled
D/NuPlayerDriver(  239): reset(0xb14b7580)
D/NuPlayerDriver(  239): notifyResetComplete(0xb14b7580)
I/dex2oat ( 3504): dex2oat took 132.000ms (threads: 4)
I/ActivityManager(  764): Waited long enough for: ServiceRecord{23d9ba73 u0 com.cyanogenmod.eleven/.MusicPlaybackService}
I/ActivityManager(  764): Resuming delayed broadcast
D/ExtendedUtils(  239): extended extractor not needed, return default
D/NuPlayerDriver(  239): start(0xb180d040)
I/GenericSource(  239): start
E/AudioPolicyManager(  239): isOffloadSupported: stream_type != MUSIC, returning false
E/AudioPolicyManager(  239): isOffloadSupported: stream_type != MUSIC, returning false
I/AudioPolicyManager(  239): PCM offload property is enabled
D/NuPlayerDriver(  239): reset(0xb180d040)
D/NuPlayerDriver(  239): notifyResetComplete(0xb180d040)
D/ExtendedUtils(  239): extended extractor not needed, return default
D/NuPlayerDriver(  239): start(0xb140d3a0)
I/GenericSource(  239): start
E/AudioPolicyManager(  239): isOffloadSupported: stream_type != MUSIC, returning false
E/AudioPolicyManager(  239): isOffloadSupported: stream_type != MUSIC, returning false
I/ActivityManager(  764): Start proc com.ss.android.article.news for broadcast com.ss.android.article.news/com.igexin.sdk.SsPushReceiver: pid=3541 uid=10107 gids={50107, 9997, 3003, 1028, 1015} abi=armeabi-v7a
I/art     (  249): Explicit concurrent mark sweep GC freed 709(30KB) AllocSpace objects, 0(0B) LOS objects, 40% free, 15MB/25MB, paused 171us total 8.390ms
I/art     (  249): Explicit concurrent mark sweep GC freed 5(160B) AllocSpace objects, 0(0B) LOS objects, 40% free, 15MB/25MB, paused 161us total 8.551ms
I/art     (  249): Explicit concurrent mark sweep GC freed 5(160B) AllocSpace objects, 0(0B) LOS objects, 40% free, 15MB/25MB, paused 189us total 8.642ms
I/AudioPolicyManager(  239): PCM offload property is enabled
D/NuPlayerDriver(  239): reset(0xb140d3a0)
D/NuPlayerDriver(  239): notifyResetComplete(0xb140d3a0)
D/ExtendedUtils(  239): extended extractor not needed, return default
D/NuPlayerDriver(  239): start(0xb14b7580)
I/GenericSource(  239): start
E/AudioPolicyManager(  239): isOffloadSupported: stream_type != MUSIC, returning false
E/AudioPolicyManager(  239): isOffloadSupported: stream_type != MUSIC, returning false
I/AudioPolicyManager(  239): PCM offload property is enabled
D/NuPlayerDriver(  239): reset(0xb14b7580)
D/NuPlayerDriver(  239): notifyResetComplete(0xb14b7580)
D/ExtendedUtils(  239): Try creating ExtendedExtractor
E/MM_OSAL (  239): FileSource::FileSource
E/MM_OSAL (  239): FileSource::FileSource m_bEveryThingOK 1
E/MM_OSAL (  239): MM_File_Create File Name /data/mmosal_logmask.cfg , Mode 0
E/MM_OSAL (  239): MM_File_Create failed .Efs Error No -1 , File Name /data/mmosal_logmask.cfg , Mode 0
D/ExtendedUtils(  239): Discarding default extractor and using the extended one
I/FFmpegExtractor(  239): android-source:0xae006060
I/FFMPEG  (  239): Input #0, mov,mp4,m4a,3gp,3g2,mj2, from 'android-source:0xae006060':
I/FFMPEG  (  239):   Metadata:
I/FFMPEG  (  239):     major_brand     : mp42
I/FFMPEG  (  239):     minor_version   : 0
I/FFMPEG  (  239):     compatible_brands: mp41isom
I/FFMPEG  (  239):     title           : gw-meta-data
I/FFMPEG  (  239):   Duration: 00:00:03.46, start: 0.000000, bitrate: 106 kb/s
I/FFMPEG  (  239):     Stream #0:0(und): Audio: aac (LC) (mp4a / 0x6134706D), 44100 Hz, stereo, fltp, 103 kb/s (default)
I/FFMPEG  (  239):     Metadata:
I/FFMPEG  (  239):       handler_name    : SoundHandler
D/FFmpegExtractor(  239): FFmpegExtrator, url: android-source:0xae006060, format_name: mov,mp4,m4a,3gp,3g2,mj2, format_long_name: QuickTime / MOV
I/FFmpegExtractor(  239): adjust mime(video/mp4 -> audio/mp4a-latm)
D/FFmpegExtractor(  239): suppoted codec(aac) by official Stagefright
D/FFmpegExtractor(  239): ffmpeg detected media content as 'audio/mp4a-latm' with confidence 0.08
D/ExtendedUtils(  239): Try creating ExtendedExtractor
E/MM_OSAL (  239): FileSource::FileSource
E/MM_OSAL (  239): FileSource::FileSource m_bEveryThingOK 1
E/MM_OSAL (  239): MM_File_Create File Name /data/mmosal_logmask.cfg , Mode 0
E/MM_OSAL (  239): MM_File_Create failed .Efs Error No -1 , File Name /data/mmosal_logmask.cfg , Mode 0
D/ExtendedUtils(  239): Discarding default extractor and using the extended one
D/NuPlayerDriver(  239): start(0xb180d040)
I/GenericSource(  239): start
W/Utils   (  239): bool android::canOffloadStream(const android::sp<android::MetaData>&, bool, const android::sp<android::MetaData>&, bool, audio_stream_type_t) No sample bit depth info in meta data
E/AudioPolicyManager(  239): isOffloadSupported: stream_type != MUSIC, returning false
W/Utils   (  239): bool android::canOffloadStream(const android::sp<android::MetaData>&, bool, const android::sp<android::MetaData>&, bool, audio_stream_type_t) No sample bit depth info in meta data
E/AudioPolicyManager(  239): isOffloadSupported: stream_type != MUSIC, returning false
I/SoftAAC2(  239): Reconfiguring decoder: 0->44100 Hz, 0->2 channels
E/MMParserExtractor(  239): FileSource::FILE_SOURCE_DATA_END 
E/MMParserExtractor(  239): FileSource::FILE_SOURCE_DATA_END 
D/NuPlayerDriver(  239): reset(0xb180d040)
D/NuPlayerDriver(  239): notifyResetComplete(0xb180d040)
D/ExtendedUtils(  239): Try creating ExtendedExtractor
E/MM_OSAL (  239): FileSource::FileSource
E/MM_OSAL (  239): FileSource::FileSource m_bEveryThingOK 1
E/MM_OSAL (  239): MM_File_Create File Name /data/mmosal_logmask.cfg , Mode 0
E/MM_OSAL (  239): MM_File_Create failed .Efs Error No -1 , File Name /data/mmosal_logmask.cfg , Mode 0
D/ExtendedUtils(  239): Discarding default extractor and using the extended one
I/FFmpegExtractor(  239): android-source:0xae00a060
I/FFMPEG  (  239): Input #0, mov,mp4,m4a,3gp,3g2,mj2, from 'android-source:0xae00a060':
I/FFMPEG  (  239):   Metadata:
I/FFMPEG  (  239):     major_brand     : mp42
I/FFMPEG  (  239):     minor_version   : 0
I/FFMPEG  (  239):     compatible_brands: mp41isom
I/FFMPEG  (  239):     title           : gw-meta-data
I/FFMPEG  (  239):   Duration: 00:00:00.56, start: 0.000000, bitrate: 138 kb/s
I/FFMPEG  (  239):     Stream #0:0(und): Audio: aac (LC) (mp4a / 0x6134706D), 44100 Hz, stereo, fltp, 126 kb/s (default)
I/FFMPEG  (  239):     Metadata:
I/FFMPEG  (  239):       handler_name    : SoundHandler
D/FFmpegExtractor(  239): FFmpegExtrator, url: android-source:0xae00a060, format_name: mov,mp4,m4a,3gp,3g2,mj2, format_long_name: QuickTime / MOV
I/FFmpegExtractor(  239): adjust mime(video/mp4 -> audio/mp4a-latm)
D/FFmpegExtractor(  239): suppoted codec(aac) by official Stagefright
D/FFmpegExtractor(  239): ffmpeg detected media content as 'audio/mp4a-latm' with confidence 0.08
D/ExtendedUtils(  239): Try creating ExtendedExtractor
E/MM_OSAL (  239): FileSource::FileSource
E/MM_OSAL (  239): FileSource::FileSource m_bEveryThingOK 1
E/MM_OSAL (  239): MM_File_Create File Name /data/mmosal_logmask.cfg , Mode 0
E/MM_OSAL (  239): MM_File_Create failed .Efs Error No -1 , File Name /data/mmosal_logmask.cfg , Mode 0
D/ExtendedUtils(  239): Discarding default extractor and using the extended one
D/NuPlayerDriver(  239): start(0xb140d3a0)
I/GenericSource(  239): start
E/MMParserExtractor(  239): FileSource::FILE_SOURCE_DATA_END 
W/Utils   (  239): bool android::canOffloadStream(const android::sp<android::MetaData>&, bool, const android::sp<android::MetaData>&, bool, audio_stream_type_t) No sample bit depth info in meta data
E/AudioPolicyManager(  239): isOffloadSupported: stream_type != MUSIC, returning false
W/Utils   (  239): bool android::canOffloadStream(const android::sp<android::MetaData>&, bool, const android::sp<android::MetaData>&, bool, audio_stream_type_t) No sample bit depth info in meta data
E/AudioPolicyManager(  239): isOffloadSupported: stream_type != MUSIC, returning false
I/SoftAAC2(  239): Reconfiguring decoder: 0->44100 Hz, 0->2 channels
E/MMParserExtractor(  239): FileSource::FILE_SOURCE_DATA_END 
D/NuPlayerDriver(  239): reset(0xb140d3a0)
D/NuPlayerDriver(  239): notifyResetComplete(0xb140d3a0)
I/WebViewFactory( 3541): Loading com.android.webview version 37 (3bec411153-arm) (code 100001)
I/LibraryLoader( 3541): Loading: webviewchromium
I/LibraryLoader( 3541): Time to load native libraries: 81 ms (timestamps 2793-2874)
I/LibraryLoader( 3541): Expected native library version number "",actual native library version number ""
W/art     ( 3541): Attempt to remove local handle scope entry from IRT, ignoring
I/ActivityManager(  764): Waited long enough for: ServiceRecord{1c386d78 u0 com.baidu.netdisk/com.baidu.android.moplus.MoPlusService}
I/ActivityManager(  764): Start proc com.ss.android.article.news:pushservice for service com.ss.android.article.news/com.igexin.sdk.PushService: pid=3600 uid=10107 gids={50107, 9997, 3003, 1028, 1015} abi=armeabi-v7a
I/AppLog  ( 3541): start with last session 5cbdae6f-8402-4d1c-a8e9-8d1d0cfb2193
V/xiaomi  ( 3541): [Thread:1] Don't send message before initialization succeeded!
I/ActivityManager(  764): Killing 1386:android.process.acore/u0a4 (adj 15): empty #17
W/libprocessgroup(  764): failed to open /acct/uid_10004/pid_1386/cgroup.procs: No such file or directory
E/WifiStateMachine(  764): WifiStateMachine CMD_START_SCAN source -2 txSuccessRate=14.03 rxSuccessRate=12.33 targetRoamBSSID=any RSSI=-68
E/WifiStateMachine(  764): WifiStateMachine starting scan for "SUDA-PC_Network"WPA_PSK with 2462
I/WifiHAL (  764): Poll result = 1
I/WifiHAL (  764): Found some events!!!
I/wpa_supplicant( 1509): wlan0: CTRL-EVENT-SCAN-STARTED 
D/WifiHAL (  764): no_seq_check received
I/WifiHAL (  764): event received NL80211_CMD_TRIGGER_SCAN
I/WifiHAL (  764): event received NL80211_CMD_TRIGGER_SCAN, vendor_id = 0x0
I/WifiHAL (  764): event ignored!!
I/ActivityManager(  764): Start proc com.sds.android.ttpod.pushservice for service com.sds.android.ttpod/com.igexin.sdk.PushService: pid=3637 uid=10090 gids={50090, 9997, 3003, 1028, 1015, 3002, 3001} abi=armeabi
W/ActivityManager(  764): Unable to start service Intent { act=com.sogou.pushservice.action.METHOD cmp=/com.sogou.udp.push.PushService (has extras) } U=0: not found
I/WifiHAL (  764): Poll result = 1
I/WifiHAL (  764): Found some events!!!
D/WifiHAL (  764): no_seq_check received
I/WifiHAL (  764): event received NL80211_CMD_NEW_SCAN_RESULTS
I/WifiHAL (  764): event received NL80211_CMD_NEW_SCAN_RESULTS, vendor_id = 0x0
I/WifiHAL (  764): event ignored!!
I/ActivityManager(  764): Start proc com.xiaomi.hm.health:pushservice for service com.xiaomi.hm.health/com.xiaomi.push.service.XMPushService: pid=3657 uid=10080 gids={50080, 9997, 3003, 3002, 3001, 1028, 1015} abi=armeabi
I/MQClient(  764): unable to connect to [/data/misc/location/mq/location-mq-s]:[No such file or directory]
W/XTWiFiOS(  764): connection failure. count 5
D/PhoneApp( 1693): getPhone phoneId:0
D/WeatherUpdateService( 1479): Service started, but shouldn't update ... stopping
I/ActivityManager(  764): Start proc com.snailgame.panda.wdj for broadcast com.snailgame.panda.wdj/com.wandoujia.mariosdk.plugin.api.WandouPluginReceiver: pid=3681 uid=10084 gids={50084, 9997, 1028, 1015, 3003} abi=armeabi
D/PhoneApp( 1693): getPhone phoneId:0
W/ActivityManager(  764): getTasks: caller 10096 does not hold GET_TASKS; limiting output
W/ActivityManager(  764): getTasks: caller 10096 does not hold GET_TASKS; limiting output
I/art     (  764): Explicit concurrent mark sweep GC freed 23258(963KB) AllocSpace objects, 0(0B) LOS objects, 32% free, 32MB/48MB, paused 1.346ms total 68.760ms
D/Mms     ( 2762): Cursor= >>>>> Dumping cursor android.content.ContentResolver$CursorWrapperInner@7b815f5
D/Mms     ( 2762): <<<<<
E/Parcel  (  764): Reading a NULL string not supported here.
W/Parcel  (  764): **** enforceInterface() expected 'com.android.internal.telephony.ITelephonyRegistry' but read ''
E/Parcel  (  764): Reading a NULL string not supported here.
W/Parcel  (  764): **** enforceInterface() expected 'android.app.INotificationManager' but read ''
E/Parcel  (  764): Reading a NULL string not supported here.
W/Parcel  (  764): **** enforceInterface() expected 'android.net.IConnectivityManager' but read ''
E/Parcel  (  764): Reading a NULL string not supported here.
W/Parcel  (  764): **** enforceInterface() expected 'android.app.IActivityManager' but read ''
E/Parcel  (  764): Reading a NULL string not supported here.
W/Parcel  (  764): **** enforceInterface() expected 'android.bluetooth.IBluetooth' but read ''
E/Parcel  (  764): Reading a NULL string not supported here.
W/Parcel  (  764): **** enforceInterface() expected 'android.bluetooth.IBluetoothManager' but read ''
E/Parcel  (  764): Reading a NULL string not supported here.
W/Parcel  (  764): **** enforceInterface() expected 'android.location.ILocationManager' but read ''
E/Parcel  (  764): Reading a NULL string not supported here.
W/Parcel  (  764): **** enforceInterface() expected 'android.content.pm.IPackageManager' but read ''
E/Parcel  (  764): Reading a NULL string not supported here.
W/Parcel  (  764): **** enforceInterface() expected 'android.net.wifi.IWifiManager' but read ''
E/Parcel  (  764): Reading a NULL string not supported here.
W/Parcel  (  764): **** enforceInterface() expected 'com.android.internal.telephony.ITelephonyRegistry' but read ''
E/Parcel  (  764): Reading a NULL string not supported here.
W/Parcel  (  764): **** enforceInterface() expected 'android.app.INotificationManager' but read ''
E/Parcel  (  764): Reading a NULL string not supported here.
W/Parcel  (  764): **** enforceInterface() expected 'android.net.IConnectivityManager' but read ''
E/Parcel  (  764): Reading a NULL string not supported here.
W/Parcel  (  764): **** enforceInterface() expected 'android.app.IActivityManager' but read ''
E/Parcel  (  764): Reading a NULL string not supported here.
W/Parcel  (  764): **** enforceInterface() expected 'android.bluetooth.IBluetooth' but read ''
E/Parcel  (  764): Reading a NULL string not supported here.
W/Parcel  (  764): **** enforceInterface() expected 'android.bluetooth.IBluetoothManager' but read ''
E/Parcel  (  764): Reading a NULL string not supported here.
W/Parcel  (  764): **** enforceInterface() expected 'android.location.ILocationManager' but read ''
E/Parcel  (  764): Reading a NULL string not supported here.
W/Parcel  (  764): **** enforceInterface() expected 'android.content.pm.IPackageManager' but read ''
E/Parcel  (  764): Reading a NULL string not supported here.
W/Parcel  (  764): **** enforceInterface() expected 'android.net.wifi.IWifiManager' but read ''
E/Parcel  (  764): Reading a NULL string not supported here.
W/Parcel  (  764): **** enforceInterface() expected 'com.android.internal.telephony.ITelephonyRegistry' but read ''
E/Parcel  (  764): Reading a NULL string not supported here.
W/Parcel  (  764): **** enforceInterface() expected 'android.app.INotificationManager' but read ''
E/Parcel  (  764): Reading a NULL string not supported here.
W/Parcel  (  764): **** enforceInterface() expected 'android.net.IConnectivityManager' but read ''
E/Parcel  (  764): Reading a NULL string not supported here.
W/Parcel  (  764): **** enforceInterface() expected 'android.app.IActivityManager' but read ''
E/Parcel  (  764): Reading a NULL string not supported here.
W/Parcel  (  764): **** enforceInterface() expected 'android.bluetooth.IBluetooth' but read ''
E/Parcel  (  764): Reading a NULL string not supported here.
W/Parcel  (  764): **** enforceInterface() expected 'android.bluetooth.IBluetoothManager' but read ''
E/Parcel  (  764): Reading a NULL string not supported here.
W/Parcel  (  764): **** enforceInterface() expected 'android.location.ILocationManager' but read ''
E/Parcel  (  764): Reading a NULL string not supported here.
W/Parcel  (  764): **** enforceInterface() expected 'android.content.pm.IPackageManager' but read ''
E/Parcel  (  764): Reading a NULL string not supported here.
W/Parcel  (  764): **** enforceInterface() expected 'android.net.wifi.IWifiManager' but read ''
I/dex2oat ( 3704): /system/bin/dex2oat --runtime-arg -classpath --runtime-arg  --instruction-set=arm --instruction-set-features=div --runtime-arg -Xrelocate --boot-image=/system/framework/boot.art --dex-file=/data/data/com.ss.android.article.news/files/tdata_iqT252.jar --oat-fd=25 --oat-location=/data/data/com.ss.android.article.news/files/tdata_iqT252.dex --runtime-arg -Xms64m --runtime-arg -Xmx512m
E/Vold    (  208): Failed to find mounted volume for /storage/usbdisk/Android/data/com.xiaomi.hm.health/files/Millelet/
W/Vold    (  208): Returning OperationFailed - no handler for errno 0
W/ContextImpl( 3657): Failed to ensure directory: /storage/usbdisk/Android/data/com.xiaomi.hm.health/files/Millelet
W/g       ( 3657): memoryCache() and memoryCacheSize() calls overlap each other
W/g       ( 3657): diskCache() and diskCacheFileNameGenerator() calls overlap each other
W/g       ( 3657): diskCache(), diskCacheSize() and diskCacheFileCount calls overlap each other
W/g       ( 3657): diskCache(), diskCacheSize() and diskCacheFileCount calls overlap each other
V/PluginFrameworkInitor( 3681): need install plugins:[]
I/System.out( 3681): start plugin is = mario-sdk-plugin
V/ContextClassLoaderUtility( 3681): doing inject, paths:[/data/data/com.snailgame.panda.wdj/files/plugins/mario-sdk-plugin.apk]
D/g       ( 3657): Initialize ImageLoader with configuration
E/ActivityThread( 3657): Failed to find provider info for com.miui.providers.steps
D/WifiService(  764): New client listening to asynchronous messages
V/xiaomi  ( 3657): [Thread:1] the job is pended, the controller is not ready.
I/Config  ( 3637): TTPOD:Build:
I/Config  ( 3637): TTPOD:AppVersion:7.7.0.2014122417
I/Config  ( 3637): TTPOD:VerificationEnable:false
I/Config  ( 3637): TTPOD:VersionName:7.7.0 
I/Config  ( 3637): TTPOD:UrlPrintEnable:false
I/Config  ( 3637): TTPOD:TestMode:false
I/Config  ( 3637): TTPOD:AppCheckUpdateEnable:true
I/Config  ( 3637): TTPOD:LogEnable:true
I/Config  ( 3637): TTPOD:AdSdkEnable:true
I/Config  ( 3637): TTPOD:UpdateCategory:B
I/Config  ( 3637): TTPOD:360UnionEnable:true
I/Config  ( 3637): TTPOD:UsePreEnvironment:false
V/xiaomi  ( 3657): [Thread:1] network changed, [type: WIFI[], state: CONNECTED/CONNECTED, reason: (unspecified), extra: "SUDA-PC_Network", roaming: false, failover: false, isAvailable: true, isConnectedToProvisioningNetwork: false]
V/xiaomi  ( 3657): [Thread:1] the job is pended, the controller is not ready.
V/xiaomi  ( 3657): [Thread:297] executing the pending job.
V/xiaomi  ( 3657): [Thread:297] executing the pending job.
V/xiaomi  ( 3657): [Thread:297] JOB: prepare the mi push account.
V/xiaomi  ( 3657): [Thread:297] JOB: do reconnect..
V/xiaomi  ( 3657): [Thread:297] update the connection status. disconnected -> connecting : ERROR_OK 
V/HostManager( 3657): loading the new hosts succeed
D/WifiService(  764): New client listening to asynchronous messages
D/PhoneApp( 1693): getPhone phoneId:0
D/PhoneApp( 1693): getPhone phoneId:0
D/OpenUDID( 3637): TTPOD:OpenUDID: a5958cbc41406137
W/System.err( 3681): java.io.FileNotFoundException: /data/local/tmp/.wdj_config/.udid: open failed: ENOENT (No such file or directory)
W/System.err( 3681): 	at libcore.io.IoBridge.open(IoBridge.java:456)
W/System.err( 3681): 	at java.io.FileOutputStream.<init>(FileOutputStream.java:87)
W/System.err( 3681): 	at java.io.FileOutputStream.<init>(FileOutputStream.java:72)
W/System.err( 3681): 	at java.io.FileWriter.<init>(FileWriter.java:42)
W/System.err( 3681): 	at o.ik.run(:257)
W/System.err( 3681): 	at java.lang.Thread.run(Thread.java:818)
W/System.err( 3681): Caused by: android.system.ErrnoException: open failed: ENOENT (No such file or directory)
W/System.err( 3681): 	at libcore.io.Posix.open(Native Method)
W/System.err( 3681): 	at libcore.io.BlockGuardOs.open(BlockGuardOs.java:186)
W/System.err( 3681): 	at libcore.io.IoBridge.open(IoBridge.java:442)
W/System.err( 3681): 	... 5 more
I/ActivityManager(  764): Start proc com.wandoujia.phoenix2 for service com.wandoujia.phoenix2/com.wandoujia.p4.account.authenticator.AccountAuthenticationService: pid=3734 uid=10058 gids={50058, 9997, 3003, 1028, 1015, 3002} abi=armeabi
I/Wandoujia-PaySdk_GameApi( 3681): init,100012779
D/Wandoujia-PaySdk_LocalStorage( 3681): LocalStorage init, id: 100012779
D/LocalStorage( 3681): New LocalStorage -- AppID: 100012779
V/xiaomi  ( 3657): [Thread:297] begin to connect to 58.215.110.17
D/Wandoujia-PaySdk_LocalStorage( 3681): LocalStorage init, id: null
D/WifiService(  764): New client listening to asynchronous messages
V/xiaomi  ( 3657): [Thread:297] connected to 58.215.110.17 in 54
D/test    ( 3681): down url
D/PushService( 3681): Alarm service has been set
I/PushServiceReceiver( 2333): start PushSerevice for ACTION_BOOT_COMPLETED or CONNECTIVITY_ACTION
D/Utility ( 2333):   friends: 6
I/dex2oat ( 3704): dex2oat took 434.033ms (threads: 4)
D/HTTP    ( 3681): http://mario.sdk.wandoujia.com/api/v1/sdk/upgrade/url/get?content=%7B%22udid%22%3A%22a564afdc8666414da1223c14c0e100aa8dce2de7%22%2C%22gameVersionName%22%3A%221.1.0%22%2C%22gameVersionCode%22%3A%22100%22%2C%22sdkVersion%22%3A%223.1.1%22%2C%22appkey%22%3A100012779%2C%22sdkBaseVersion%22%3A%223.0.0.1%22%7D&sign=e18294ec6cb441365cf9b752d1586cb3
D/HTTP    ( 3681): http://mario.sdk.wandoujia.com/api/v1/game/player/login
D/HTTP    ( 3681): http://mario.sdk.wandoujia.com/api/v1/config/sdk/global/get?content=%7B%22udid%22%3A%22a564afdc8666414da1223c14c0e100aa8dce2de7%22%2C%22gameVersionName%22%3A%221.1.0%22%2C%22keys%22%3A%5B%22FULLY_UPLOAD_CONTACTS_VERSION%22%5D%2C%22gameVersionCode%22%3A%22100%22%2C%22sdkVersion%22%3A%223.1.1%22%2C%22appkey%22%3A100012779%2C%22sdkBaseVersion%22%3A%223.0.0.1%22%7D&sign=7dfa106fd0bdf15639ac935c06638e89
D/HTTP    ( 3681): http://mario.sdk.wandoujia.com/api/v1/game/score/rank/list?content=%7B%22start%22%3A0%2C%22rankingPlayerType%22%3A%22GLOBAL_PLAYER%22%2C%22span%22%3A%22HISTORY%22%2C%22gameVersionCode%22%3A%22100%22%2C%22sdkVersion%22%3A%223.1.1%22%2C%22appkey%22%3A100012779%2C%22length%22%3A1%2C%22sdkBaseVersion%22%3A%223.0.0.1%22%2C%22scoreType%22%3A%22HIGH_SCORE%22%2C%22udid%22%3A%22a564afdc8666414da1223c14c0e100aa8dce2de7%22%2C%22gameVersionName%22%3A%221.1.0%22%2C%22rankingListId%22%3A0%7D&sign=5b7fb9f34ec4bb749b3b36bdf2e42e6f
D/Event   ( 1881): No subscribers registered for event class com.sogou.androidtool.event.NetChangeEvent
D/Event   ( 1881): No subscribers registered for event class bto
D/HTTP    ( 3681): http://mario.sdk.wandoujia.com/api/v1/game/player/login
D/PingBackDataCenter( 1881): reportItemShown
D/HTTP    ( 3681): http://mario.sdk.wandoujia.com/api/v1/config/sdk/global/get?content=%7B%22udid%22%3A%22a564afdc8666414da1223c14c0e100aa8dce2de7%22%2C%22gameVersionName%22%3A%221.1.0%22%2C%22keys%22%3A%5B%22MARIO_INVITE_SMS_ENABLE%22%2C%22MARIO_INVITE_DECLARATION_SEND_LOCALLY%22%2C%22MARIO_INVITE_DECLARATION_SEND_BY_SERVER%22%5D%2C%22gameVersionCode%22%3A%22100%22%2C%22sdkVersion%22%3A%223.1.1%22%2C%22appkey%22%3A100012779%2C%22sdkBaseVersion%22%3A%223.0.0.1%22%7D&sign=5d19d731ac836b0b99f80069057079cd
D/DownloadManagerInternal( 1881): Received broadcast intent for android.net.conn.CONNECTIVITY_CHANGE
V/xiaomi  ( 3657): [Thread:299] update the connection status. connecting -> connected : ERROR_OK 
V/xiaomi  ( 3657): [Thread:297] JOB: bind the client. 5, 50594912930@xiaomi.com/an8RzG8A
V/xiaomi  ( 3657): [Thread:297] update the client 5 status. unbind->binding unknown ERROR_OK null null
D/DownloadService( 1881): Service onCreatecom.sogou.androidtool.downloads.DownloadService@1f33199d
D/DownloadService( 1881): UpdateThread 
D/DownloadService( 1881): mDownloads.count0
D/DownloadService( 1881): cursor.count0
D/PushService( 3681): keep connection
D/PushService( 3681): Push service handleConnect
D/PushService( 3681): service start run
E/art     ( 3681): invalid stream - problem with parameter iterator in /data/data/com.snailgame.panda.wdj/files/plugins/mario-sdk-plugin.apk for method o.wt o.wu.(java.lang.String)
E/art     ( 3681): invalid stream - problem with parameter iterator in /data/data/com.snailgame.panda.wdj/files/plugins/mario-sdk-plugin.apk for method int com.wandoujia.mariosdk.plugin.apk.service.PushService.onStartCommand(android.content.Intent, int, int)
E/art     ( 3681): invalid stream - problem with parameter iterator in /data/data/com.snailgame.panda.wdj/files/plugins/mario-sdk-plugin.apk for method void com.wandoujia.mariosdk.plugin.apk.service.PluginServiceManager.onStartCommand(android.content.Intent, int, int, android.content.Context)
V/xiaomi  ( 3657): [Thread:297] SMACK: bind id=6Dfw7-0
D/CloudClient( 3681): Stop client canceled, already stop
W/ActivityManager(  764): Unable to start service Intent { act=com.sogou.pushservice.action.METHOD cmp=/com.sogou.udp.push.PushService (has extras) } U=0: not found
D/MSF.C.NetConnInfoCenter( 2042): [E]currentAPN:null. received networkInfo: CONNECTED :[type: WIFI[], state: CONNECTED/CONNECTED, reason: (unspecified), extra: "SUDA-PC_Network", roaming: false, failover: false, isAvailable: true, isConnectedToProvisioningNetwork: false]. extra NetworkInfo: [type: WIFI[], state: CONNECTED/CONNECTED, reason: (unspecified), extra: "SUDA-PC_Network", roaming: false, failover: false, isAvailable: true, isConnectedToProvisioningNetwork: false]
D/WifiDetector( 2042): [E]WIFI detect onWifiConnected!
I/ActivityManager(  764): Delay finish: com.android.calendar/.widget.CalendarAppWidgetProvider
E/Parcel  (  764): Reading a NULL string not supported here.
W/Parcel  (  764): **** enforceInterface() expected 'com.android.internal.telephony.ITelephonyRegistry' but read ''
E/Parcel  (  764): Reading a NULL string not supported here.
W/Parcel  (  764): **** enforceInterface() expected 'android.app.INotificationManager' but read ''
E/Parcel  (  764): Reading a NULL string not supported here.
W/Parcel  (  764): **** enforceInterface() expected 'android.net.IConnectivityManager' but read ''
E/Parcel  (  764): Reading a NULL string not supported here.
W/Parcel  (  764): **** enforceInterface() expected 'android.app.IActivityManager' but read ''
E/Parcel  (  764): Reading a NULL string not supported here.
W/Parcel  (  764): **** enforceInterface() expected 'android.bluetooth.IBluetooth' but read ''
E/Parcel  (  764): Reading a NULL string not supported here.
W/Parcel  (  764): **** enforceInterface() expected 'android.bluetooth.IBluetoothManager' but read ''
E/Parcel  (  764): Reading a NULL string not supported here.
W/Parcel  (  764): **** enforceInterface() expected 'android.location.ILocationManager' but read ''
E/Parcel  (  764): Reading a NULL string not supported here.
W/Parcel  (  764): **** enforceInterface() expected 'android.content.pm.IPackageManager' but read ''
E/Parcel  (  764): Reading a NULL string not supported here.
W/Parcel  (  764): **** enforceInterface() expected 'android.net.wifi.IWifiManager' but read ''
D/PushService( 3681): cloud client start connect
D/PushService( 3681): Push service end handleConnect
D/PushService( 3681): Push service handleIntent
D/PushService( 3681): Push service countDownTimer = null &&  offlinePushFetcher null
D/PushService( 3681): Push service start offlinePushFetcher 
D/PushService( 3681): Push service end offlinePushFetcher 
D/account ( 3681): sdk get default auth
E/Parcel  (  764): Reading a NULL string not supported here.
W/Parcel  (  764): **** enforceInterface() expected 'com.android.internal.telephony.ITelephonyRegistry' but read ''
E/Parcel  (  764): Reading a NULL string not supported here.
W/Parcel  (  764): **** enforceInterface() expected 'android.app.INotificationManager' but read ''
E/Parcel  (  764): Reading a NULL string not supported here.
W/Parcel  (  764): **** enforceInterface() expected 'android.net.IConnectivityManager' but read ''
E/Parcel  (  764): Reading a NULL string not supported here.
W/Parcel  (  764): **** enforceInterface() expected 'android.app.IActivityManager' but read ''
E/Parcel  (  764): Reading a NULL string not supported here.
W/Parcel  (  764): **** enforceInterface() expected 'android.bluetooth.IBluetooth' but read ''
E/Parcel  (  764): Reading a NULL string not supported here.
W/Parcel  (  764): **** enforceInterface() expected 'android.bluetooth.IBluetoothManager' but read ''
E/Parcel  (  764): Reading a NULL string not supported here.
W/Parcel  (  764): **** enforceInterface() expected 'android.location.ILocationManager' but read ''
E/Parcel  (  764): Reading a NULL string not supported here.
W/Parcel  (  764): **** enforceInterface() expected 'android.content.pm.IPackageManager' but read ''
E/Parcel  (  764): Reading a NULL string not supported here.
W/Parcel  (  764): **** enforceInterface() expected 'android.net.wifi.IWifiManager' but read ''
V/xiaomi  ( 3657): [Thread:297] update the client 5 status. binding->binded OPEN ERROR_OK null null
V/xiaomi  ( 3657): [Thread:297] SMACK: channel bind succeeded, chid=5
E/Parcel  (  764): Reading a NULL string not supported here.
W/Parcel  (  764): **** enforceInterface() expected 'com.android.internal.telephony.ITelephonyRegistry' but read ''
E/Parcel  (  764): Reading a NULL string not supported here.
W/Parcel  (  764): **** enforceInterface() expected 'android.app.INotificationManager' but read ''
E/Parcel  (  764): Reading a NULL string not supported here.
W/Parcel  (  764): **** enforceInterface() expected 'android.net.IConnectivityManager' but read ''
E/Parcel  (  764): Reading a NULL string not supported here.
W/Parcel  (  764): **** enforceInterface() expected 'android.app.IActivityManager' but read ''
E/Parcel  (  764): Reading a NULL string not supported here.
W/Parcel  (  764): **** enforceInterface() expected 'android.bluetooth.IBluetooth' but read ''
E/Parcel  (  764): Reading a NULL string not supported here.
W/Parcel  (  764): **** enforceInterface() expected 'android.bluetooth.IBluetoothManager' but read ''
E/Parcel  (  764): Reading a NULL string not supported here.
W/Parcel  (  764): **** enforceInterface() expected 'android.location.ILocationManager' but read ''
E/Parcel  (  764): Reading a NULL string not supported here.
W/Parcel  (  764): **** enforceInterface() expected 'android.content.pm.IPackageManager' but read ''
E/Parcel  (  764): Reading a NULL string not supported here.
W/Parcel  (  764): **** enforceInterface() expected 'android.net.wifi.IWifiManager' but read ''
W/BackupManagerService(  764): dataChanged but no participant pkg='com.android.providers.settings' uid=10058
