D/Error   (  764): 	at android.telecom.TelecomManager.registerPhoneAccount(TelecomManager.java:605)
D/Error   (  764): 	at com.android.services.telephony.TelecomAccountRegistry$AccountEntry.registerPstnPhoneAccount(TelecomAccountRegistry.java:167)
D/Error   (  764): 	at com.android.services.telephony.TelecomAccountRegistry$AccountEntry.<init>(TelecomAccountRegistry.java:74)
D/Error   (  764): 	at com.android.services.telephony.TelecomAccountRegistry.setupAccounts(TelecomAccountRegistry.java:308)
D/Error   (  764): 	at com.android.services.telephony.TelecomAccountRegistry.access$600(TelecomAccountRegistry.java:49)
D/Error   (  764): 	at com.android.services.telephony.TelecomAccountRegistry$1.onReceive(TelecomAccountRegistry.java:199)
D/Error   (  764): 	at android.app.LoadedApk$ReceiverDispatcher$Args.run(LoadedApk.java:861)
D/Error   (  764): 	at android.os.Handler.handleCallback(Handler.java:739)
D/Error   (  764): 	at android.os.Handler.dispatchMessage(Handler.java:95)
D/Error   (  764): 	at android.os.Looper.loop(Looper.java:135)
D/Error   (  764): 	at android.app.ActivityThread.main(ActivityThread.java:5223)
D/Error   (  764): 	at java.lang.reflect.Method.invoke(Native Method)
D/Error   (  764): 	at java.lang.reflect.Method.invoke(Method.java:372)
D/Error   (  764): 	at com.android.internal.os.ZygoteInit$MethodAndArgsCaller.run(ZygoteInit.java:898)
D/Error   (  764): 	at com.android.internal.os.ZygoteInit.main(ZygoteInit.java:693)
D/Error   (  764): # via Binder call with stack:
D/Error   (  764): android.os.StrictMode$LogStackTrace
D/Error   (  764): 	at android.os.StrictMode.readAndHandleBinderCallViolations(StrictMode.java:1717)
D/Error   (  764): 	at android.os.Parcel.readExceptionCode(Parcel.java:1521)
D/Error   (  764): 	at android.os.Parcel.readException(Parcel.java:1490)
D/Error   (  764): 	at com.android.internal.telephony.ISub$Stub$Proxy.getPhoneId(ISub.java:825)
D/Error   (  764): 	at android.telephony.SubscriptionManager.getPhoneId(SubscriptionManager.java:711)
D/Error   (  764): 	at com.android.server.TelephonyRegistry.notifyDataConnectionForSubscriber(TelephonyRegistry.java:815)
D/Error   (  764): 	at com.android.internal.telephony.ITelephonyRegistry$Stub.onTransact(ITelephonyRegistry.java:270)
D/Error   (  764): 	at android.os.Binder.transact(Binder.java:380)
D/Error   (  764): 	at com.qihoo360.mobilesafe.loadedmgr.b.n.a(SourceFile:276)
D/Error   (  764): 	at com.qihoo360.mobilesafe.loaded.SystemServerJar$FilterInstance.filterExecTransact(SourceFile:428)
D/Error   (  764): 	at com.qihoo360.mobilesafe.loadednative.NativeManager.execTransact(SourceFile:291)
D/Error   (  764): # via Binder call with stack:
D/Error   (  764): android.os.StrictMode$LogStackTrace
D/Error   (  764): 	at android.os.StrictMode.readAndHandleBinderCallViolations(StrictMode.java:1717)
D/Error   (  764): 	at android.os.Parcel.readExceptionCode(Parcel.java:1521)
D/Error   (  764): 	at android.os.Parcel.readException(Parcel.java:1490)
D/Error   (  764): 	at com.android.internal.telephony.ITelephonyRegistry$Stub$Proxy.notifyDataConnectionForSubscriber(ITelephony
D/Error   (  764): ERR: TOTAL BYTES WRITTEN: 22064
D/StrictMode(  764): Wrote violation #3 of 5: 22104 bytes
D/Error   (  764): ERR: exClass=android.os.StrictMode$StrictModeDiskReadViolation
D/Error   (  764): ERR: exMsg=policy=903 violation=2
D/Error   (  764): ERR: file=StrictMode.java
D/Error   (  764): ERR: class=android.os.StrictMode$AndroidBlockGuardPolicy
D/Error   (  764): ERR: method=onReadFromDisk line=1137
D/Error   (  764): ERR: stack=android.os.StrictMode$StrictModeDiskReadViolation: policy=903 violation=2
D/Error   (  764): 	at android.os.StrictMode$AndroidBlockGuardPolicy.onReadFromDisk(StrictMode.java:1137)
D/Error   (  764): 	at libcore.io.BlockGuardOs.fstat(BlockGuardOs.java:132)
D/Error   (  764): 	at libcore.io.IoBridge.open(IoBridge.java:445)
D/Error   (  764): 	at java.io.FileOutputStream.<init>(FileOutputStream.java:87)
D/Error   (  764): 	at java.io.FileOutputStream.<init>(FileOutputStream.java:72)
D/Error   (  764): 	at android.util.AtomicFile.startWrite(AtomicFile.java:102)
D/Error   (  764): 	at com.android.server.telecom.PhoneAccountRegistrar.write(PhoneAccountRegistrar.java:593)
D/Error   (  764): 	at com.android.server.telecom.PhoneAccountRegistrar.addOrReplacePhoneAccount(PhoneAccountRegistrar.java:438)
D/Error   (  764): 	at com.android.server.telecom.PhoneAccountRegistrar.registerPhoneAccount(PhoneAccountRegistrar.java:418)
D/Error   (  764): 	at com.android.server.telecom.TelecomServiceImpl.registerPhoneAccount(TelecomServiceImpl.java:305)
D/Error   (  764): 	at com.android.internal.telecom.ITelecomService$Stub.onTransact(ITelecomService.java:222)
D/Error   (  764): 	at android.os.Binder.transact(Binder.java:380)
D/Error   (  764): 	at com.qihoo360.mobilesafe.loadedmgr.b.n.a(SourceFile:276)
D/Error   (  764): 	at com.qihoo360.mobilesafe.loaded.AppJar$FilterInstance.filterExecTransact(SourceFile:1397)
D/Error   (  764): 	at com.qihoo360.mobilesafe.loadednative.NativeManager.execTransact(SourceFile:291)
D/Error   (  764): # via Binder call with stack:
D/Error   (  764): android.os.StrictMode$LogStackTrace
D/Error   (  764): 	at android.os.StrictMode.readAndHandleBinderCallViolations(StrictMode.java:1717)
D/Error   (  764): 	at android.os.Parcel.readExceptionCode(Parcel.java:1521)
D/Error   (  764): 	at android.os.Parcel.readException(Parcel.java:1490)
D/Error   (  764): 	at com.android.internal.telecom.ITelecomService$Stub$Proxy.registerPhoneAccount(ITelecomService.java:754)
D/Error   (  764): 	at android.telecom.TelecomManager.registerPhoneAccount(TelecomManager.java:605)
D/Error   (  764): 	at com.android.services.telephony.TelecomAccountRegistry$AccountEntry.registerPstnPhoneAccount(TelecomAccountRegistry.java:167)
D/Error   (  764): 	at com.android.services.telephony.TelecomAccountRegistry$AccountEntry.<init>(TelecomAccountRegistry.java:74)
D/Error   (  764): 	at com.android.services.telephony.TelecomAccountRegistry.setupAccounts(TelecomAccountRegistry.java:308)
D/Error   (  764): 	at com.android.services.telephony.TelecomAccountRegistry.access$600(TelecomAccountRegistry.java:49)
D/Error   (  764): 	at com.android.services.telephony.TelecomAccountRegistry$1.onReceive(TelecomAccountRegistry.java:199)
D/Error   (  764): 	at android.app.LoadedApk$ReceiverDispatcher$Args.run(LoadedApk.java:861)
D/Error   (  764): 	at android.os.Handler.handleCallback(Handler.java:739)
D/Error   (  764): 	at android.os.Handler.dispatchMessage(Handler.java:95)
D/Error   (  764): 	at android.os.Looper.loop(Looper.java:135)
D/Error   (  764): 	at android.app.ActivityThread.main(ActivityThread.java:5223)
D/Error   (  764): 	at java.lang.reflect.Method.invoke(Native Method)
D/Error   (  764): 	at java.lang.reflect.Method.invoke(Method.java:372)
D/Error   (  764): 	at com.android.internal.os.ZygoteInit$MethodAndArgsCaller.run(ZygoteInit.java:898)
D/Error   (  764): 	at com.android.internal.os.ZygoteInit.main(ZygoteInit.java:693)
D/Error   (  764): # via Binder call with stack:
D/Error   (  764): android.os.StrictMode$LogStackTrace
D/Error   (  764): 	at android.os.StrictMode.readAndHandleBinderCallViolations(StrictMode.java:1717)
D/Error   (  764): 	at android.os.Parcel.readExceptionCode(Parcel.java:1521)
D/Error   (  764): 	at android.os.Parcel.readException(Parcel.java:1490)
D/Error   (  764): 	at com.android.internal.telephony.ISub$Stub$Proxy.getPhoneId(ISub.java:825)
D/Error   (  764): 	at android.telephony.SubscriptionManager.getPhoneId(SubscriptionManager.java:711)
D/Error   (  764): 	at com.android.server.TelephonyRegistry.notifyDataConnectionForSubscriber(TelephonyRegistry.java:815)
D/Error   (  764): 	at com.android.internal.telephony.ITelephonyRegistry$Stub.onTransact(ITelephonyRegistry.java:270)
D/Error   (  764): 	at android.os.Binder.transact(Binder.java:380)
D/Error   (  764): 	at com.qihoo360.mobilesafe.loadedmgr.b.n.a(SourceFile:276)
D/Error   (  764): 	at com.qihoo360.mobilesafe.loaded.SystemServerJar$FilterInstance.filterExecTransact(SourceFile:428)
D/Error   (  764): 	at com.qihoo360.mobilesafe.loadednative.NativeManager.execTransact(SourceFile:291)
D/Error   (  764): # via Binder call with stack:
D/Error   (  764): android.os.StrictMode$LogStackTrace
D/Error   (  764): 	at android.os.StrictMode.readAndHandleBinderCallViolations(StrictMode.java:1717)
D/Error   (  764): 	at android.os.Parcel.readExceptionCode(Parcel.java:1521)
D/Error   (  764): 	at android.os.Parcel.readException(Parcel.java:1490)
D/Error   (  764): 	at com.android.internal.telephony.ITelephonyRegistry$Stub$Proxy.notifyDataConnectionForSubscriber(ITelephon
D/Error   (  764): ERR: TOTAL BYTES WRITTEN: 22064
D/StrictMode(  764): Wrote violation #4 of 5: 22104 bytes
F/StrictMode( 1693): Stack is too large: numViolations=5 policy=#387 front=3)
F/StrictMode( 1693): 	at java.io.File.exists(File.java:363)
F/StrictMode( 1693): 	at android.util.AtomicFile.startWrite(AtomicFile.java:90)
F/StrictMode( 1693): 	at com.android.server.telecom.PhoneAccountRegistrar.write(PhoneAccountRegistrar.java:593)
F/StrictMode( 1693): 	at com.android.server.telecom.PhoneAccountRegistrar.addOrReplacePhoneAccount(PhoneAccountRegistrar.java:438)
F/StrictMode( 1693): 	at com.android.server.telecom.PhoneAccountRegistrar.registerPhoneAccount(PhoneAccountRegistrar.java:418)
F/StrictMode( 1693): 	at com.android.server.telecom.TelecomServiceImpl.registerPhoneAccount(TelecomServiceImpl.java:305)
F/StrictMode( 1693): 	at com.android.internal.telecom.ITelecomService$Stub.onTransact(ITelecomService.java:222)
F/StrictMode( 1693): 	at android.os.Binder.transact(Binder.java:380)
F/StrictMode( 1693): 	at com.qihoo360.mobilesafe.loadedmgr.b.n.a(SourceFile:276)
F/StrictMode( 1693): 	at com.qihoo360.mobilesafe.loaded.AppJar$FilterInstance.filterExecTransact(SourceFile:1397)
F/StrictMode( 1693): 	at com.qihoo360.mobilesafe.loadednative.NativeManager.execTransact(SourceFile:291)
F/StrictMode( 1693): # via Binder call with stack:
F/StrictMode( 1693): android.os.StrictMode$LogStackTrace
F/StrictMode( 1693): 	at android.os.StrictMode.readAndHandleBinderCallViolations(StrictMode.java:1717)
F/StrictMode( 1693): 	at android.os.Parcel.readExceptionCode(Parcel.java:1521)
F/StrictMode( 1693): 	at android.os.Parcel.readException(Parcel.java:1490)
F/StrictMode( 1693): 	at com.android.internal.telecom.ITelecomService$Stub$Proxy.registerPhoneAccount(ITelecomService.java:754)
F/StrictMode( 1693): 	at android.telecom.TelecomManager.registerPhoneAccount(TelecomManager.java:605)
F/StrictMode( 1693): 	at com.android.services.telephony.TelecomAccountRegistry$AccountEntry.registerPstnPhoneAccount(TelecomAccountRegistry.java:167)
F/StrictMode( 1693): 	at com.android.services.telephony.TelecomAccountRegistry$AccountEntry.<init>(TelecomAccountRegistry.java:74)
F/StrictMode( 1693): 	at com.android.services.telephony.TelecomAccountRegistry.setupAccounts(TelecomAccountRegistry.java:308)
F/StrictMode( 1693): 	at com.android.services.telephony.TelecomAccountRegistry.access$600(TelecomAccountRegistry.java:49)
F/StrictMode( 1693): 	at com.android.services.telephony.TelecomAccountRegistry$1.onReceive(TelecomAccountRegistry.java:199)
F/StrictMode( 1693): 	at android.app.LoadedApk$ReceiverDispatcher$Args.run(LoadedApk.java:861)
F/StrictMode( 1693): 	at android.os.Handler.handleCallback(Handler.java:739)
F/StrictMode( 1693): 	at android.os.Handler.dispatchMessage(Handler.java:95)
F/StrictMode( 1693): 	at android.os.Looper.loop(Looper.java:135)
F/StrictMode( 1693): 	at android.app.ActivityThread.main(ActivityThread.java:5223)
F/StrictMode( 1693): 	at java.lang.reflect.Method.invoke(Native Method)
F/StrictMode( 1693): 	at java.lang.reflect.Method.invoke(Method.java:372)
F/StrictMode( 1693): 	at com.android.internal.os.ZygoteInit$MethodAndArgsCaller.run(ZygoteInit.java:898)
F/StrictMode( 1693): 	at com.android.internal.os.ZygoteInit.main(ZygoteInit.java:693)
F/StrictMode( 1693): # via Binder call with stack:
F/StrictMode( 1693): android.os.StrictMode$LogStackTrace
F/StrictMode( 1693): 	at android.os.StrictMode.readAndHandleBinderCallViolations(StrictMode.java:1717)
F/StrictMode( 1693): 	at android.os.Parcel.readExceptionCode(Parcel.java:1521)
F/StrictMode( 1693): 	at android.os.Parcel.readException(Parcel.java:1490)
F/StrictMode( 1693): 	at com.android.internal.telephony.ISub$Stub$Proxy.getPhoneId(ISub.java:825)
F/StrictMode( 1693): 	at android.telephony.SubscriptionManager.getPhoneId(SubscriptionManager.java:711)
F/StrictMode( 1693): 	at com.android.server.TelephonyRegistry.notifyDataConnectionForSubscriber(TelephonyRegistry.java:815)
F/StrictMode( 1693): 	at com.android.internal.telephony.ITelephonyRegistry$Stub.onTransact(ITelephonyRegistry.java:270)
F/StrictMode( 1693): 	at android.os.Binder.transact(Binder.java:380)
F/StrictMode( 1693): 	at com.qihoo360.mobilesafe.loadedmgr.b.n.a(SourceFile:276)
F/StrictMode( 1693): 	at com.qihoo360.mobilesafe.loaded.SystemServerJar$FilterInstance.filterExecTransact(SourceFile:428)
F/StrictMode( 1693): 	at com.qihoo360.mobilesafe.loadednative.NativeManager.execTransact(SourceFile:291)
F/StrictMode( 1693): # via Binder call with stack:
F/StrictMode( 1693): android.os.StrictMode$LogStackTrace
F/StrictMode( 1693): 	at android.os.StrictMode.readAndHandleBinderCallViolations(StrictMode.java:1717)
F/StrictMode( 1693): 	at android.os.Parcel.readExceptionCode(Parcel.java:1521)
F/StrictMode( 1693): 	at android.os.Parcel.readException(Parcel.java:1490)
F/StrictMode( 1693): 	at com.android.internal.telephony.ITelephonyRegistry$Stub$Proxy.notifyDataConnectionForSubscriber(ITelephonyRegistry.java:732)
F/StrictMode( 1693): 	at com.android.internal.telephony.DefaultPhoneNotifier.doNotifyDataConnection(DefaultPhoneNotifier.java:180)
F/StrictMode( 1693): 	at com.android.internal.telephony.DefaultPhoneNotifier.notifyDataConnection(DefaultPhoneNotifier.java:154)
F/StrictMode( 1693): 	at com.android.internal.telephony.PhoneBase.notifyDataConnecti
D/Error   ( 1693): ERR: exClass=android.util.Log$TerribleFailure
D/Error   ( 1693): ERR: exMsg=Stack is too large: numViolations=5 policy=#387 front=3)
D/Error   ( 1693): 	at java.io.File.exists(File.java:363)
D/Error   ( 1693): 	at android.util.AtomicFile.startWrite(AtomicFile.java:90)
D/Error   ( 1693): 	at com.android.server.telecom.PhoneAccountRegistrar.write(PhoneAccountRegistrar.java:593)
D/Error   ( 1693): 	at com.android.server.telecom.PhoneAccountRegistrar.addOrReplacePhoneAccount(PhoneAccountRegistrar.java:438)
D/Error   ( 1693): 	at com.android.server.telecom.PhoneAccountRegistrar.registerPhoneAccount(PhoneAccountRegistrar.java:418)
D/Error   ( 1693): 	at com.android.server.telecom.TelecomServiceImpl.registerPhoneAccount(TelecomServiceImpl.java:305)
D/Error   ( 1693): 	at com.android.internal.telecom.ITelecomService$Stub.onTransact(ITelecomService.java:222)
D/Error   ( 1693): 	at android.os.Binder.transact(Binder.java:380)
D/Error   ( 1693): 	at com.qihoo360.mobilesafe.loadedmgr.b.n.a(SourceFile:276)
D/Error   ( 1693): 	at com.qihoo360.mobilesafe.loaded.AppJar$FilterInstance.filterExecTransact(SourceFile:1397)
D/Error   ( 1693): 	at com.qihoo360.mobilesafe.loadednative.NativeManager.execTransact(SourceFile:291)
D/Error   ( 1693): # via Binder call with stack:
D/Error   ( 1693): android.os.StrictMode$LogStackTrace
D/Error   ( 1693): 	at android.os.StrictMode.readAndHandleBinderCallViolations(StrictMode.java:1717)
D/Error   ( 1693): 	at android.os.Parcel.readExceptionCode(Parcel.java:1521)
D/Error   ( 1693): 	at android.os.Parcel.readException(Parcel.java:1490)
D/Error   ( 1693): 	at com.android.internal.telecom.ITelecomService$Stub$Proxy.registerPhoneAccount(ITelecomService.java:754)
D/Error   ( 1693): 	at android.telecom.TelecomManager.registerPhoneAccount(TelecomManager.java:605)
D/Error   ( 1693): 	at com.android.services.telephony.TelecomAccountRegistry$AccountEntry.registerPstnPhoneAccount(TelecomAccountRegistry.java:167)
D/Error   ( 1693): 	at com.android.services.telephony.TelecomAccountRegistry$AccountEntry.<init>(TelecomAccountRegistry.java:74)
D/Error   ( 1693): 	at com.android.services.telephony.TelecomAccountRegistry.setupAccounts(TelecomAccountRegistry.java:308)
D/Error   ( 1693): 	at com.android.services.telephony.TelecomAccountRegistry.access$600(TelecomAccountRegistry.java:49)
D/Error   ( 1693): 	at com.android.services.telephony.TelecomAccountRegistry$1.onReceive(TelecomAccountRegistry.java:199)
D/Error   ( 1693): 	at android.app.LoadedApk$ReceiverDispatcher$Args.run(LoadedApk.java:861)
D/Error   ( 1693): 	at android.os.Handler.handleCallback(Handler.java:739)
D/Error   ( 1693): 	at android.os.Handler.dispatchMessage(Handler.java:95)
D/Error   ( 1693): 	at android.os.Looper.loop(Looper.java:135)
D/Error   ( 1693): 	at android.app.ActivityThread.main(ActivityThread.java:5223)
D/Error   ( 1693): 	at java.lang.reflect.Method.invoke(Native Method)
D/Error   ( 1693): 	at java.lang.reflect.Method.invoke(Method.java:372)
D/Error   ( 1693): 	at com.android.internal.os.ZygoteInit$MethodAndArgsCaller.run(ZygoteInit.java:898)
D/Error   ( 1693): 	at com.android.internal.os.ZygoteInit.main(ZygoteInit.java:693)
D/Error   ( 1693): # via Binder call with stack:
D/Error   ( 1693): android.os.StrictMode$LogStackTrace
D/Error   ( 1693): 	at android.os.StrictMode.readAndHandleBinderCallViolations(StrictMode.java:1717)
D/Error   ( 1693): 	at android.os.Parcel.readExceptionCode(Parcel.java:1521)
D/Error   ( 1693): 	at android.os.Parcel.readException(Parcel.java:1490)
D/Error   ( 1693): 	at com.android.internal.telephony.ISub$Stub$Proxy.getPhoneId(ISub.java:825)
D/Error   ( 1693): 	at android.telephony.SubscriptionManager.getPhoneId(SubscriptionManager.java:711)
D/Error   ( 1693): 	at com.android.server.TelephonyRegistry.notifyDataConnectionForSubscriber(TelephonyRegistry.java:815)
D/Error   ( 1693): 	at com.android.internal.telephony.ITelephonyRegistry$Stub.onTransact(ITelephonyRegistry.java:270)
D/Error   ( 1693): 	at android.os.Binder.transact(Binder.java:380)
D/Error   ( 1693): 	at com.qihoo360.mobilesafe.loadedmgr.b.n.a(SourceFile:276)
D/Error   ( 1693): 	at com.qihoo360.mobilesafe.loaded.SystemServerJar$FilterInstance.filterExecTransact(SourceFile:428)
D/Error   ( 1693): 	at com.qihoo360.mobilesafe.loadednative.NativeManager.execTransact(SourceFile:291)
D/Error   ( 1693): # via Binder call with stack:
D/Error   ( 1693): android.os.StrictMode$LogStackTrace
D/Error   ( 1693): 	at android.os.StrictMode.readAndHandleBinderCallViolations(StrictMode.java:1717)
D/Error   ( 1693): 	at android.os.Parcel.readExceptionCode(Parcel.java:1521)
D/Error   ( 1693): 	at android.os.Parcel.readException(Parcel.java:1490)
D/Error   ( 1693): 	at com.android.internal.telephony.ITelephonyRegistry$Stub$Proxy.notifyDataConnectionForSubscriber(ITelephonyRegistry.java:732)
D/Error   ( 1693): 	at com.android.internal.telephony.DefaultPhoneNotifier.doNotifyDataConnection(DefaultPhoneNotifier.java:180)
D/Error   ( 1693): 	at com.android.internal.telephony.DefaultPhoneNotifier.notifyDataConnection(DefaultPhoneNotifier.java:154)
D/Error   ( 1693): 	at com.android.internal.telephony.PhoneBase.notifyDataCo
D/Error   ( 1693): ERR: file=Log.java
D/Error   ( 1693): ERR: class=android.util.Log
D/Error   ( 1693): ERR: method=wtf line=291
D/Error   ( 1693): ERR: stack=android.util.Log$TerribleFailure: Stack is too large: numViolations=5 policy=#387 front=3)
D/Error   ( 1693): 	at java.io.File.exists(File.java:363)
D/Error   ( 1693): 	at android.util.AtomicFile.startWrite(AtomicFile.java:90)
D/Error   ( 1693): 	at com.android.server.telecom.PhoneAccountRegistrar.write(PhoneAccountRegistrar.java:593)
D/Error   ( 1693): 	at com.android.server.telecom.PhoneAccountRegistrar.addOrReplacePhoneAccount(PhoneAccountRegistrar.java:438)
D/Error   ( 1693): 	at com.android.server.telecom.PhoneAccountRegistrar.registerPhoneAccount(PhoneAccountRegistrar.java:418)
D/Error   ( 1693): 	at com.android.server.telecom.TelecomServiceImpl.registerPhoneAccount(TelecomServiceImpl.java:305)
D/Error   ( 1693): 	at com.android.internal.telecom.ITelecomService$Stub.onTransact(ITelecomService.java:222)
D/Error   ( 1693): 	at android.os.Binder.transact(Binder.java:380)
D/Error   ( 1693): 	at com.qihoo360.mobilesafe.loadedmgr.b.n.a(SourceFile:276)
D/Error   ( 1693): 	at com.qihoo360.mobilesafe.loaded.AppJar$FilterInstance.filterExecTransact(SourceFile:1397)
D/Error   ( 1693): 	at com.qihoo360.mobilesafe.loadednative.NativeManager.execTransact(SourceFile:291)
D/Error   ( 1693): # via Binder call with stack:
D/Error   ( 1693): android.os.StrictMode$LogStackTrace
D/Error   ( 1693): 	at android.os.StrictMode.readAndHandleBinderCallViolations(StrictMode.java:1717)
D/Error   ( 1693): 	at android.os.Parcel.readExceptionCode(Parcel.java:1521)
D/Error   ( 1693): 	at android.os.Parcel.readException(Parcel.java:1490)
D/Error   ( 1693): 	at com.android.internal.telecom.ITelecomService$Stub$Proxy.registerPhoneAccount(ITelecomService.java:754)
D/Error   ( 1693): 	at android.telecom.TelecomManager.registerPhoneAccount(TelecomManager.java:605)
D/Error   ( 1693): 	at com.android.services.telephony.TelecomAccountRegistry$AccountEntry.registerPstnPhoneAccount(TelecomAccountRegistry.java:167)
D/Error   ( 1693): 	at com.android.services.telephony.TelecomAccountRegistry$AccountEntry.<init>(TelecomAccountRegistry.java:74)
D/Error   ( 1693): 	at com.android.services.telephony.TelecomAccountRegistry.setupAccounts(TelecomAccountRegistry.java:308)
D/Error   ( 1693): 	at com.android.services.telephony.TelecomAccountRegistry.access$600(TelecomAccountRegistry.java:49)
D/Error   ( 1693): 	at com.android.services.telephony.TelecomAccountRegistry$1.onReceive(TelecomAccountRegistry.java:199)
D/Error   ( 1693): 	at android.app.LoadedApk$ReceiverDispatcher$Args.run(LoadedApk.java:861)
D/Error   ( 1693): 	at android.os.Handler.handleCallback(Handler.java:739)
D/Error   ( 1693): 	at android.os.Handler.dispatchMessage(Handler.java:95)
D/Error   ( 1693): 	at android.os.Looper.loop(Looper.java:135)
D/Error   ( 1693): 	at android.app.ActivityThread.main(ActivityThread.java:5223)
D/Error   ( 1693): 	at java.lang.reflect.Method.invoke(Native Method)
D/Error   ( 1693): 	at java.lang.reflect.Method.invoke(Method.java:372)
D/Error   ( 1693): 	at com.android.internal.os.ZygoteInit$MethodAndArgsCaller.run(ZygoteInit.java:898)
D/Error   ( 1693): 	at com.android.internal.os.ZygoteInit.main(ZygoteInit.java:693)
D/Error   ( 1693): # via Binder call with stack:
D/Error   ( 1693): android.os.StrictMode$LogStackTrace
D/Error   ( 1693): 	at android.os.StrictMode.readAndHandleBinderCallViolations(StrictMode.java:1717)
D/Error   ( 1693): 	at android.os.Parcel.readExceptionCode(Parcel.java:1521)
D/Error   ( 1693): 	at android.os.Parcel.readException(Parcel.java:1490)
D/Error   ( 1693): 	at com.android.internal.telephony.ISub$Stub$Proxy.getPhoneId(ISub.java:825)
D/Error   ( 1693): 	at android.telephony.SubscriptionManager.getPhoneId(SubscriptionManager.java:711)
D/Error   ( 1693): 	at com.android.server.TelephonyRegistry.notifyDataConnectionForSubscriber(TelephonyRegistry.java:815)
D/Error   ( 1693): 	at com.android.internal.telephony.ITelephonyRegistry$Stub.onTransact(ITelephonyRegistry.java:270)
D/Error   ( 1693): 	at android.os.Binder.transact(Binder.java:380)
D/Error   ( 1693): 	at com.qihoo360.mobilesafe.loadedmgr.b.n.a(SourceFile:276)
D/Error   ( 1693): 	at com.qihoo360.mobilesafe.loaded.SystemServerJar$FilterInstance.filterExecTransact(SourceFile:428)
D/Error   ( 1693): 	at com.qihoo360.mobilesafe.loadednative.NativeManager.execTransact(SourceFile:291)
D/Error   ( 1693): # via Binder call with stack:
D/Error   ( 1693): android.os.StrictMode$LogStackTrace
D/Error   ( 1693): 	at android.os.StrictMode.readAndHandleBinderCallViolations(StrictMode.java:1717)
D/Error   ( 1693): 	at android.os.Parcel.readExceptionCode(Parcel.java:1521)
D/Error   ( 1693): 	at android.os.Parcel.readException(Parcel.java:1490)
D/Error   ( 1693): 	at com.android.internal.telephony.ITelephonyRegistry$Stub$Proxy.notifyDataConnectionForSubscriber(ITelephonyRegistry.java:732)
D/Error   ( 1693): 	at com.android.internal.telephony.DefaultPhoneNotifier.doNotifyDataConnection(DefaultPhoneNotifier.java:180)
D/Error   ( 1693): 	at com.android.internal.telephony.DefaultPhoneNotifier.notifyDataConnection(DefaultPhoneNotifier.java:154)
D/Error   ( 1693): 	at com.android.interna
D/Error   ( 1693): ERR: TOTAL BYTES WRITTEN: 45404
D/OpenGLRenderer(  764): endAllStagingAnimators on 0x9a805f80 (RippleDrawable) with handle 0x9dfe6910
D/PhoneApp( 1693): mReceiver: ACTION_ANY_DATA_CONNECTION_STATE_CHANGED
D/PhoneApp( 1693): - state: DISCONNECTED
D/PhoneApp( 1693): - reason: dataDetached
D/PhoneApp( 1693): mReceiver: ACTION_ANY_DATA_CONNECTION_STATE_CHANGED
D/PhoneApp( 1693): - state: DISCONNECTED
D/PhoneApp( 1693): getPhone phoneId:0
D/PhoneApp( 1693): - reason: dataDetached
D/PhoneApp( 1693): mReceiver: ACTION_ANY_DATA_CONNECTION_STATE_CHANGED
D/PhoneApp( 1693): - state: DISCONNECTED
D/PhoneApp( 1693): - reason: dataDetached
D/PhoneApp( 1693): mReceiver: ACTION_ANY_DATA_CONNECTION_STATE_CHANGED
D/PhoneApp( 1693): - state: DISCONNECTED
D/PhoneApp( 1693): - reason: dataDetached
D/PhoneApp( 1693): getPhone phoneId:0
D/PhoneApp( 1693): mReceiver: ACTION_ANY_DATA_CONNECTION_STATE_CHANGED
D/PhoneApp( 1693): - state: DISCONNECTED
D/PhoneApp( 1693): - reason: dataDetached
D/PhoneApp( 1693): mReceiver: ACTION_ANY_DATA_CONNECTION_STATE_CHANGED
D/PhoneApp( 1693): - state: DISCONNECTED
D/PhoneApp( 1693): - reason: dataDetached
D/PhoneApp( 1693): mReceiver: ACTION_ANY_DATA_CONNECTION_STATE_CHANGED
D/PhoneApp( 1693): - state: DISCONNECTED
D/PhoneApp( 1693): - reason: dataDetached
D/PhoneApp( 1693): mReceiver: ACTION_ANY_DATA_CONNECTION_STATE_CHANGED
D/PhoneApp( 1693): - state: DISCONNECTED
D/PhoneApp( 1693): - reason: dataDetached
D/PhoneApp( 1693): mReceiver: ACTION_ANY_DATA_CONNECTION_STATE_CHANGED
D/PhoneApp( 1693): - state: DISCONNECTED
D/PhoneApp( 1693): - reason: dataDetached
D/KeyguardUpdateMonitor( 1094): ACTION_SERVICE_STATE_CHANGED on sub: 1 showSpn:true showPlmn:true mServiceState: 0 0 home CMCC CMCC 46000  LTE LTE CSS not supported -1 -1 RoamInd=-1 DefRoamInd=-1 EmergOnly=false
D/PhoneApp( 1693): mReceiver: ACTION_ANY_DATA_CONNECTION_STATE_CHANGED
D/PhoneApp( 1693): - state: DISCONNECTED
D/PhoneApp( 1693): - reason: roamingOff
D/PhoneApp( 1693): mReceiver: ACTION_ANY_DATA_CONNECTION_STATE_CHANGED
D/PhoneApp( 1693): - state: DISCONNECTED
D/PhoneApp( 1693): - reason: roamingOff
D/PhoneApp( 1693): mReceiver: ACTION_ANY_DATA_CONNECTION_STATE_CHANGED
D/PhoneApp( 1693): - state: DISCONNECTED
D/PhoneApp( 1693): - reason: roamingOff
D/PhoneApp( 1693): mReceiver: ACTION_ANY_DATA_CONNECTION_STATE_CHANGED
D/PhoneApp( 1693): - state: DISCONNECTED
D/PhoneApp( 1693): - reason: roamingOff
D/PhoneApp( 1693): mReceiver: ACTION_ANY_DATA_CONNECTION_STATE_CHANGED
D/PhoneApp( 1693): - state: DISCONNECTED
D/PhoneApp( 1693): - reason: roamingOff
D/PhoneApp( 1693): mReceiver: ACTION_ANY_DATA_CONNECTION_STATE_CHANGED
D/PhoneApp( 1693): - state: DISCONNECTED
D/PhoneApp( 1693): - reason: roamingOff
D/PhoneApp( 1693): mReceiver: ACTION_ANY_DATA_CONNECTION_STATE_CHANGED
D/PhoneApp( 1693): - state: DISCONNECTED
D/PhoneApp( 1693): - reason: roamingOff
D/PhoneApp( 1693): mReceiver: ACTION_ANY_DATA_CONNECTION_STATE_CHANGED
D/PhoneApp( 1693): - state: DISCONNECTED
D/PhoneApp( 1693): - reason: roamingOff
D/PhoneApp( 1693): mReceiver: ACTION_ANY_DATA_CONNECTION_STATE_CHANGED
D/PhoneApp( 1693): - state: DISCONNECTED
D/PhoneApp( 1693): - reason: roamingOff
D/NotificationMgr( 1693): hideDataDisconnectedRoaming()...
D/NotificationMgr( 1693): hideDataDisconnectedRoaming()...
D/NotificationMgr( 1693): hideDataDisconnectedRoaming()...
D/NotificationMgr( 1693): hideDataDisconnectedRoaming()...
D/NotificationMgr( 1693): hideDataDisconnectedRoaming()...
D/NotificationMgr( 1693): hideDataDisconnectedRoaming()...
D/NotificationMgr( 1693): hideDataDisconnectedRoaming()...
D/NotificationMgr( 1693): hideDataDisconnectedRoaming()...
D/NotificationMgr( 1693): hideDataDisconnectedRoaming()...
D/NotificationMgr( 1693): hideDataDisconnectedRoaming()...
D/NotificationMgr( 1693): hideDataDisconnectedRoaming()...
D/NotificationMgr( 1693): hideDataDisconnectedRoaming()...
D/NotificationMgr( 1693): hideDataDisconnectedRoaming()...
D/NotificationMgr( 1693): hideDataDisconnectedRoaming()...
D/NotificationMgr( 1693): hideDataDisconnectedRoaming()...
D/NotificationMgr( 1693): hideDataDisconnectedRoaming()...
D/NotificationMgr( 1693): hideDataDisconnectedRoaming()...
D/NotificationMgr( 1693): hideDataDisconnectedRoaming()...
D/CallNotifier( 1693): onMwiChanged(): false phoneId = 0
D/NotificationMgr( 1693): updateMwi(): false phoneId = 0
D/CallNotifier( 1693): onCfiChanged(): false
D/NotificationMgr( 1693): updateCfi(): false phoneId = 0
I/Telephony( 1693): PstnIncomingCallNotifier: Unregistering: Handler (com.android.internal.telephony.gsm.GSMPhone) {e9b542a}
D/Telephony( 1693): PstnPhoneCapabilitiesNotifier: Unregistering: Handler (com.android.internal.telephony.gsm.GSMPhone) {e9b542a}
D/Telephony( 1693): TelecomAccountRegistry: Found 1 phones.  Attempting to register.
D/Telephony( 1693): TelecomAccountRegistry: Phone with subscription id 1
D/PhoneApp( 1693): getPhone phoneId:0
W/MediaScanner( 1114): Error opening directory '/oem/media/', skipping: No such file or directory.
V/Mms     ( 2762): mnc/mcc: 46002
V/Mms     ( 2762): tag: bool value: enabledMMS - true
V/Mms     ( 2762): tag: int value: maxMessageSize - 307200
V/Mms     ( 2762): tag: int value: maxImageHeight - 480
V/Mms     ( 2762): tag: int value: maxImageWidth - 640
V/Mms     ( 2762): tag: int value: defaultSMSMessagesPerThread - 10000
V/Mms     ( 2762): tag: int value: defaultMMSMessagesPerThread - 1000
V/Mms     ( 2762): tag: int value: minMessageCountPerThread - 10
V/Mms     ( 2762): tag: int value: maxMessageCountPerThread - 5000
V/Mms     ( 2762): tag: string value: uaProfUrl - http://www.google.com/oha/rdf/ua-profile-kila.xml
V/Mms     ( 2762): tag: int value: recipientLimit - -1
V/Mms     ( 2762): tag: bool value: enableMultipartSMS - true
V/Mms     ( 2762): tag: int value: smsToMmsTextThreshold - -1
V/Mms     ( 2762): tag: bool value: enableSlideDuration - true
V/Mms     ( 2762): tag: int value: maxMessageTextSize - -1
I/ContactPhotoManager( 2762): Cache adj: 1.0
E/ContactPhotoManager( 2762): No contact photo service in context: com.android.mms.MmsApp@2f71d098
D/Telephony( 1693): AccountEntry: Registered phoneAccount: android.telecom.PhoneAccount@19d51bb6 with handle: ComponentInfo{com.android.phone/com.android.services.telephony.TelephonyConnectionService}, 1
I/Telephony( 1693): PstnIncomingCallNotifier: Registering: Handler (com.android.internal.telephony.gsm.GSMPhone) {e9b542a}
I/ActivityManager(  764): Start proc com.android.dialer for service com.android.dialer/.calllog.CallLogNotificationsService: pid=2831 uid=10006 gids={50006, 9997, 3003, 1028, 1015} abi=armeabi-v7a
D/Telephony( 1693): PstnPhoneCapabilitiesNotifier: Registering: Handler (com.android.internal.telephony.gsm.GSMPhone) {e9b542a}
D/TelephonyProvider( 1693): subIdString = 1 subId = 1
I/ActivityManager(  764): Delay finish: com.android.mms/.transaction.SmsReceiver
D/PhoneApp( 1693): getPhone phoneId:0
E/QC-QMI  (  237): qmi_wds_read_umts_common_profile_tlvs: ignoring unknown TLV type=3d
D/PhoneApp( 1693): getPhone phoneId:0
D/PhoneApp( 1693): getPhone phoneId:0
D/PhoneApp( 1693): getPhone phoneId:0
D/PhoneApp( 1693): getPhone phoneId:0
D/PhoneApp( 1693): getPhone phoneId:0
E/SQLiteLog( 1693): (1) no such column: type
E/MmsProvider( 1693): returning NULL cursor, query: content://mms/inbox
E/MmsProvider( 1693): android.database.sqlite.SQLiteException: no such column: type (code 1): , while compiling: SELECT * FROM pdu WHERE (msg_box=1) AND ((read=0 and type=1)) ORDER BY date DESC
E/MmsProvider( 1693): 	at android.database.sqlite.SQLiteConnection.nativePrepareStatement(Native Method)
E/MmsProvider( 1693): 	at android.database.sqlite.SQLiteConnection.acquirePreparedStatement(SQLiteConnection.java:891)
E/MmsProvider( 1693): 	at android.database.sqlite.SQLiteConnection.prepare(SQLiteConnection.java:502)
E/MmsProvider( 1693): 	at android.database.sqlite.SQLiteSession.prepare(SQLiteSession.java:588)
E/MmsProvider( 1693): 	at android.database.sqlite.SQLiteProgram.<init>(SQLiteProgram.java:58)
E/MmsProvider( 1693): 	at android.database.sqlite.SQLiteQuery.<init>(SQLiteQuery.java:37)
E/MmsProvider( 1693): 	at android.database.sqlite.SQLiteDirectCursorDriver.query(SQLiteDirectCursorDriver.java:44)
E/MmsProvider( 1693): 	at android.database.sqlite.SQLiteDatabase.rawQueryWithFactory(SQLiteDatabase.java:1316)
E/MmsProvider( 1693): 	at android.database.sqlite.SQLiteQueryBuilder.query(SQLiteQueryBuilder.java:400)
E/MmsProvider( 1693): 	at android.database.sqlite.SQLiteQueryBuilder.query(SQLiteQueryBuilder.java:294)
E/MmsProvider( 1693): 	at com.android.providers.telephony.MmsProvider.query(MmsProvider.java:212)
E/MmsProvider( 1693): 	at android.content.ContentProvider.query(ContentProvider.java:978)
E/MmsProvider( 1693): 	at android.content.ContentProvider$Transport.query(ContentProvider.java:213)
E/MmsProvider( 1693): 	at android.content.ContentProviderNative.onTransact(ContentProviderNative.java:112)
E/MmsProvider( 1693): 	at android.os.Binder.transact(Binder.java:380)
E/MmsProvider( 1693): 	at com.qihoo360.mobilesafe.loadedmgr.b.n.a(SourceFile:276)
E/MmsProvider( 1693): 	at com.qihoo360.mobilesafe.loaded.AppJar$FilterInstance.filterExecTransact(SourceFile:1397)
E/MmsProvider( 1693): 	at com.qihoo360.mobilesafe.loadednative.NativeManager.execTransact(SourceFile:291)
D/PhoneApp( 1693): getPhone phoneId:0
D/PhoneApp( 1693): getPhone phoneId:0
D/PhoneApp( 1693): getPhone phoneId:0
D/PhoneApp( 1693): getPhone phoneId:0
D/PhoneApp( 1693): getPhone phoneId:0
D/PhoneApp( 1693): getPhone phoneId:0
D/PhoneApp( 1693): getPhone phoneId:0
D/PhoneApp( 1693): getPhone phoneId:0
D/PhoneApp( 1693): getPhone phoneId:0
D/PhoneApp( 1693): getPhone phoneId:0
D/PhoneApp( 1693): getPhone phoneId:0
D/PhoneApp( 1693): getPhone phoneId:0
D/PhoneApp( 1693): getPhone phoneId:0
D/PhoneApp( 1693): getPhone phoneId:0
D/PhoneApp( 1693): getPhone phoneId:0
D/PhoneApp( 1693): getPhone phoneId:0
D/PhoneApp( 1693): getPhone phoneId:0
D/PhoneApp( 1693): getPhone phoneId:0
D/PhoneApp( 1693): getPhone phoneId:0
D/PhoneApp( 1693): getPhone phoneId:0
D/PhoneApp( 1693): getPhone phoneId:0
D/PhoneApp( 1693): getPhone phoneId:0
D/StrictMode( 1693): Wrote violation #0 of 5: 13024 bytes
D/StrictMode( 1693): Wrote violation #1 of 5: 13024 bytes
D/StrictMode( 1693): Wrote violation #2 of 5: 12736 bytes
D/StrictMode( 1693): Wrote violation #3 of 5: 12932 bytes
D/StrictMode( 1693): Wrote violation #4 of 5: 12928 bytes
D/StrictMode(  764): Wrote violation #0 of 5: 14852 bytes
D/StrictMode(  764): Wrote violation #1 of 5: 14852 bytes
D/StrictMode(  764): Wrote violation #2 of 5: 14564 bytes
D/StrictMode(  764): Wrote violation #3 of 5: 14760 bytes
D/StrictMode(  764): Wrote violation #4 of 5: 14760 bytes
I/ActivityManager(  764): Delaying start of: ServiceRecord{1cdc6491 u0 com.eico.weico/.service.CopyRawThemeFile}
D/PhoneApp( 1693): getPhone phoneId:0
D/PhoneApp( 1693): getPhone phoneId:0
D/StickerStore.java( 2728): [updateDataFromServer]sticker
I/ActivityManager(  764): Delaying start of: ServiceRecord{9a12ff6 u0 com.sohu.inputmethod.sogou/sogou.mobile.explorer.hotwords.apppopup.NotifyPackageService}
D/PhoneApp( 1693): getPhone phoneId:0
D/PhoneApp( 1693): getPhone phoneId:0
D/PhoneApp( 1693): getPhone phoneId:0
D/PhoneApp( 1693): getPhone phoneId:0
D/PhoneApp( 1693): getPhone phoneId:0
D/PhoneApp( 1693): getPhone phoneId:0
D/PhoneApp( 1693): getPhone phoneId:0
D/PhoneApp( 1693): getPhone phoneId:0
W/ActivityManager(  764): getTasks: caller 10096 does not hold GET_TASKS; limiting output
W/ActivityManager(  764): getTasks: caller 10096 does not hold GET_TASKS; limiting output
D/NotificationMgr( 1693): hideDataDisconnectedRoaming()...
D/NotificationMgr( 1693): hideDataDisconnectedRoaming()...
D/NotificationMgr( 1693): hideDataDisconnectedRoaming()...
D/NotificationMgr( 1693): hideDataDisconnectedRoaming()...
D/NotificationMgr( 1693): hideDataDisconnectedRoaming()...
D/NotificationMgr( 1693): hideDataDisconnectedRoaming()...
D/NotificationMgr( 1693): hideDataDisconnectedRoaming()...
D/NotificationMgr( 1693): hideDataDisconnectedRoaming()...
D/NotificationMgr( 1693): hideDataDisconnectedRoaming()...
D/PhoneApp( 1693): getPhone phoneId:0
D/MmsSmsDatabaseHelper( 1693): [MmsSmsDb] tableName: threads hasAutoIncrement: CREATE TABLE threads (_id INTEGER PRIMARY KEY AUTOINCREMENT,date INTEGER DEFAULT 0,message_count INTEGER DEFAULT 0,recipient_ids TEXT,snippet TEXT,snippet_cs INTEGER DEFAULT 0,read INTEGER DEFAULT 1,archived INTEGER DEFAULT 0,type INTEGER DEFAULT 0,error INTEGER DEFAULT 0,has_attachment INTEGER DEFAULT 0) result: true
D/DcSwitchState( 1693): [DcSwitchState-0] IdleState: REQ_CONNECT/EVENT_CONNECT(278528) type=default
D/DcSwitchState( 1693): [DcSwitchState-0] Setting default DDS on 1 primary Sub featurefalse
D/MmsSmsDatabaseHelper( 1693): [MmsSmsDb] tableName: canonical_addresses hasAutoIncrement: CREATE TABLE canonical_addresses (_id INTEGER PRIMARY KEY AUTOINCREMENT,address TEXT) result: true
D/DcSwitchState( 1693): [DcSwitchState-0] DcSwitchState:setupConnection type = default
D/DcSwitchAsyncChannel( 1693): [DcSwitchAsyncChannel-0]: rspConnect=1
D/PhoneApp( 1693): getPhone phoneId:0
D/NotificationMgr( 1693): updateNetworkSelection()...state = 0 new network 
D/NotificationMgr( 1693): hideDataDisconnectedRoaming()...
D/MmsSmsDatabaseHelper( 1693): [MmsSmsDb] tableName: part hasAutoIncrement: CREATE TABLE part (_id INTEGER PRIMARY KEY AUTOINCREMENT,mid INTEGER,seq INTEGER DEFAULT 0,ct TEXT,name TEXT,chset INTEGER,cd TEXT,fn TEXT,cid TEXT,cl TEXT,ctt_s INTEGER,ctt_t TEXT,_data TEXT,text TEXT) result: true
D/NotificationMgr( 1693): hideDataDisconnectedRoaming()...
D/NotificationMgr( 1693): hideDataDisconnectedRoaming()...
D/MmsSmsDatabaseHelper( 1693): [MmsSmsDb] tableName: pdu hasAutoIncrement: CREATE TABLE pdu (_id INTEGER PRIMARY KEY AUTOINCREMENT,thread_id INTEGER,date INTEGER,date_sent INTEGER DEFAULT 0,msg_box INTEGER,read INTEGER DEFAULT 0,m_id TEXT,sub TEXT,sub_cs INTEGER,ct_t TEXT,ct_l TEXT,exp INTEGER,m_cls TEXT,m_type INTEGER,v INTEGER,m_size INTEGER,pri INTEGER,rr INTEGER,rpt_a INTEGER,resp_st INTEGER,st INTEGER,tr_id TEXT,retr_st INTEGER,retr_txt TEXT,retr_txt_cs INTEGER,read_status INTEGER,ct_cls INTEGER,resp_txt TEXT,d_tm INTEGER,d_rpt INTEGER,locked INTEGER DEFAULT 0,phone_id INTEGER DEFAULT -1, seen INTEGER DEFAULT 0,creator TEXT,text_only INTEGER DEFAULT 0) result: true
D/MmsSmsDatabaseHelper( 1693): [getWritableDatabase] hasAutoIncrementThreads: true hasAutoIncrementAddresses: true hasAutoIncrementPart: true hasAutoIncrementPdu: true
D/NotificationMgr( 1693): hideDataDisconnectedRoaming()...
D/NotificationMgr( 1693): hideDataDisconnectedRoaming()...
D/NotificationMgr( 1693): hideDataDisconnectedRoaming()...
D/NotificationMgr( 1693): hideDataDisconnectedRoaming()...
D/NotificationMgr( 1693): hideDataDisconnectedRoaming()...
D/NotificationMgr( 1693): hideDataDisconnectedRoaming()...
D/Telephony( 1693): PstnPhoneCapabilitiesNotifier: handleVideoCapabilitesChanged. Video capability - false
D/PhoneApp( 1693): getPhone phoneId:0
D/StrictMode( 1693): Wrote violation #0 of 5: 17692 bytes
D/StrictMode( 1693): Wrote violation #1 of 5: 17692 bytes
D/StrictMode( 1693): Wrote violation #2 of 5: 17404 bytes
D/StrictMode( 1693): Wrote violation #3 of 5: 17600 bytes
D/StrictMode( 1693): Wrote violation #4 of 5: 17596 bytes
D/StrictMode(  764): Wrote violation #0 of 5: 19520 bytes
D/StrictMode(  764): Wrote violation #1 of 5: 19520 bytes
D/StrictMode(  764): Wrote violation #2 of 5: 19232 bytes
D/StrictMode(  764): Wrote violation #3 of 5: 19428 bytes
D/StrictMode(  764): Wrote violation #4 of 5: 19428 bytes
D/PhoneApp( 1693): getPhone phoneId:0
D/PhoneApp( 1693): getPhone phoneId:0
D/Mms     ( 2762): Cursor= >>>>> Dumping cursor android.content.ContentResolver$CursorWrapperInner@3e9d8fe0
D/Mms     ( 2762): <<<<<
D/PhoneApp( 1693): getPhone phoneId:0
D/Mms     ( 2762): cancelNotification
D/PhoneApp( 1693): getPhone phoneId:0
D/PhoneApp( 1693): getPhone phoneId:0
D/PhoneApp( 1693): getPhone phoneId:0
D/PhoneApp( 1693): getPhone phoneId:0
D/PhoneApp( 1693): getPhone phoneId:0
D/PhoneApp( 1693): getPhone phoneId:0
D/Mms     ( 2762): Cursor= >>>>> Dumping cursor android.content.ContentResolver$CursorWrapperInner@122cb299
D/Mms     ( 2762): <<<<<
D/TelephonyProvider( 1693): subIdString = 1 subId = 1
D/PhoneApp( 1693): mReceiver: ACTION_ANY_DATA_CONNECTION_STATE_CHANGED
D/PhoneApp( 1693): - state: DISCONNECTED
D/PhoneApp( 1693): - reason: nwTypeChanged
D/PhoneApp( 1693): mReceiver: ACTION_ANY_DATA_CONNECTION_STATE_CHANGED
D/PhoneApp( 1693): - state: DISCONNECTED
D/PhoneApp( 1693): - reason: nwTypeChanged
D/PhoneApp( 1693): mReceiver: ACTION_ANY_DATA_CONNECTION_STATE_CHANGED
D/PhoneApp( 1693): - state: DISCONNECTED
D/PhoneApp( 1693): - reason: nwTypeChanged
D/PhoneApp( 1693): mReceiver: ACTION_ANY_DATA_CONNECTION_STATE_CHANGED
D/PhoneApp( 1693): - state: DISCONNECTED
D/PhoneApp( 1693): - reason: nwTypeChanged
D/PhoneApp( 1693): mReceiver: ACTION_ANY_DATA_CONNECTION_STATE_CHANGED
D/PhoneApp( 1693): - state: DISCONNECTED
D/PhoneApp( 1693): - reason: nwTypeChanged
D/PhoneApp( 1693): mReceiver: ACTION_ANY_DATA_CONNECTION_STATE_CHANGED
D/PhoneApp( 1693): - state: DISCONNECTED
D/PhoneApp( 1693): - reason: nwTypeChanged
D/PhoneApp( 1693): mReceiver: ACTION_ANY_DATA_CONNECTION_STATE_CHANGED
D/PhoneApp( 1693): - state: DISCONNECTED
D/PhoneApp( 1693): - reason: nwTypeChanged
D/PhoneApp( 1693): mReceiver: ACTION_ANY_DATA_CONNECTION_STATE_CHANGED
D/PhoneApp( 1693): - state: DISCONNECTED
D/PhoneApp( 1693): - reason: nwTypeChanged
D/PhoneApp( 1693): mReceiver: ACTION_ANY_DATA_CONNECTION_STATE_CHANGED
D/PhoneApp( 1693): - state: DISCONNECTED
D/PhoneApp( 1693): - reason: nwTypeChanged
D/PhoneApp( 1693): mReceiver: ACTION_ANY_DATA_CONNECTION_STATE_CHANGED
D/PhoneApp( 1693): - state: DISCONNECTED
D/PhoneApp( 1693): - reason: dataAttached
D/PhoneApp( 1693): mReceiver: ACTION_ANY_DATA_CONNECTION_STATE_CHANGED
D/PhoneApp( 1693): - state: DISCONNECTED
D/PhoneApp( 1693): - reason: dataAttached
D/PhoneApp( 1693): mReceiver: ACTION_ANY_DATA_CONNECTION_STATE_CHANGED
D/PhoneApp( 1693): - state: DISCONNECTED
D/PhoneApp( 1693): - reason: dataAttached
D/PhoneApp( 1693): mReceiver: ACTION_ANY_DATA_CONNECTION_STATE_CHANGED
D/PhoneApp( 1693): - state: DISCONNECTED
D/PhoneApp( 1693): - reason: dataAttached
D/PhoneApp( 1693): mReceiver: ACTION_ANY_DATA_CONNECTION_STATE_CHANGED
D/PhoneApp( 1693): - state: DISCONNECTED
D/PhoneApp( 1693): - reason: dataAttached
E/QC-QMI  (  237): qmi_wds_read_umts_common_profile_tlvs: ignoring unknown TLV type=3d
D/PhoneApp( 1693): mReceiver: ACTION_ANY_DATA_CONNECTION_STATE_CHANGED
D/PhoneApp( 1693): - state: DISCONNECTED
D/PhoneApp( 1693): - reason: dataAttached
D/PhoneApp( 1693): mReceiver: ACTION_ANY_DATA_CONNECTION_STATE_CHANGED
D/PhoneApp( 1693): - state: DISCONNECTED
D/PhoneApp( 1693): - reason: dataAttached
D/PhoneApp( 1693): mReceiver: ACTION_ANY_DATA_CONNECTION_STATE_CHANGED
D/PhoneApp( 1693): - state: DISCONNECTED
D/PhoneApp( 1693): - reason: dataAttached
D/PhoneApp( 1693): mReceiver: ACTION_ANY_DATA_CONNECTION_STATE_CHANGED
D/PhoneApp( 1693): - state: DISCONNECTED
D/PhoneApp( 1693): - reason: dataAttached
D/PhoneApp( 1693): mReceiver: ACTION_ANY_DATA_CONNECTION_STATE_CHANGED
D/PhoneApp( 1693): - state: DISCONNECTED
D/PhoneApp( 1693): - reason: dataAttached
D/PhoneApp( 1693): mReceiver: ACTION_ANY_DATA_CONNECTION_STATE_CHANGED
D/PhoneApp( 1693): - state: DISCONNECTED
D/PhoneApp( 1693): - reason: dataAttached
D/PhoneApp( 1693): mReceiver: ACTION_ANY_DATA_CONNECTION_STATE_CHANGED
D/PhoneApp( 1693): - state: DISCONNECTED
D/PhoneApp( 1693): - reason: dataAttached
D/PhoneApp( 1693): mReceiver: ACTION_ANY_DATA_CONNECTION_STATE_CHANGED
D/PhoneApp( 1693): - state: DISCONNECTED
D/PhoneApp( 1693): - reason: dataAttached
D/PhoneApp( 1693): mReceiver: ACTION_ANY_DATA_CONNECTION_STATE_CHANGED
D/PhoneApp( 1693): - state: DISCONNECTED
D/PhoneApp( 1693): - reason: dataAttached
D/PhoneApp( 1693): mReceiver: ACTION_ANY_DATA_CONNECTION_STATE_CHANGED
D/PhoneApp( 1693): - state: DISCONNECTED
D/PhoneApp( 1693): - reason: dataAttached
D/PhoneApp( 1693): mReceiver: ACTION_ANY_DATA_CONNECTION_STATE_CHANGED
D/PhoneApp( 1693): - state: DISCONNECTED
D/PhoneApp( 1693): - reason: dataAttached
D/PhoneApp( 1693): mReceiver: ACTION_ANY_DATA_CONNECTION_STATE_CHANGED
D/PhoneApp( 1693): - state: DISCONNECTED
D/PhoneApp( 1693): - reason: dataAttached
D/PhoneApp( 1693): mReceiver: ACTION_ANY_DATA_CONNECTION_STATE_CHANGED
D/PhoneApp( 1693): - state: DISCONNECTED
D/PhoneApp( 1693): - reason: dataAttached
D/PhoneApp( 1693): mReceiver: ACTION_ANY_DATA_CONNECTION_STATE_CHANGED
D/PhoneApp( 1693): - state: DISCONNECTED
D/PhoneApp( 1693): - reason: dataAttached
D/PhoneApp( 1693): mReceiver: ACTION_ANY_DATA_CONNECTION_STATE_CHANGED
D/PhoneApp( 1693): - state: DISCONNECTED
D/PhoneApp( 1693): - reason: dataAttached
D/PhoneApp( 1693): mReceiver: ACTION_ANY_DATA_CONNECTION_STATE_CHANGED
D/PhoneApp( 1693): - state: DISCONNECTED
D/PhoneApp( 1693): - reason: dataAttached
D/PhoneApp( 1693): mReceiver: ACTION_ANY_DATA_CONNECTION_STATE_CHANGED
D/PhoneApp( 1693): - state: DISCONNECTED
D/PhoneApp( 1693): - reason: dataAttached
D/PhoneApp( 1693): mReceiver: ACTION_ANY_DATA_CONNECTION_STATE_CHANGED
D/PhoneApp( 1693): - state: DISCONNECTED
D/PhoneApp( 1693): - reason: dataAttached
D/PhoneApp( 1693): mReceiver: ACTION_ANY_DATA_CONNECTION_STATE_CHANGED
D/PhoneApp( 1693): - state: DISCONNECTED
D/PhoneApp( 1693): - reason: dataAttached
D/PhoneApp( 1693): mReceiver: ACTION_ANY_DATA_CONNECTION_STATE_CHANGED
D/PhoneApp( 1693): - state: DISCONNECTED
D/PhoneApp( 1693): - reason: dataAttached
D/PhoneApp( 1693): mReceiver: ACTION_ANY_DATA_CONNECTION_STATE_CHANGED
D/PhoneApp( 1693): - state: DISCONNECTED
D/PhoneApp( 1693): - reason: dataAttached
D/PhoneApp( 1693): mReceiver: ACTION_ANY_DATA_CONNECTION_STATE_CHANGED
D/PhoneApp( 1693): - state: DISCONNECTED
D/PhoneApp( 1693): - reason: dataAttached
I/ActivityManager(  764): Resuming delayed broadcast
D/PhoneApp( 1693): mReceiver: ACTION_ANY_DATA_CONNECTION_STATE_CHANGED
D/PhoneApp( 1693): - state: DISCONNECTED
D/PhoneApp( 1693): - reason: simLoaded
D/PhoneApp( 1693): mReceiver: ACTION_ANY_DATA_CONNECTION_STATE_CHANGED
D/PhoneApp( 1693): - state: DISCONNECTED
D/PhoneApp( 1693): - reason: simLoaded
D/PhoneApp( 1693): mReceiver: ACTION_ANY_DATA_CONNECTION_STATE_CHANGED
D/PhoneApp( 1693): - state: DISCONNECTED
D/PhoneApp( 1693): - reason: simLoaded
D/PhoneApp( 1693): mReceiver: ACTION_ANY_DATA_CONNECTION_STATE_CHANGED
D/PhoneApp( 1693): - state: DISCONNECTED
D/PhoneApp( 1693): - reason: simLoaded
D/PhoneApp( 1693): mReceiver: ACTION_ANY_DATA_CONNECTION_STATE_CHANGED
D/PhoneApp( 1693): - state: DISCONNECTED
D/PhoneApp( 1693): - reason: simLoaded
D/PhoneApp( 1693): mReceiver: ACTION_ANY_DATA_CONNECTION_STATE_CHANGED
D/PhoneApp( 1693): - state: DISCONNECTED
D/PhoneApp( 1693): - reason: simLoaded
D/PhoneApp( 1693): mReceiver: ACTION_ANY_DATA_CONNECTION_STATE_CHANGED
D/PhoneApp( 1693): - state: DISCONNECTED
D/PhoneApp( 1693): - reason: simLoaded
D/PhoneApp( 1693): mReceiver: ACTION_ANY_DATA_CONNECTION_STATE_CHANGED
D/PhoneApp( 1693): - state: DISCONNECTED
D/PhoneApp( 1693): - reason: simLoaded
D/PhoneApp( 1693): mReceiver: ACTION_ANY_DATA_CONNECTION_STATE_CHANGED
D/PhoneApp( 1693): - state: DISCONNECTED
D/PhoneApp( 1693): - reason: simLoaded
D/NotificationMgr( 1693): hideDataDisconnectedRoaming()...
I/ActivityManager(  764): Start proc com.android.onetimeinitializer for broadcast com.android.onetimeinitializer/.OneTimeInitializerReceiver: pid=2882 uid=10010 gids={50010, 9997} abi=armeabi-v7a
D/NotificationMgr( 1693): hideDataDisconnectedRoaming()...
D/NotificationMgr( 1693): hideDataDisconnectedRoaming()...
D/NotificationMgr( 1693): hideDataDisconnectedRoaming()...
D/NotificationMgr( 1693): hideDataDisconnectedRoaming()...
D/NotificationMgr( 1693): hideDataDisconnectedRoaming()...
D/NotificationMgr( 1693): hideDataDisconnectedRoaming()...
D/NotificationMgr( 1693): hideDataDisconnectedRoaming()...
D/NotificationMgr( 1693): hideDataDisconnectedRoaming()...
D/NotificationMgr( 1693): hideDataDisconnectedRoaming()...
D/NotificationMgr( 1693): hideDataDisconnectedRoaming()...
D/NotificationMgr( 1693): hideDataDisconnectedRoaming()...
D/NotificationMgr( 1693): hideDataDisconnectedRoaming()...
D/NotificationMgr( 1693): hideDataDisconnectedRoaming()...
D/NotificationMgr( 1693): hideDataDisconnectedRoaming()...
D/NotificationMgr( 1693): hideDataDisconnectedRoaming()...
D/NotificationMgr( 1693): hideDataDisconnectedRoaming()...
D/NotificationMgr( 1693): hideDataDisconnectedRoaming()...
D/NotificationMgr( 1693): hideDataDisconnectedRoaming()...
D/NotificationMgr( 1693): hideDataDisconnectedRoaming()...
D/NotificationMgr( 1693): hideDataDisconnectedRoaming()...
D/NotificationMgr( 1693): hideDataDisconnectedRoaming()...
D/NotificationMgr( 1693): hideDataDisconnectedRoaming()...
D/NotificationMgr( 1693): hideDataDisconnectedRoaming()...
D/NotificationMgr( 1693): hideDataDisconnectedRoaming()...
D/NotificationMgr( 1693): hideDataDisconnectedRoaming()...
D/NotificationMgr( 1693): hideDataDisconnectedRoaming()...
D/NotificationMgr( 1693): hideDataDisconnectedRoaming()...
D/NotificationMgr( 1693): hideDataDisconnectedRoaming()...
D/NotificationMgr( 1693): hideDataDisconnectedRoaming()...
D/NotificationMgr( 1693): hideDataDisconnectedRoaming()...
D/NotificationMgr( 1693): hideDataDisconnectedRoaming()...
D/NotificationMgr( 1693): hideDataDisconnectedRoaming()...
